interactions:
- request:
    body: mail_host=example.com
    headers:
      accept-encoding: ['gzip, deflate']
      !!python/unicode content-type: [!!python/unicode application/x-www-form-urlencoded]
    method: !!python/unicode POST
    uri: http://localhost:9001/3.0/domains
  response:
    body: {string: !!python/unicode ''}
    headers:
      content-length: ['0']
      location: ['http://localhost:9001/3.0/domains/example.com']
    status: {code: 201, message: Created}
- request:
    body: null
    headers:
      accept-encoding: ['gzip, deflate']
    method: !!python/unicode GET
    uri: http://localhost:9001/3.0/domains/example.com
  response:
    body: {string: !!python/unicode '{"base_url": "http://example.com", "description":
        null, "http_etag": "\"e736411818ff1815ca83575e0958c38c5188f0a4\"", "mail_host":
        "example.com", "self_link": "http://localhost:9001/3.0/domains/example.com",
        "url_host": "example.com"}'}
    headers:
      content-length: ['233']
      content-type: [application/json; charset=utf-8]
    status: {code: 200, message: OK}
- request:
    body: fqdn_listname=foo%40example.com
    headers:
      accept-encoding: ['gzip, deflate']
      !!python/unicode content-type: [!!python/unicode application/x-www-form-urlencoded]
    method: !!python/unicode POST
    uri: http://localhost:9001/3.0/lists
  response:
    body: {string: !!python/unicode ''}
    headers:
      content-length: ['0']
      location: ['http://localhost:9001/3.0/lists/foo.example.com']
    status: {code: 201, message: Created}
- request:
    body: null
    headers:
      accept-encoding: ['gzip, deflate']
    method: !!python/unicode GET
    uri: http://localhost:9001/3.0/lists/foo.example.com
  response:
    body: {string: !!python/unicode '{"display_name": "Foo", "fqdn_listname": "foo@example.com",
        "http_etag": "\"698a819bbb6b902096a8c5543cc7fac2328960d5\"", "list_id": "foo.example.com",
        "list_name": "foo", "mail_host": "example.com", "member_count": 0, "self_link":
        "http://localhost:9001/3.0/lists/foo.example.com", "volume": 1}'}
    headers:
      content-length: ['294']
      content-type: [application/json; charset=utf-8]
    status: {code: 200, message: OK}
- request:
    body: list_id=foo.example.com&role=owner&subscriber=owner%40example.com
    headers:
      accept-encoding: ['gzip, deflate']
      !!python/unicode content-type: [!!python/unicode application/x-www-form-urlencoded]
    method: !!python/unicode POST
    uri: http://localhost:9001/3.0/members
  response:
    body: {string: !!python/unicode ''}
    headers:
      content-length: ['0']
      location: ['http://localhost:9001/3.0/members/9']
    status: {code: 201, message: Created}
- request:
    body: list_id=foo.example.com&role=moderator&subscriber=moderator%40example.com
    headers:
      accept-encoding: ['gzip, deflate']
      !!python/unicode content-type: [!!python/unicode application/x-www-form-urlencoded]
    method: !!python/unicode POST
    uri: http://localhost:9001/3.0/members
  response:
    body: {string: !!python/unicode ''}
    headers:
      content-length: ['0']
      location: ['http://localhost:9001/3.0/members/10']
    status: {code: 201, message: Created}
- request:
    body: null
    headers:
      accept-encoding: ['gzip, deflate']
    method: !!python/unicode GET
    uri: http://localhost:9001/3.0/users/moderator@example.com
  response:
    body: {string: !!python/unicode '{"created_on": "2005-08-01T07:49:23", "http_etag":
        "\"4c816726023bb1daf76d48e82b250689df6a4694\"", "is_server_owner": false,
        "self_link": "http://localhost:9001/3.0/users/11", "user_id": 11}'}
    headers:
      content-length: ['190']
      content-type: [application/json; charset=utf-8]
    status: {code: 200, message: OK}
- request:
    body: null
    headers:
      accept-encoding: ['gzip, deflate']
    method: !!python/unicode GET
    uri: http://localhost:9001/3.0/users/11/addresses
  response:
    body: {string: !!python/unicode '{"entries": [{"email": "moderator@example.com",
        "http_etag": "\"d1e57418dc20a4afd98efb490632b094680ab958\"", "original_email":
        "moderator@example.com", "registered_on": "2005-08-01T07:49:23", "self_link":
        "http://localhost:9001/3.0/addresses/moderator@example.com", "user": "http://localhost:9001/3.0/users/11"}],
        "http_etag": "\"dd4cc658c98ed34e5420d37e6ecb5293f5b3182c\"", "start": 0, "total_size":
        1}'}
    headers:
      content-length: ['403']
      content-type: [application/json; charset=utf-8]
    status: {code: 200, message: OK}
- request:
    body: null
    headers:
      accept-encoding: ['gzip, deflate']
    method: !!python/unicode GET
    uri: http://localhost:9001/3.0/lists/foo@example.com
  response:
    body: {string: !!python/unicode '{"display_name": "Foo", "fqdn_listname": "foo@example.com",
        "http_etag": "\"698a819bbb6b902096a8c5543cc7fac2328960d5\"", "list_id": "foo.example.com",
        "list_name": "foo", "mail_host": "example.com", "member_count": 0, "self_link":
        "http://localhost:9001/3.0/lists/foo.example.com", "volume": 1}'}
    headers:
      content-length: ['294']
      content-type: [application/json; charset=utf-8]
    status: {code: 200, message: OK}
- request:
    body: null
    headers:
      accept-encoding: ['gzip, deflate']
    method: !!python/unicode GET
    uri: http://localhost:9001/3.0/lists/foo.example.com/roster/owner
  response:
    body: {string: !!python/unicode '{"entries": [{"address": "http://localhost:9001/3.0/addresses/owner@example.com",
        "delivery_mode": "regular", "email": "owner@example.com", "http_etag": "\"8f61e5905b5af26c1959dc0aadbe9dcdbfadd3f0\"",
        "list_id": "foo.example.com", "member_id": 9, "moderation_action": "accept",
        "role": "owner", "self_link": "http://localhost:9001/3.0/members/9", "user":
        "http://localhost:9001/3.0/users/10"}], "http_etag": "\"3b6b0d93a464b25e8e0a9bd7fb45aa122af53cb1\"",
        "start": 0, "total_size": 1}'}
    headers:
      content-length: ['484']
      content-type: [application/json; charset=utf-8]
    status: {code: 200, message: OK}
- request:
    body: null
    headers:
      accept-encoding: ['gzip, deflate']
    method: !!python/unicode GET
    uri: http://localhost:9001/3.0/lists/foo.example.com/roster/moderator
  response:
    body: {string: !!python/unicode '{"entries": [{"address": "http://localhost:9001/3.0/addresses/moderator@example.com",
        "delivery_mode": "regular", "email": "moderator@example.com", "http_etag":
        "\"adb33af2350d789ed5b19ebb4a97660dc9fdc583\"", "list_id": "foo.example.com",
        "member_id": 10, "moderation_action": "accept", "role": "moderator", "self_link":
        "http://localhost:9001/3.0/members/10", "user": "http://localhost:9001/3.0/users/11"}],
        "http_etag": "\"e33a41f0881bff0f02b2dd36b3a0705daeb029bd\"", "start": 0, "total_size":
        1}'}
    headers:
      content-length: ['498']
      content-type: [application/json; charset=utf-8]
    status: {code: 200, message: OK}
- request:
    body: null
    headers:
      accept-encoding: ['gzip, deflate']
    method: !!python/unicode GET
    uri: http://localhost:9001/3.0/domains
  response:
    body: {string: !!python/unicode '{"entries": [{"base_url": "http://example.com",
        "description": null, "http_etag": "\"e736411818ff1815ca83575e0958c38c5188f0a4\"",
        "mail_host": "example.com", "self_link": "http://localhost:9001/3.0/domains/example.com",
        "url_host": "example.com"}], "http_etag": "\"c385b155f8da284bf78dbe075e20f58a30c893ab\"",
        "start": 0, "total_size": 1}'}
    headers:
      content-length: ['338']
      content-type: [application/json; charset=utf-8]
    status: {code: 200, message: OK}
- request:
    body: null
    headers:
      accept-encoding: ['gzip, deflate']
    method: !!python/unicode DELETE
    uri: http://localhost:9001/3.0/domains/example.com
  response:
    body: {string: !!python/unicode ''}
    headers:
      content-length: ['0']
    status: {code: 204, message: No Content}
- request:
    body: null
    headers:
      accept-encoding: ['gzip, deflate']
    method: !!python/unicode GET
    uri: http://localhost:9001/3.0/users
  response:
    body: {string: !!python/unicode '{"entries": [{"created_on": "2005-08-01T07:49:23",
        "http_etag": "\"b774d488fd2356b7bedf0e6fa4a26dc70dc2b02b\"", "is_server_owner":
        false, "self_link": "http://localhost:9001/3.0/users/6", "user_id": 6}, {"created_on":
        "2005-08-01T07:49:23", "http_etag": "\"c7360c029a83c97672ca38dd8b008d48e05949a6\"",
        "is_server_owner": false, "self_link": "http://localhost:9001/3.0/users/7",
        "user_id": 7}, {"created_on": "2005-08-01T07:49:23", "http_etag": "\"9f85bec9adf1f795257120c028ebcd42df491bcb\"",
        "is_server_owner": false, "self_link": "http://localhost:9001/3.0/users/8",
        "user_id": 8}, {"created_on": "2005-08-01T07:49:23", "http_etag": "\"d3653a82ed2e228300cde355e9d15020657bfb86\"",
        "is_server_owner": false, "self_link": "http://localhost:9001/3.0/users/9",
        "user_id": 9}, {"created_on": "2005-08-01T07:49:23", "http_etag": "\"40c88498622198c212181e9ff106e60a3cba46ed\"",
        "is_server_owner": false, "self_link": "http://localhost:9001/3.0/users/10",
        "user_id": 10}, {"created_on": "2005-08-01T07:49:23", "http_etag": "\"4c816726023bb1daf76d48e82b250689df6a4694\"",
        "is_server_owner": false, "self_link": "http://localhost:9001/3.0/users/11",
        "user_id": 11}], "http_etag": "\"2abdef20ace1d413b61a954e137ec56264226b6a\"",
        "start": 0, "total_size": 6}'}
    headers:
      content-length: ['1247']
      content-type: [application/json; charset=utf-8]
    status: {code: 200, message: OK}
- request:
    body: null
    headers:
      accept-encoding: ['gzip, deflate']
    method: !!python/unicode DELETE
    uri: http://localhost:9001/3.0/users/10
  response:
    body: {string: !!python/unicode ''}
    headers:
      content-length: ['0']
    status: {code: 204, message: No Content}
- request:
    body: null
    headers:
      accept-encoding: ['gzip, deflate']
    method: !!python/unicode DELETE
    uri: http://localhost:9001/3.0/users/11
  response:
    body: {string: !!python/unicode ''}
    headers:
      content-length: ['0']
    status: {code: 204, message: No Content}
- request:
    body: null
    headers:
      accept-encoding: ['gzip, deflate']
    method: !!python/unicode DELETE
    uri: http://localhost:9001/3.0/users/6
  response:
    body: {string: !!python/unicode ''}
    headers:
      content-length: ['0']
    status: {code: 204, message: No Content}
- request:
    body: null
    headers:
      accept-encoding: ['gzip, deflate']
    method: !!python/unicode DELETE
    uri: http://localhost:9001/3.0/users/7
  response:
    body: {string: !!python/unicode ''}
    headers:
      content-length: ['0']
    status: {code: 204, message: No Content}
- request:
    body: null
    headers:
      accept-encoding: ['gzip, deflate']
    method: !!python/unicode DELETE
    uri: http://localhost:9001/3.0/users/8
  response:
    body: {string: !!python/unicode ''}
    headers:
      content-length: ['0']
    status: {code: 204, message: No Content}
- request:
    body: null
    headers:
      accept-encoding: ['gzip, deflate']
    method: !!python/unicode DELETE
    uri: http://localhost:9001/3.0/users/9
  response:
    body: {string: !!python/unicode ''}
    headers:
      content-length: ['0']
    status: {code: 204, message: No Content}
version: 1
