interactions:
- request:
    body: mail_host=example.com
    headers:
      accept-encoding: ['gzip, deflate']
      content-type: [application/x-www-form-urlencoded]
    method: POST
    uri: http://localhost:9001/3.0/domains
  response:
    body: {string: ''}
    headers:
      content-length: ['0']
      content-type: [application/json; charset=UTF-8]
      location: ['http://localhost:9001/3.0/domains/example.com']
    status: {code: 201, message: Created}
- request:
    body: null
    headers:
      accept-encoding: ['gzip, deflate']
    method: GET
    uri: http://localhost:9001/3.0/domains/example.com
  response:
    body: {string: '{"description": null, "http_etag": "\"d150abd34fabbcef42a2c654bfac81aa04ea4d6f\"",
        "mail_host": "example.com", "self_link": "http://localhost:9001/3.0/domains/example.com"}'}
    headers:
      content-length: ['172']
      content-type: [application/json; charset=UTF-8]
    status: {code: 200, message: OK}
- request:
    body: fqdn_listname=foo%40example.com
    headers:
      accept-encoding: ['gzip, deflate']
      content-type: [application/x-www-form-urlencoded]
    method: POST
    uri: http://localhost:9001/3.0/lists
  response:
    body: {string: ''}
    headers:
      content-length: ['0']
      content-type: [application/json; charset=UTF-8]
      location: ['http://localhost:9001/3.0/lists/foo.example.com']
    status: {code: 201, message: Created}
- request:
    body: null
    headers:
      accept-encoding: ['gzip, deflate']
    method: GET
    uri: http://localhost:9001/3.0/lists/foo.example.com
  response:
    body: {string: '{"display_name": "Foo", "fqdn_listname": "foo@example.com", "http_etag":
        "\"698a819bbb6b902096a8c5543cc7fac2328960d5\"", "list_id": "foo.example.com",
        "list_name": "foo", "mail_host": "example.com", "member_count": 0, "self_link":
        "http://localhost:9001/3.0/lists/foo.example.com", "volume": 1}'}
    headers:
      content-length: ['294']
      content-type: [application/json; charset=UTF-8]
    status: {code: 200, message: OK}
- request:
    body: list_id=foo.example.com&role=owner&subscriber=owner%40example.com
    headers:
      accept-encoding: ['gzip, deflate']
      content-type: [application/x-www-form-urlencoded]
    method: POST
    uri: http://localhost:9001/3.0/members
  response:
    body: {string: ''}
    headers:
      content-length: ['0']
      content-type: [application/json; charset=UTF-8]
      location: ['http://localhost:9001/3.0/members/128']
    status: {code: 201, message: Created}
- request:
    body: list_id=foo.example.com&role=moderator&subscriber=moderator%40example.com
    headers:
      accept-encoding: ['gzip, deflate']
      content-type: [application/x-www-form-urlencoded]
    method: POST
    uri: http://localhost:9001/3.0/members
  response:
    body: {string: ''}
    headers:
      content-length: ['0']
      content-type: [application/json; charset=UTF-8]
      location: ['http://localhost:9001/3.0/members/129']
    status: {code: 201, message: Created}
- request:
    body: display_name=None&list_id=foo.example.com&pre_approved=True&pre_confirmed=True&pre_verified=True&subscriber=test-0%40example.com
    headers:
      accept-encoding: ['gzip, deflate']
      content-type: [application/x-www-form-urlencoded]
    method: POST
    uri: http://localhost:9001/3.0/members
  response:
    body: {string: ''}
    headers:
      content-length: ['0']
      content-type: [application/json; charset=UTF-8]
      location: ['http://localhost:9001/3.0/members/130']
    status: {code: 201, message: Created}
- request:
    body: display_name=None&list_id=foo.example.com&pre_approved=True&pre_confirmed=True&pre_verified=True&subscriber=test-1%40example.com
    headers:
      accept-encoding: ['gzip, deflate']
      content-type: [application/x-www-form-urlencoded]
    method: POST
    uri: http://localhost:9001/3.0/members
  response:
    body: {string: ''}
    headers:
      content-length: ['0']
      content-type: [application/json; charset=UTF-8]
      location: ['http://localhost:9001/3.0/members/131']
    status: {code: 201, message: Created}
- request:
    body: display_name=None&list_id=foo.example.com&pre_approved=True&pre_confirmed=True&pre_verified=True&subscriber=test-2%40example.com
    headers:
      accept-encoding: ['gzip, deflate']
      content-type: [application/x-www-form-urlencoded]
    method: POST
    uri: http://localhost:9001/3.0/members
  response:
    body: {string: ''}
    headers:
      content-length: ['0']
      content-type: [application/json; charset=UTF-8]
      location: ['http://localhost:9001/3.0/members/132']
    status: {code: 201, message: Created}
- request:
    body: display_name=None&list_id=foo.example.com&pre_approved=True&pre_confirmed=True&pre_verified=True&subscriber=test-3%40example.com
    headers:
      accept-encoding: ['gzip, deflate']
      content-type: [application/x-www-form-urlencoded]
    method: POST
    uri: http://localhost:9001/3.0/members
  response:
    body: {string: ''}
    headers:
      content-length: ['0']
      content-type: [application/json; charset=UTF-8]
      location: ['http://localhost:9001/3.0/members/133']
    status: {code: 201, message: Created}
- request:
    body: display_name=None&list_id=foo.example.com&pre_approved=True&pre_confirmed=True&pre_verified=True&subscriber=test-4%40example.com
    headers:
      accept-encoding: ['gzip, deflate']
      content-type: [application/x-www-form-urlencoded]
    method: POST
    uri: http://localhost:9001/3.0/members
  response:
    body: {string: ''}
    headers:
      content-length: ['0']
      content-type: [application/json; charset=UTF-8]
      location: ['http://localhost:9001/3.0/members/134']
    status: {code: 201, message: Created}
- request:
    body: display_name=None&list_id=foo.example.com&pre_approved=True&pre_confirmed=True&pre_verified=True&subscriber=test-5%40example.com
    headers:
      accept-encoding: ['gzip, deflate']
      content-type: [application/x-www-form-urlencoded]
    method: POST
    uri: http://localhost:9001/3.0/members
  response:
    body: {string: ''}
    headers:
      content-length: ['0']
      content-type: [application/json; charset=UTF-8]
      location: ['http://localhost:9001/3.0/members/135']
    status: {code: 201, message: Created}
- request:
    body: display_name=None&list_id=foo.example.com&pre_approved=True&pre_confirmed=True&pre_verified=True&subscriber=test-6%40example.com
    headers:
      accept-encoding: ['gzip, deflate']
      content-type: [application/x-www-form-urlencoded]
    method: POST
    uri: http://localhost:9001/3.0/members
  response:
    body: {string: ''}
    headers:
      content-length: ['0']
      content-type: [application/json; charset=UTF-8]
      location: ['http://localhost:9001/3.0/members/136']
    status: {code: 201, message: Created}
- request:
    body: display_name=None&list_id=foo.example.com&pre_approved=True&pre_confirmed=True&pre_verified=True&subscriber=test-7%40example.com
    headers:
      accept-encoding: ['gzip, deflate']
      content-type: [application/x-www-form-urlencoded]
    method: POST
    uri: http://localhost:9001/3.0/members
  response:
    body: {string: ''}
    headers:
      content-length: ['0']
      content-type: [application/json; charset=UTF-8]
      location: ['http://localhost:9001/3.0/members/137']
    status: {code: 201, message: Created}
- request:
    body: display_name=None&list_id=foo.example.com&pre_approved=True&pre_confirmed=True&pre_verified=True&subscriber=test-8%40example.com
    headers:
      accept-encoding: ['gzip, deflate']
      content-type: [application/x-www-form-urlencoded]
    method: POST
    uri: http://localhost:9001/3.0/members
  response:
    body: {string: ''}
    headers:
      content-length: ['0']
      content-type: [application/json; charset=UTF-8]
      location: ['http://localhost:9001/3.0/members/138']
    status: {code: 201, message: Created}
- request:
    body: display_name=None&list_id=foo.example.com&pre_approved=True&pre_confirmed=True&pre_verified=True&subscriber=test-9%40example.com
    headers:
      accept-encoding: ['gzip, deflate']
      content-type: [application/x-www-form-urlencoded]
    method: POST
    uri: http://localhost:9001/3.0/members
  response:
    body: {string: ''}
    headers:
      content-length: ['0']
      content-type: [application/json; charset=UTF-8]
      location: ['http://localhost:9001/3.0/members/139']
    status: {code: 201, message: Created}
- request:
    body: null
    headers:
      accept-encoding: ['gzip, deflate']
    method: GET
    uri: http://localhost:9001/3.0/lists/foo@example.com/roster/member
  response:
    body: {string: '{"entries": [{"address": "http://localhost:9001/3.0/addresses/test-0@example.com",
        "delivery_mode": "regular", "email": "test-0@example.com", "http_etag": "\"1377eaf34899450002bf8ce265aee558a2d9b0cf\"",
        "list_id": "foo.example.com", "member_id": 130, "role": "member", "self_link":
        "http://localhost:9001/3.0/members/130", "user": "http://localhost:9001/3.0/users/118"},
        {"address": "http://localhost:9001/3.0/addresses/test-1@example.com", "delivery_mode":
        "regular", "email": "test-1@example.com", "http_etag": "\"a45b018d676dd39c5d93e8cb8849c4dc2209af98\"",
        "list_id": "foo.example.com", "member_id": 131, "role": "member", "self_link":
        "http://localhost:9001/3.0/members/131", "user": "http://localhost:9001/3.0/users/119"},
        {"address": "http://localhost:9001/3.0/addresses/test-2@example.com", "delivery_mode":
        "regular", "email": "test-2@example.com", "http_etag": "\"3500472ab83351c14655c37721d59642635b5909\"",
        "list_id": "foo.example.com", "member_id": 132, "role": "member", "self_link":
        "http://localhost:9001/3.0/members/132", "user": "http://localhost:9001/3.0/users/120"},
        {"address": "http://localhost:9001/3.0/addresses/test-3@example.com", "delivery_mode":
        "regular", "email": "test-3@example.com", "http_etag": "\"f0664d69773226e1e0847542d45e905d2b5c40be\"",
        "list_id": "foo.example.com", "member_id": 133, "role": "member", "self_link":
        "http://localhost:9001/3.0/members/133", "user": "http://localhost:9001/3.0/users/121"},
        {"address": "http://localhost:9001/3.0/addresses/test-4@example.com", "delivery_mode":
        "regular", "email": "test-4@example.com", "http_etag": "\"48a726efa88e9e62d5009cfc0a01e1e3acc4a455\"",
        "list_id": "foo.example.com", "member_id": 134, "role": "member", "self_link":
        "http://localhost:9001/3.0/members/134", "user": "http://localhost:9001/3.0/users/122"},
        {"address": "http://localhost:9001/3.0/addresses/test-5@example.com", "delivery_mode":
        "regular", "email": "test-5@example.com", "http_etag": "\"930ef1297627bc86854c7c7aff659b92fd1d1283\"",
        "list_id": "foo.example.com", "member_id": 135, "role": "member", "self_link":
        "http://localhost:9001/3.0/members/135", "user": "http://localhost:9001/3.0/users/123"},
        {"address": "http://localhost:9001/3.0/addresses/test-6@example.com", "delivery_mode":
        "regular", "email": "test-6@example.com", "http_etag": "\"65402d830be625eda82da7dcd46e7758e76eeb37\"",
        "list_id": "foo.example.com", "member_id": 136, "role": "member", "self_link":
        "http://localhost:9001/3.0/members/136", "user": "http://localhost:9001/3.0/users/124"},
        {"address": "http://localhost:9001/3.0/addresses/test-7@example.com", "delivery_mode":
        "regular", "email": "test-7@example.com", "http_etag": "\"0262274b206c3db1a0a5d7bd57609744c894f03c\"",
        "list_id": "foo.example.com", "member_id": 137, "role": "member", "self_link":
        "http://localhost:9001/3.0/members/137", "user": "http://localhost:9001/3.0/users/125"},
        {"address": "http://localhost:9001/3.0/addresses/test-8@example.com", "delivery_mode":
        "regular", "email": "test-8@example.com", "http_etag": "\"cd508d7292dab807e7b86c62499c868f4d04a101\"",
        "list_id": "foo.example.com", "member_id": 138, "role": "member", "self_link":
        "http://localhost:9001/3.0/members/138", "user": "http://localhost:9001/3.0/users/126"},
        {"address": "http://localhost:9001/3.0/addresses/test-9@example.com", "delivery_mode":
        "regular", "email": "test-9@example.com", "http_etag": "\"f8c835feca28eecb71f226a42652c7d7eb67a7cf\"",
        "list_id": "foo.example.com", "member_id": 139, "role": "member", "self_link":
        "http://localhost:9001/3.0/members/139", "user": "http://localhost:9001/3.0/users/127"}],
        "http_etag": "\"72f3a6eebb6a891566ab5d996dda51f7be0a687e\"", "start": 0, "total_size":
        10}'}
    headers:
      content-length: ['3684']
      content-type: [application/json; charset=UTF-8]
    status: {code: 200, message: OK}
- request:
    body: null
    headers:
      accept-encoding: ['gzip, deflate']
    method: GET
    uri: http://localhost:9001/3.0/lists/foo.example.com
  response:
    body: {string: '{"display_name": "Foo", "fqdn_listname": "foo@example.com", "http_etag":
        "\"bc73f3f5e1d81d621fef46a18e8c757dc9647e92\"", "list_id": "foo.example.com",
        "list_name": "foo", "mail_host": "example.com", "member_count": 10, "self_link":
        "http://localhost:9001/3.0/lists/foo.example.com", "volume": 1}'}
    headers:
      content-length: ['295']
      content-type: [application/json; charset=UTF-8]
    status: {code: 200, message: OK}
- request:
    body: null
    headers:
      accept-encoding: ['gzip, deflate']
    method: GET
    uri: http://localhost:9001/3.0/lists/foo.example.com/roster/owner
  response:
    body: {string: '{"entries": [{"address": "http://localhost:9001/3.0/addresses/owner@example.com",
        "delivery_mode": "regular", "email": "owner@example.com", "http_etag": "\"967104bf0b8e239928277528db3e86d807d8cfdd\"",
        "list_id": "foo.example.com", "member_id": 128, "moderation_action": "accept",
        "role": "owner", "self_link": "http://localhost:9001/3.0/members/128", "user":
        "http://localhost:9001/3.0/users/116"}], "http_etag": "\"03bf304cd8f7394360ef2b9153adce64bd648ca4\"",
        "start": 0, "total_size": 1}'}
    headers:
      content-length: ['489']
      content-type: [application/json; charset=UTF-8]
    status: {code: 200, message: OK}
- request:
    body: null
    headers:
      accept-encoding: ['gzip, deflate']
    method: GET
    uri: http://localhost:9001/3.0/lists/foo.example.com/roster/moderator
  response:
    body: {string: '{"entries": [{"address": "http://localhost:9001/3.0/addresses/moderator@example.com",
        "delivery_mode": "regular", "email": "moderator@example.com", "http_etag":
        "\"67ee42b349b453594964b54a331d8d9556cfb8ee\"", "list_id": "foo.example.com",
        "member_id": 129, "moderation_action": "accept", "role": "moderator", "self_link":
        "http://localhost:9001/3.0/members/129", "user": "http://localhost:9001/3.0/users/117"}],
        "http_etag": "\"86445a0653943496493888669978ff2c1978a54e\"", "start": 0, "total_size":
        1}'}
    headers:
      content-length: ['501']
      content-type: [application/json; charset=UTF-8]
    status: {code: 200, message: OK}
- request:
    body: null
    headers:
      accept-encoding: ['gzip, deflate']
    method: GET
    uri: http://localhost:9001/3.0/lists/foo.example.com
  response:
    body: {string: '{"display_name": "Foo", "fqdn_listname": "foo@example.com", "http_etag":
        "\"bc73f3f5e1d81d621fef46a18e8c757dc9647e92\"", "list_id": "foo.example.com",
        "list_name": "foo", "mail_host": "example.com", "member_count": 10, "self_link":
        "http://localhost:9001/3.0/lists/foo.example.com", "volume": 1}'}
    headers:
      content-length: ['295']
      content-type: [application/json; charset=UTF-8]
    status: {code: 200, message: OK}
- request:
    body: null
    headers:
      accept-encoding: ['gzip, deflate']
    method: GET
    uri: http://localhost:9001/3.0/lists/foo@example.com/roster/member
  response:
    body: {string: '{"entries": [{"address": "http://localhost:9001/3.0/addresses/test-0@example.com",
        "delivery_mode": "regular", "email": "test-0@example.com", "http_etag": "\"1377eaf34899450002bf8ce265aee558a2d9b0cf\"",
        "list_id": "foo.example.com", "member_id": 130, "role": "member", "self_link":
        "http://localhost:9001/3.0/members/130", "user": "http://localhost:9001/3.0/users/118"},
        {"address": "http://localhost:9001/3.0/addresses/test-1@example.com", "delivery_mode":
        "regular", "email": "test-1@example.com", "http_etag": "\"a45b018d676dd39c5d93e8cb8849c4dc2209af98\"",
        "list_id": "foo.example.com", "member_id": 131, "role": "member", "self_link":
        "http://localhost:9001/3.0/members/131", "user": "http://localhost:9001/3.0/users/119"},
        {"address": "http://localhost:9001/3.0/addresses/test-2@example.com", "delivery_mode":
        "regular", "email": "test-2@example.com", "http_etag": "\"3500472ab83351c14655c37721d59642635b5909\"",
        "list_id": "foo.example.com", "member_id": 132, "role": "member", "self_link":
        "http://localhost:9001/3.0/members/132", "user": "http://localhost:9001/3.0/users/120"},
        {"address": "http://localhost:9001/3.0/addresses/test-3@example.com", "delivery_mode":
        "regular", "email": "test-3@example.com", "http_etag": "\"f0664d69773226e1e0847542d45e905d2b5c40be\"",
        "list_id": "foo.example.com", "member_id": 133, "role": "member", "self_link":
        "http://localhost:9001/3.0/members/133", "user": "http://localhost:9001/3.0/users/121"},
        {"address": "http://localhost:9001/3.0/addresses/test-4@example.com", "delivery_mode":
        "regular", "email": "test-4@example.com", "http_etag": "\"48a726efa88e9e62d5009cfc0a01e1e3acc4a455\"",
        "list_id": "foo.example.com", "member_id": 134, "role": "member", "self_link":
        "http://localhost:9001/3.0/members/134", "user": "http://localhost:9001/3.0/users/122"},
        {"address": "http://localhost:9001/3.0/addresses/test-5@example.com", "delivery_mode":
        "regular", "email": "test-5@example.com", "http_etag": "\"930ef1297627bc86854c7c7aff659b92fd1d1283\"",
        "list_id": "foo.example.com", "member_id": 135, "role": "member", "self_link":
        "http://localhost:9001/3.0/members/135", "user": "http://localhost:9001/3.0/users/123"},
        {"address": "http://localhost:9001/3.0/addresses/test-6@example.com", "delivery_mode":
        "regular", "email": "test-6@example.com", "http_etag": "\"65402d830be625eda82da7dcd46e7758e76eeb37\"",
        "list_id": "foo.example.com", "member_id": 136, "role": "member", "self_link":
        "http://localhost:9001/3.0/members/136", "user": "http://localhost:9001/3.0/users/124"},
        {"address": "http://localhost:9001/3.0/addresses/test-7@example.com", "delivery_mode":
        "regular", "email": "test-7@example.com", "http_etag": "\"0262274b206c3db1a0a5d7bd57609744c894f03c\"",
        "list_id": "foo.example.com", "member_id": 137, "role": "member", "self_link":
        "http://localhost:9001/3.0/members/137", "user": "http://localhost:9001/3.0/users/125"},
        {"address": "http://localhost:9001/3.0/addresses/test-8@example.com", "delivery_mode":
        "regular", "email": "test-8@example.com", "http_etag": "\"cd508d7292dab807e7b86c62499c868f4d04a101\"",
        "list_id": "foo.example.com", "member_id": 138, "role": "member", "self_link":
        "http://localhost:9001/3.0/members/138", "user": "http://localhost:9001/3.0/users/126"},
        {"address": "http://localhost:9001/3.0/addresses/test-9@example.com", "delivery_mode":
        "regular", "email": "test-9@example.com", "http_etag": "\"f8c835feca28eecb71f226a42652c7d7eb67a7cf\"",
        "list_id": "foo.example.com", "member_id": 139, "role": "member", "self_link":
        "http://localhost:9001/3.0/members/139", "user": "http://localhost:9001/3.0/users/127"}],
        "http_etag": "\"72f3a6eebb6a891566ab5d996dda51f7be0a687e\"", "start": 0, "total_size":
        10}'}
    headers:
      content-length: ['3684']
      content-type: [application/json; charset=UTF-8]
    status: {code: 200, message: OK}
- request:
    body: null
    headers:
      accept-encoding: ['gzip, deflate']
    method: GET
    uri: http://localhost:9001/3.0/lists/foo@example.com/roster/member
  response:
    body: {string: '{"entries": [{"address": "http://localhost:9001/3.0/addresses/test-0@example.com",
        "delivery_mode": "regular", "email": "test-0@example.com", "http_etag": "\"1377eaf34899450002bf8ce265aee558a2d9b0cf\"",
        "list_id": "foo.example.com", "member_id": 130, "role": "member", "self_link":
        "http://localhost:9001/3.0/members/130", "user": "http://localhost:9001/3.0/users/118"},
        {"address": "http://localhost:9001/3.0/addresses/test-1@example.com", "delivery_mode":
        "regular", "email": "test-1@example.com", "http_etag": "\"a45b018d676dd39c5d93e8cb8849c4dc2209af98\"",
        "list_id": "foo.example.com", "member_id": 131, "role": "member", "self_link":
        "http://localhost:9001/3.0/members/131", "user": "http://localhost:9001/3.0/users/119"},
        {"address": "http://localhost:9001/3.0/addresses/test-2@example.com", "delivery_mode":
        "regular", "email": "test-2@example.com", "http_etag": "\"3500472ab83351c14655c37721d59642635b5909\"",
        "list_id": "foo.example.com", "member_id": 132, "role": "member", "self_link":
        "http://localhost:9001/3.0/members/132", "user": "http://localhost:9001/3.0/users/120"},
        {"address": "http://localhost:9001/3.0/addresses/test-3@example.com", "delivery_mode":
        "regular", "email": "test-3@example.com", "http_etag": "\"f0664d69773226e1e0847542d45e905d2b5c40be\"",
        "list_id": "foo.example.com", "member_id": 133, "role": "member", "self_link":
        "http://localhost:9001/3.0/members/133", "user": "http://localhost:9001/3.0/users/121"},
        {"address": "http://localhost:9001/3.0/addresses/test-4@example.com", "delivery_mode":
        "regular", "email": "test-4@example.com", "http_etag": "\"48a726efa88e9e62d5009cfc0a01e1e3acc4a455\"",
        "list_id": "foo.example.com", "member_id": 134, "role": "member", "self_link":
        "http://localhost:9001/3.0/members/134", "user": "http://localhost:9001/3.0/users/122"},
        {"address": "http://localhost:9001/3.0/addresses/test-5@example.com", "delivery_mode":
        "regular", "email": "test-5@example.com", "http_etag": "\"930ef1297627bc86854c7c7aff659b92fd1d1283\"",
        "list_id": "foo.example.com", "member_id": 135, "role": "member", "self_link":
        "http://localhost:9001/3.0/members/135", "user": "http://localhost:9001/3.0/users/123"},
        {"address": "http://localhost:9001/3.0/addresses/test-6@example.com", "delivery_mode":
        "regular", "email": "test-6@example.com", "http_etag": "\"65402d830be625eda82da7dcd46e7758e76eeb37\"",
        "list_id": "foo.example.com", "member_id": 136, "role": "member", "self_link":
        "http://localhost:9001/3.0/members/136", "user": "http://localhost:9001/3.0/users/124"},
        {"address": "http://localhost:9001/3.0/addresses/test-7@example.com", "delivery_mode":
        "regular", "email": "test-7@example.com", "http_etag": "\"0262274b206c3db1a0a5d7bd57609744c894f03c\"",
        "list_id": "foo.example.com", "member_id": 137, "role": "member", "self_link":
        "http://localhost:9001/3.0/members/137", "user": "http://localhost:9001/3.0/users/125"},
        {"address": "http://localhost:9001/3.0/addresses/test-8@example.com", "delivery_mode":
        "regular", "email": "test-8@example.com", "http_etag": "\"cd508d7292dab807e7b86c62499c868f4d04a101\"",
        "list_id": "foo.example.com", "member_id": 138, "role": "member", "self_link":
        "http://localhost:9001/3.0/members/138", "user": "http://localhost:9001/3.0/users/126"},
        {"address": "http://localhost:9001/3.0/addresses/test-9@example.com", "delivery_mode":
        "regular", "email": "test-9@example.com", "http_etag": "\"f8c835feca28eecb71f226a42652c7d7eb67a7cf\"",
        "list_id": "foo.example.com", "member_id": 139, "role": "member", "self_link":
        "http://localhost:9001/3.0/members/139", "user": "http://localhost:9001/3.0/users/127"}],
        "http_etag": "\"72f3a6eebb6a891566ab5d996dda51f7be0a687e\"", "start": 0, "total_size":
        10}'}
    headers:
      content-length: ['3684']
      content-type: [application/json; charset=UTF-8]
    status: {code: 200, message: OK}
- request:
    body: null
    headers:
      accept-encoding: ['gzip, deflate']
    method: GET
    uri: http://localhost:9001/3.0/lists/foo.example.com
  response:
    body: {string: '{"display_name": "Foo", "fqdn_listname": "foo@example.com", "http_etag":
        "\"bc73f3f5e1d81d621fef46a18e8c757dc9647e92\"", "list_id": "foo.example.com",
        "list_name": "foo", "mail_host": "example.com", "member_count": 10, "self_link":
        "http://localhost:9001/3.0/lists/foo.example.com", "volume": 1}'}
    headers:
      content-length: ['295']
      content-type: [application/json; charset=UTF-8]
    status: {code: 200, message: OK}
- request:
    body: null
    headers:
      accept-encoding: ['gzip, deflate']
    method: GET
    uri: http://localhost:9001/3.0/lists/foo.example.com/roster/owner
  response:
    body: {string: '{"entries": [{"address": "http://localhost:9001/3.0/addresses/owner@example.com",
        "delivery_mode": "regular", "email": "owner@example.com", "http_etag": "\"967104bf0b8e239928277528db3e86d807d8cfdd\"",
        "list_id": "foo.example.com", "member_id": 128, "moderation_action": "accept",
        "role": "owner", "self_link": "http://localhost:9001/3.0/members/128", "user":
        "http://localhost:9001/3.0/users/116"}], "http_etag": "\"03bf304cd8f7394360ef2b9153adce64bd648ca4\"",
        "start": 0, "total_size": 1}'}
    headers:
      content-length: ['489']
      content-type: [application/json; charset=UTF-8]
    status: {code: 200, message: OK}
- request:
    body: null
    headers:
      accept-encoding: ['gzip, deflate']
    method: GET
    uri: http://localhost:9001/3.0/lists/foo.example.com/roster/moderator
  response:
    body: {string: '{"entries": [{"address": "http://localhost:9001/3.0/addresses/moderator@example.com",
        "delivery_mode": "regular", "email": "moderator@example.com", "http_etag":
        "\"67ee42b349b453594964b54a331d8d9556cfb8ee\"", "list_id": "foo.example.com",
        "member_id": 129, "moderation_action": "accept", "role": "moderator", "self_link":
        "http://localhost:9001/3.0/members/129", "user": "http://localhost:9001/3.0/users/117"}],
        "http_etag": "\"86445a0653943496493888669978ff2c1978a54e\"", "start": 0, "total_size":
        1}'}
    headers:
      content-length: ['501']
      content-type: [application/json; charset=UTF-8]
    status: {code: 200, message: OK}
- request:
    body: null
    headers:
      accept-encoding: ['gzip, deflate']
    method: GET
    uri: http://localhost:9001/3.0/lists/foo.example.com
  response:
    body: {string: '{"display_name": "Foo", "fqdn_listname": "foo@example.com", "http_etag":
        "\"bc73f3f5e1d81d621fef46a18e8c757dc9647e92\"", "list_id": "foo.example.com",
        "list_name": "foo", "mail_host": "example.com", "member_count": 10, "self_link":
        "http://localhost:9001/3.0/lists/foo.example.com", "volume": 1}'}
    headers:
      content-length: ['295']
      content-type: [application/json; charset=UTF-8]
    status: {code: 200, message: OK}
- request:
    body: null
    headers:
      accept-encoding: ['gzip, deflate']
    method: GET
    uri: http://localhost:9001/3.0/lists/foo@example.com/roster/member
  response:
    body: {string: '{"entries": [{"address": "http://localhost:9001/3.0/addresses/test-0@example.com",
        "delivery_mode": "regular", "email": "test-0@example.com", "http_etag": "\"1377eaf34899450002bf8ce265aee558a2d9b0cf\"",
        "list_id": "foo.example.com", "member_id": 130, "role": "member", "self_link":
        "http://localhost:9001/3.0/members/130", "user": "http://localhost:9001/3.0/users/118"},
        {"address": "http://localhost:9001/3.0/addresses/test-1@example.com", "delivery_mode":
        "regular", "email": "test-1@example.com", "http_etag": "\"a45b018d676dd39c5d93e8cb8849c4dc2209af98\"",
        "list_id": "foo.example.com", "member_id": 131, "role": "member", "self_link":
        "http://localhost:9001/3.0/members/131", "user": "http://localhost:9001/3.0/users/119"},
        {"address": "http://localhost:9001/3.0/addresses/test-2@example.com", "delivery_mode":
        "regular", "email": "test-2@example.com", "http_etag": "\"3500472ab83351c14655c37721d59642635b5909\"",
        "list_id": "foo.example.com", "member_id": 132, "role": "member", "self_link":
        "http://localhost:9001/3.0/members/132", "user": "http://localhost:9001/3.0/users/120"},
        {"address": "http://localhost:9001/3.0/addresses/test-3@example.com", "delivery_mode":
        "regular", "email": "test-3@example.com", "http_etag": "\"f0664d69773226e1e0847542d45e905d2b5c40be\"",
        "list_id": "foo.example.com", "member_id": 133, "role": "member", "self_link":
        "http://localhost:9001/3.0/members/133", "user": "http://localhost:9001/3.0/users/121"},
        {"address": "http://localhost:9001/3.0/addresses/test-4@example.com", "delivery_mode":
        "regular", "email": "test-4@example.com", "http_etag": "\"48a726efa88e9e62d5009cfc0a01e1e3acc4a455\"",
        "list_id": "foo.example.com", "member_id": 134, "role": "member", "self_link":
        "http://localhost:9001/3.0/members/134", "user": "http://localhost:9001/3.0/users/122"},
        {"address": "http://localhost:9001/3.0/addresses/test-5@example.com", "delivery_mode":
        "regular", "email": "test-5@example.com", "http_etag": "\"930ef1297627bc86854c7c7aff659b92fd1d1283\"",
        "list_id": "foo.example.com", "member_id": 135, "role": "member", "self_link":
        "http://localhost:9001/3.0/members/135", "user": "http://localhost:9001/3.0/users/123"},
        {"address": "http://localhost:9001/3.0/addresses/test-6@example.com", "delivery_mode":
        "regular", "email": "test-6@example.com", "http_etag": "\"65402d830be625eda82da7dcd46e7758e76eeb37\"",
        "list_id": "foo.example.com", "member_id": 136, "role": "member", "self_link":
        "http://localhost:9001/3.0/members/136", "user": "http://localhost:9001/3.0/users/124"},
        {"address": "http://localhost:9001/3.0/addresses/test-7@example.com", "delivery_mode":
        "regular", "email": "test-7@example.com", "http_etag": "\"0262274b206c3db1a0a5d7bd57609744c894f03c\"",
        "list_id": "foo.example.com", "member_id": 137, "role": "member", "self_link":
        "http://localhost:9001/3.0/members/137", "user": "http://localhost:9001/3.0/users/125"},
        {"address": "http://localhost:9001/3.0/addresses/test-8@example.com", "delivery_mode":
        "regular", "email": "test-8@example.com", "http_etag": "\"cd508d7292dab807e7b86c62499c868f4d04a101\"",
        "list_id": "foo.example.com", "member_id": 138, "role": "member", "self_link":
        "http://localhost:9001/3.0/members/138", "user": "http://localhost:9001/3.0/users/126"},
        {"address": "http://localhost:9001/3.0/addresses/test-9@example.com", "delivery_mode":
        "regular", "email": "test-9@example.com", "http_etag": "\"f8c835feca28eecb71f226a42652c7d7eb67a7cf\"",
        "list_id": "foo.example.com", "member_id": 139, "role": "member", "self_link":
        "http://localhost:9001/3.0/members/139", "user": "http://localhost:9001/3.0/users/127"}],
        "http_etag": "\"72f3a6eebb6a891566ab5d996dda51f7be0a687e\"", "start": 0, "total_size":
        10}'}
    headers:
      content-length: ['3684']
      content-type: [application/json; charset=UTF-8]
    status: {code: 200, message: OK}
- request:
    body: null
    headers:
      accept-encoding: ['gzip, deflate']
    method: GET
    uri: http://localhost:9001/3.0/lists/foo@example.com/roster/member
  response:
    body: {string: '{"entries": [{"address": "http://localhost:9001/3.0/addresses/test-0@example.com",
        "delivery_mode": "regular", "email": "test-0@example.com", "http_etag": "\"1377eaf34899450002bf8ce265aee558a2d9b0cf\"",
        "list_id": "foo.example.com", "member_id": 130, "role": "member", "self_link":
        "http://localhost:9001/3.0/members/130", "user": "http://localhost:9001/3.0/users/118"},
        {"address": "http://localhost:9001/3.0/addresses/test-1@example.com", "delivery_mode":
        "regular", "email": "test-1@example.com", "http_etag": "\"a45b018d676dd39c5d93e8cb8849c4dc2209af98\"",
        "list_id": "foo.example.com", "member_id": 131, "role": "member", "self_link":
        "http://localhost:9001/3.0/members/131", "user": "http://localhost:9001/3.0/users/119"},
        {"address": "http://localhost:9001/3.0/addresses/test-2@example.com", "delivery_mode":
        "regular", "email": "test-2@example.com", "http_etag": "\"3500472ab83351c14655c37721d59642635b5909\"",
        "list_id": "foo.example.com", "member_id": 132, "role": "member", "self_link":
        "http://localhost:9001/3.0/members/132", "user": "http://localhost:9001/3.0/users/120"},
        {"address": "http://localhost:9001/3.0/addresses/test-3@example.com", "delivery_mode":
        "regular", "email": "test-3@example.com", "http_etag": "\"f0664d69773226e1e0847542d45e905d2b5c40be\"",
        "list_id": "foo.example.com", "member_id": 133, "role": "member", "self_link":
        "http://localhost:9001/3.0/members/133", "user": "http://localhost:9001/3.0/users/121"},
        {"address": "http://localhost:9001/3.0/addresses/test-4@example.com", "delivery_mode":
        "regular", "email": "test-4@example.com", "http_etag": "\"48a726efa88e9e62d5009cfc0a01e1e3acc4a455\"",
        "list_id": "foo.example.com", "member_id": 134, "role": "member", "self_link":
        "http://localhost:9001/3.0/members/134", "user": "http://localhost:9001/3.0/users/122"},
        {"address": "http://localhost:9001/3.0/addresses/test-5@example.com", "delivery_mode":
        "regular", "email": "test-5@example.com", "http_etag": "\"930ef1297627bc86854c7c7aff659b92fd1d1283\"",
        "list_id": "foo.example.com", "member_id": 135, "role": "member", "self_link":
        "http://localhost:9001/3.0/members/135", "user": "http://localhost:9001/3.0/users/123"},
        {"address": "http://localhost:9001/3.0/addresses/test-6@example.com", "delivery_mode":
        "regular", "email": "test-6@example.com", "http_etag": "\"65402d830be625eda82da7dcd46e7758e76eeb37\"",
        "list_id": "foo.example.com", "member_id": 136, "role": "member", "self_link":
        "http://localhost:9001/3.0/members/136", "user": "http://localhost:9001/3.0/users/124"},
        {"address": "http://localhost:9001/3.0/addresses/test-7@example.com", "delivery_mode":
        "regular", "email": "test-7@example.com", "http_etag": "\"0262274b206c3db1a0a5d7bd57609744c894f03c\"",
        "list_id": "foo.example.com", "member_id": 137, "role": "member", "self_link":
        "http://localhost:9001/3.0/members/137", "user": "http://localhost:9001/3.0/users/125"},
        {"address": "http://localhost:9001/3.0/addresses/test-8@example.com", "delivery_mode":
        "regular", "email": "test-8@example.com", "http_etag": "\"cd508d7292dab807e7b86c62499c868f4d04a101\"",
        "list_id": "foo.example.com", "member_id": 138, "role": "member", "self_link":
        "http://localhost:9001/3.0/members/138", "user": "http://localhost:9001/3.0/users/126"},
        {"address": "http://localhost:9001/3.0/addresses/test-9@example.com", "delivery_mode":
        "regular", "email": "test-9@example.com", "http_etag": "\"f8c835feca28eecb71f226a42652c7d7eb67a7cf\"",
        "list_id": "foo.example.com", "member_id": 139, "role": "member", "self_link":
        "http://localhost:9001/3.0/members/139", "user": "http://localhost:9001/3.0/users/127"}],
        "http_etag": "\"72f3a6eebb6a891566ab5d996dda51f7be0a687e\"", "start": 0, "total_size":
        10}'}
    headers:
      content-length: ['3684']
      content-type: [application/json; charset=UTF-8]
    status: {code: 200, message: OK}
- request:
    body: null
    headers:
      accept-encoding: ['gzip, deflate']
    method: DELETE
    uri: http://localhost:9001/3.0/lists/foo.example.com/member/test-0@example.com
  response:
    body: {string: ''}
    headers:
      Content-Length: ['0']
    status: {code: 204, message: No Content}
- request:
    body: null
    headers:
      accept-encoding: ['gzip, deflate']
    method: DELETE
    uri: http://localhost:9001/3.0/lists/foo.example.com/member/test-1@example.com
  response:
    body: {string: ''}
    headers:
      Content-Length: ['0']
    status: {code: 204, message: No Content}
- request:
    body: null
    headers:
      accept-encoding: ['gzip, deflate']
    method: DELETE
    uri: http://localhost:9001/3.0/lists/foo.example.com/member/test-2@example.com
  response:
    body: {string: ''}
    headers:
      Content-Length: ['0']
    status: {code: 204, message: No Content}
- request:
    body: null
    headers:
      accept-encoding: ['gzip, deflate']
    method: DELETE
    uri: http://localhost:9001/3.0/lists/foo.example.com/member/test-3@example.com
  response:
    body: {string: ''}
    headers:
      Content-Length: ['0']
    status: {code: 204, message: No Content}
- request:
    body: null
    headers:
      accept-encoding: ['gzip, deflate']
    method: DELETE
    uri: http://localhost:9001/3.0/lists/foo.example.com/member/test-4@example.com
  response:
    body: {string: ''}
    headers:
      Content-Length: ['0']
    status: {code: 204, message: No Content}
- request:
    body: null
    headers:
      accept-encoding: ['gzip, deflate']
    method: DELETE
    uri: http://localhost:9001/3.0/lists/foo.example.com/member/test-5@example.com
  response:
    body: {string: ''}
    headers:
      Content-Length: ['0']
    status: {code: 204, message: No Content}
- request:
    body: null
    headers:
      accept-encoding: ['gzip, deflate']
    method: DELETE
    uri: http://localhost:9001/3.0/lists/foo.example.com/member/test-6@example.com
  response:
    body: {string: ''}
    headers:
      Content-Length: ['0']
    status: {code: 204, message: No Content}
- request:
    body: null
    headers:
      accept-encoding: ['gzip, deflate']
    method: DELETE
    uri: http://localhost:9001/3.0/lists/foo.example.com/member/test-7@example.com
  response:
    body: {string: ''}
    headers:
      Content-Length: ['0']
    status: {code: 204, message: No Content}
- request:
    body: null
    headers:
      accept-encoding: ['gzip, deflate']
    method: DELETE
    uri: http://localhost:9001/3.0/lists/foo.example.com/member/test-8@example.com
  response:
    body: {string: ''}
    headers:
      Content-Length: ['0']
    status: {code: 204, message: No Content}
- request:
    body: null
    headers:
      accept-encoding: ['gzip, deflate']
    method: DELETE
    uri: http://localhost:9001/3.0/lists/foo.example.com/member/test-9@example.com
  response:
    body: {string: ''}
    headers:
      Content-Length: ['0']
    status: {code: 204, message: No Content}
- request:
    body: null
    headers:
      accept-encoding: ['gzip, deflate']
    method: GET
    uri: http://localhost:9001/3.0/lists/foo@example.com/roster/member
  response:
    body: {string: '{"http_etag": "\"32223434a0f3af4cdc4673d1fbc5bac1f6d98fd3\"",
        "start": 0, "total_size": 0}'}
    headers:
      content-length: ['90']
      content-type: [application/json; charset=UTF-8]
    status: {code: 200, message: OK}
- request:
    body: null
    headers:
      accept-encoding: ['gzip, deflate']
    method: GET
    uri: http://localhost:9001/3.0/domains
  response:
    body: {string: '{"entries": [{"description": null, "http_etag": "\"d150abd34fabbcef42a2c654bfac81aa04ea4d6f\"",
        "mail_host": "example.com", "self_link": "http://localhost:9001/3.0/domains/example.com"}],
        "http_etag": "\"2ec9679269ad1f741705a62db0162f5585ae5c3c\"", "start": 0, "total_size":
        1}'}
    headers:
      content-length: ['277']
      content-type: [application/json; charset=UTF-8]
    status: {code: 200, message: OK}
- request:
    body: null
    headers:
      accept-encoding: ['gzip, deflate']
    method: DELETE
    uri: http://localhost:9001/3.0/domains/example.com
  response:
    body: {string: ''}
    headers:
      Content-Length: ['0']
    status: {code: 204, message: No Content}
- request:
    body: null
    headers:
      accept-encoding: ['gzip, deflate']
    method: GET
    uri: http://localhost:9001/3.0/users
  response:
    body: {string: '{"entries": [{"created_on": "2005-08-01T07:49:23", "http_etag":
        "\"ce2c375de7d732a159dcd47a5d9ffebbe27a4091\"", "is_server_owner": false,
        "self_link": "http://localhost:9001/3.0/users/116", "user_id": 116}, {"created_on":
        "2005-08-01T07:49:23", "http_etag": "\"d87649f27b1fac7ffd78a81e3665ac8ed67c18a1\"",
        "is_server_owner": false, "self_link": "http://localhost:9001/3.0/users/117",
        "user_id": 117}, {"created_on": "2005-08-01T07:49:23", "display_name": "None",
        "http_etag": "\"dbc5e6ae3e2e8a49b5a0bb69fabb6c9a0e1592be\"", "is_server_owner":
        false, "self_link": "http://localhost:9001/3.0/users/118", "user_id": 118},
        {"created_on": "2005-08-01T07:49:23", "display_name": "None", "http_etag":
        "\"c0b7290b786d2a0fa18d8e1f45328ad867b1f2e6\"", "is_server_owner": false,
        "self_link": "http://localhost:9001/3.0/users/119", "user_id": 119}, {"created_on":
        "2005-08-01T07:49:23", "display_name": "None", "http_etag": "\"b563bfd2ec1782d17f4825a1c7dfd0a6a57620cb\"",
        "is_server_owner": false, "self_link": "http://localhost:9001/3.0/users/120",
        "user_id": 120}, {"created_on": "2005-08-01T07:49:23", "display_name": "None",
        "http_etag": "\"b9360eac14d722ac96ca78edfebbab0ae7d58fe8\"", "is_server_owner":
        false, "self_link": "http://localhost:9001/3.0/users/121", "user_id": 121},
        {"created_on": "2005-08-01T07:49:23", "display_name": "None", "http_etag":
        "\"7e9307a8bf8e80829b96b6df0e2403b6c8353e7e\"", "is_server_owner": false,
        "self_link": "http://localhost:9001/3.0/users/122", "user_id": 122}, {"created_on":
        "2005-08-01T07:49:23", "display_name": "None", "http_etag": "\"c4705639e51ce661ec9ba312aaed3500cc78d61b\"",
        "is_server_owner": false, "self_link": "http://localhost:9001/3.0/users/123",
        "user_id": 123}, {"created_on": "2005-08-01T07:49:23", "display_name": "None",
        "http_etag": "\"23d3dd7f9af714e48c9d4d360ffd5c13702ac53f\"", "is_server_owner":
        false, "self_link": "http://localhost:9001/3.0/users/124", "user_id": 124},
        {"created_on": "2005-08-01T07:49:23", "display_name": "None", "http_etag":
        "\"ed6cee1d44a68fc957a92066eea10be07e3ba8aa\"", "is_server_owner": false,
        "self_link": "http://localhost:9001/3.0/users/125", "user_id": 125}, {"created_on":
        "2005-08-01T07:49:23", "display_name": "None", "http_etag": "\"a9e89ad04d3d9ac5ac308c8c86ff4811ca9c3775\"",
        "is_server_owner": false, "self_link": "http://localhost:9001/3.0/users/126",
        "user_id": 126}, {"created_on": "2005-08-01T07:49:23", "display_name": "None",
        "http_etag": "\"cce9e7e87948709179ff17232a7d56e2f5bac500\"", "is_server_owner":
        false, "self_link": "http://localhost:9001/3.0/users/127", "user_id": 127}],
        "http_etag": "\"df307dcba93db79e30236c711ff687d46874b417\"", "start": 0, "total_size":
        12}'}
    headers:
      content-length: ['2672']
      content-type: [application/json; charset=UTF-8]
    status: {code: 200, message: OK}
- request:
    body: null
    headers:
      accept-encoding: ['gzip, deflate']
    method: DELETE
    uri: http://localhost:9001/3.0/users/116
  response:
    body: {string: ''}
    headers:
      Content-Length: ['0']
    status: {code: 204, message: No Content}
- request:
    body: null
    headers:
      accept-encoding: ['gzip, deflate']
    method: DELETE
    uri: http://localhost:9001/3.0/users/117
  response:
    body: {string: ''}
    headers:
      Content-Length: ['0']
    status: {code: 204, message: No Content}
- request:
    body: null
    headers:
      accept-encoding: ['gzip, deflate']
    method: DELETE
    uri: http://localhost:9001/3.0/users/118
  response:
    body: {string: ''}
    headers:
      Content-Length: ['0']
    status: {code: 204, message: No Content}
- request:
    body: null
    headers:
      accept-encoding: ['gzip, deflate']
    method: DELETE
    uri: http://localhost:9001/3.0/users/119
  response:
    body: {string: ''}
    headers:
      Content-Length: ['0']
    status: {code: 204, message: No Content}
- request:
    body: null
    headers:
      accept-encoding: ['gzip, deflate']
    method: DELETE
    uri: http://localhost:9001/3.0/users/120
  response:
    body: {string: ''}
    headers:
      Content-Length: ['0']
    status: {code: 204, message: No Content}
- request:
    body: null
    headers:
      accept-encoding: ['gzip, deflate']
    method: DELETE
    uri: http://localhost:9001/3.0/users/121
  response:
    body: {string: ''}
    headers:
      Content-Length: ['0']
    status: {code: 204, message: No Content}
- request:
    body: null
    headers:
      accept-encoding: ['gzip, deflate']
    method: DELETE
    uri: http://localhost:9001/3.0/users/122
  response:
    body: {string: ''}
    headers:
      Content-Length: ['0']
    status: {code: 204, message: No Content}
- request:
    body: null
    headers:
      accept-encoding: ['gzip, deflate']
    method: DELETE
    uri: http://localhost:9001/3.0/users/123
  response:
    body: {string: ''}
    headers:
      Content-Length: ['0']
    status: {code: 204, message: No Content}
- request:
    body: null
    headers:
      accept-encoding: ['gzip, deflate']
    method: DELETE
    uri: http://localhost:9001/3.0/users/124
  response:
    body: {string: ''}
    headers:
      Content-Length: ['0']
    status: {code: 204, message: No Content}
- request:
    body: null
    headers:
      accept-encoding: ['gzip, deflate']
    method: DELETE
    uri: http://localhost:9001/3.0/users/125
  response:
    body: {string: ''}
    headers:
      Content-Length: ['0']
    status: {code: 204, message: No Content}
- request:
    body: null
    headers:
      accept-encoding: ['gzip, deflate']
    method: DELETE
    uri: http://localhost:9001/3.0/users/126
  response:
    body: {string: ''}
    headers:
      Content-Length: ['0']
    status: {code: 204, message: No Content}
- request:
    body: null
    headers:
      accept-encoding: ['gzip, deflate']
    method: DELETE
    uri: http://localhost:9001/3.0/users/127
  response:
    body: {string: ''}
    headers:
      Content-Length: ['0']
    status: {code: 204, message: No Content}
version: 1
