interactions:
- request:
    body: mail_host=example.com
    headers:
      accept-encoding: ['gzip, deflate']
      !!python/unicode content-type: [!!python/unicode application/x-www-form-urlencoded]
    method: !!python/unicode POST
    uri: http://localhost:9001/3.0/domains
  response:
    body: {string: !!python/unicode ''}
    headers:
      content-length: ['0']
      location: ['http://localhost:9001/3.0/domains/example.com']
    status: {code: 201, message: Created}
- request:
    body: null
    headers:
      accept-encoding: ['gzip, deflate']
    method: !!python/unicode GET
    uri: http://localhost:9001/3.0/domains/example.com
  response:
    body: {string: !!python/unicode '{"base_url": "http://example.com", "description":
        null, "http_etag": "\"e736411818ff1815ca83575e0958c38c5188f0a4\"", "mail_host":
        "example.com", "self_link": "http://localhost:9001/3.0/domains/example.com",
        "url_host": "example.com"}'}
    headers:
      content-length: ['233']
      content-type: [application/json; charset=utf-8]
    status: {code: 200, message: OK}
- request:
    body: fqdn_listname=list%40example.com
    headers:
      accept-encoding: ['gzip, deflate']
      !!python/unicode content-type: [!!python/unicode application/x-www-form-urlencoded]
    method: !!python/unicode POST
    uri: http://localhost:9001/3.0/lists
  response:
    body: {string: !!python/unicode ''}
    headers:
      content-length: ['0']
      location: ['http://localhost:9001/3.0/lists/list.example.com']
    status: {code: 201, message: Created}
- request:
    body: null
    headers:
      accept-encoding: ['gzip, deflate']
    method: !!python/unicode GET
    uri: http://localhost:9001/3.0/lists/list.example.com
  response:
    body: {string: !!python/unicode '{"display_name": "List", "fqdn_listname": "list@example.com",
        "http_etag": "\"e6a4f3c403f35e4c9a30c19f07bf0e36fa03e45b\"", "list_id": "list.example.com",
        "list_name": "list", "mail_host": "example.com", "member_count": 0, "self_link":
        "http://localhost:9001/3.0/lists/list.example.com", "volume": 1}'}
    headers:
      content-length: ['299']
      content-type: [application/json; charset=utf-8]
    status: {code: 200, message: OK}
- request:
    body: list_id=list.example.com&role=owner&subscriber=owner%40example.com
    headers:
      accept-encoding: ['gzip, deflate']
      !!python/unicode content-type: [!!python/unicode application/x-www-form-urlencoded]
    method: !!python/unicode POST
    uri: http://localhost:9001/3.0/members
  response:
    body: {string: !!python/unicode ''}
    headers:
      content-length: ['0']
      location: ['http://localhost:9001/3.0/members/25']
    status: {code: 201, message: Created}
- request:
    body: list_id=list.example.com&role=moderator&subscriber=moderator%40example.com
    headers:
      accept-encoding: ['gzip, deflate']
      !!python/unicode content-type: [!!python/unicode application/x-www-form-urlencoded]
    method: !!python/unicode POST
    uri: http://localhost:9001/3.0/members
  response:
    body: {string: !!python/unicode ''}
    headers:
      content-length: ['0']
      location: ['http://localhost:9001/3.0/members/26']
    status: {code: 201, message: Created}
- request:
    body: null
    headers:
      accept-encoding: ['gzip, deflate']
    method: !!python/unicode GET
    uri: http://localhost:9001/3.0/users/owner@example.com
  response:
    body: {string: !!python/unicode '{"created_on": "2005-08-01T07:49:23", "http_etag":
        "\"1e86381735f77312260a704e0b6dc204d733f858\"", "is_server_owner": false,
        "self_link": "http://localhost:9001/3.0/users/24", "user_id": 24}'}
    headers:
      content-length: ['190']
      content-type: [application/json; charset=utf-8]
    status: {code: 200, message: OK}
- request:
    body: null
    headers:
      accept-encoding: ['gzip, deflate']
    method: !!python/unicode GET
    uri: http://localhost:9001/3.0/users/24/addresses
  response:
    body: {string: !!python/unicode '{"entries": [{"email": "owner@example.com", "http_etag":
        "\"42e6c30370b928e548192a049e0b1785c7ad5887\"", "original_email": "owner@example.com",
        "registered_on": "2005-08-01T07:49:23", "self_link": "http://localhost:9001/3.0/addresses/owner@example.com",
        "user": "http://localhost:9001/3.0/users/24"}], "http_etag": "\"d16dbb4b79b13cc0d29cde6cbbea8af63cf13b8b\"",
        "start": 0, "total_size": 1}'}
    headers:
      content-length: ['391']
      content-type: [application/json; charset=utf-8]
    status: {code: 200, message: OK}
- request:
    body: null
    headers:
      accept-encoding: ['gzip, deflate']
    method: !!python/unicode GET
    uri: http://localhost:9001/3.0/lists/list.example.com
  response:
    body: {string: !!python/unicode '{"display_name": "List", "fqdn_listname": "list@example.com",
        "http_etag": "\"e6a4f3c403f35e4c9a30c19f07bf0e36fa03e45b\"", "list_id": "list.example.com",
        "list_name": "list", "mail_host": "example.com", "member_count": 0, "self_link":
        "http://localhost:9001/3.0/lists/list.example.com", "volume": 1}'}
    headers:
      content-length: ['299']
      content-type: [application/json; charset=utf-8]
    status: {code: 200, message: OK}
- request:
    body: null
    headers:
      accept-encoding: ['gzip, deflate']
    method: !!python/unicode GET
    uri: http://localhost:9001/3.0/lists/list.example.com/roster/owner
  response:
    body: {string: !!python/unicode '{"entries": [{"address": "http://localhost:9001/3.0/addresses/owner@example.com",
        "delivery_mode": "regular", "email": "owner@example.com", "http_etag": "\"5da7648ed645f07459dadc82222ca8da369d4751\"",
        "list_id": "list.example.com", "member_id": 25, "moderation_action": "accept",
        "role": "owner", "self_link": "http://localhost:9001/3.0/members/25", "user":
        "http://localhost:9001/3.0/users/24"}], "http_etag": "\"c5228faf55238a9d70d82049179e244c20863821\"",
        "start": 0, "total_size": 1}'}
    headers:
      content-length: ['487']
      content-type: [application/json; charset=utf-8]
    status: {code: 200, message: OK}
- request:
    body: null
    headers:
      accept-encoding: ['gzip, deflate']
    method: !!python/unicode GET
    uri: http://localhost:9001/3.0/lists/list.example.com/roster/moderator
  response:
    body: {string: !!python/unicode '{"entries": [{"address": "http://localhost:9001/3.0/addresses/moderator@example.com",
        "delivery_mode": "regular", "email": "moderator@example.com", "http_etag":
        "\"54e43a6c9f25a34d8acb33e9218d06c65165b1b3\"", "list_id": "list.example.com",
        "member_id": 26, "moderation_action": "accept", "role": "moderator", "self_link":
        "http://localhost:9001/3.0/members/26", "user": "http://localhost:9001/3.0/users/25"}],
        "http_etag": "\"0c57e592caa7e3dcc95e0c95569be6f617aa5c38\"", "start": 0, "total_size":
        1}'}
    headers:
      content-length: ['499']
      content-type: [application/json; charset=utf-8]
    status: {code: 200, message: OK}
- request:
    body: null
    headers:
      accept-encoding: ['gzip, deflate']
    method: !!python/unicode GET
    uri: http://localhost:9001/3.0/lists/list.example.com
  response:
    body: {string: !!python/unicode '{"display_name": "List", "fqdn_listname": "list@example.com",
        "http_etag": "\"e6a4f3c403f35e4c9a30c19f07bf0e36fa03e45b\"", "list_id": "list.example.com",
        "list_name": "list", "mail_host": "example.com", "member_count": 0, "self_link":
        "http://localhost:9001/3.0/lists/list.example.com", "volume": 1}'}
    headers:
      content-length: ['299']
      content-type: [application/json; charset=utf-8]
    status: {code: 200, message: OK}
- request:
    body: null
    headers:
      accept-encoding: ['gzip, deflate']
    method: !!python/unicode GET
    uri: http://localhost:9001/3.0/lists/list.example.com/header-matches
  response:
    body: {string: !!python/unicode '{"http_etag": "\"32223434a0f3af4cdc4673d1fbc5bac1f6d98fd3\"",
        "start": 0, "total_size": 0}'}
    headers:
      content-length: ['90']
      content-type: [application/json; charset=utf-8]
    status: {code: 200, message: OK}
- request:
    body: null
    headers:
      accept-encoding: ['gzip, deflate']
    method: !!python/unicode GET
    uri: http://localhost:9001/3.0/users/owner@example.com
  response:
    body: {string: !!python/unicode '{"created_on": "2005-08-01T07:49:23", "http_etag":
        "\"1e86381735f77312260a704e0b6dc204d733f858\"", "is_server_owner": false,
        "self_link": "http://localhost:9001/3.0/users/24", "user_id": 24}'}
    headers:
      content-length: ['190']
      content-type: [application/json; charset=utf-8]
    status: {code: 200, message: OK}
- request:
    body: null
    headers:
      accept-encoding: ['gzip, deflate']
    method: !!python/unicode GET
    uri: http://localhost:9001/3.0/users/24/addresses
  response:
    body: {string: !!python/unicode '{"entries": [{"email": "owner@example.com", "http_etag":
        "\"42e6c30370b928e548192a049e0b1785c7ad5887\"", "original_email": "owner@example.com",
        "registered_on": "2005-08-01T07:49:23", "self_link": "http://localhost:9001/3.0/addresses/owner@example.com",
        "user": "http://localhost:9001/3.0/users/24"}], "http_etag": "\"d16dbb4b79b13cc0d29cde6cbbea8af63cf13b8b\"",
        "start": 0, "total_size": 1}'}
    headers:
      content-length: ['391']
      content-type: [application/json; charset=utf-8]
    status: {code: 200, message: OK}
- request:
    body: null
    headers:
      accept-encoding: ['gzip, deflate']
    method: !!python/unicode GET
    uri: http://localhost:9001/3.0/lists/list.example.com
  response:
    body: {string: !!python/unicode '{"display_name": "List", "fqdn_listname": "list@example.com",
        "http_etag": "\"e6a4f3c403f35e4c9a30c19f07bf0e36fa03e45b\"", "list_id": "list.example.com",
        "list_name": "list", "mail_host": "example.com", "member_count": 0, "self_link":
        "http://localhost:9001/3.0/lists/list.example.com", "volume": 1}'}
    headers:
      content-length: ['299']
      content-type: [application/json; charset=utf-8]
    status: {code: 200, message: OK}
- request:
    body: null
    headers:
      accept-encoding: ['gzip, deflate']
    method: !!python/unicode GET
    uri: http://localhost:9001/3.0/lists/list.example.com/roster/owner
  response:
    body: {string: !!python/unicode '{"entries": [{"address": "http://localhost:9001/3.0/addresses/owner@example.com",
        "delivery_mode": "regular", "email": "owner@example.com", "http_etag": "\"5da7648ed645f07459dadc82222ca8da369d4751\"",
        "list_id": "list.example.com", "member_id": 25, "moderation_action": "accept",
        "role": "owner", "self_link": "http://localhost:9001/3.0/members/25", "user":
        "http://localhost:9001/3.0/users/24"}], "http_etag": "\"c5228faf55238a9d70d82049179e244c20863821\"",
        "start": 0, "total_size": 1}'}
    headers:
      content-length: ['487']
      content-type: [application/json; charset=utf-8]
    status: {code: 200, message: OK}
- request:
    body: null
    headers:
      accept-encoding: ['gzip, deflate']
    method: !!python/unicode GET
    uri: http://localhost:9001/3.0/lists/list.example.com/roster/moderator
  response:
    body: {string: !!python/unicode '{"entries": [{"address": "http://localhost:9001/3.0/addresses/moderator@example.com",
        "delivery_mode": "regular", "email": "moderator@example.com", "http_etag":
        "\"54e43a6c9f25a34d8acb33e9218d06c65165b1b3\"", "list_id": "list.example.com",
        "member_id": 26, "moderation_action": "accept", "role": "moderator", "self_link":
        "http://localhost:9001/3.0/members/26", "user": "http://localhost:9001/3.0/users/25"}],
        "http_etag": "\"0c57e592caa7e3dcc95e0c95569be6f617aa5c38\"", "start": 0, "total_size":
        1}'}
    headers:
      content-length: ['499']
      content-type: [application/json; charset=utf-8]
    status: {code: 200, message: OK}
- request:
    body: null
    headers:
      accept-encoding: ['gzip, deflate']
    method: !!python/unicode GET
    uri: http://localhost:9001/3.0/lists/list.example.com
  response:
    body: {string: !!python/unicode '{"display_name": "List", "fqdn_listname": "list@example.com",
        "http_etag": "\"e6a4f3c403f35e4c9a30c19f07bf0e36fa03e45b\"", "list_id": "list.example.com",
        "list_name": "list", "mail_host": "example.com", "member_count": 0, "self_link":
        "http://localhost:9001/3.0/lists/list.example.com", "volume": 1}'}
    headers:
      content-length: ['299']
      content-type: [application/json; charset=utf-8]
    status: {code: 200, message: OK}
- request:
    body: null
    headers:
      accept-encoding: ['gzip, deflate']
    method: !!python/unicode GET
    uri: http://localhost:9001/3.0/lists/list.example.com/header-matches
  response:
    body: {string: !!python/unicode '{"http_etag": "\"32223434a0f3af4cdc4673d1fbc5bac1f6d98fd3\"",
        "start": 0, "total_size": 0}'}
    headers:
      content-length: ['90']
      content-type: [application/json; charset=utf-8]
    status: {code: 200, message: OK}
- request:
    body: null
    headers:
      accept-encoding: ['gzip, deflate']
    method: !!python/unicode GET
    uri: http://localhost:9001/3.0/lists/list.example.com/header-matches
  response:
    body: {string: !!python/unicode '{"http_etag": "\"32223434a0f3af4cdc4673d1fbc5bac1f6d98fd3\"",
        "start": 0, "total_size": 0}'}
    headers:
      content-length: ['90']
      content-type: [application/json; charset=utf-8]
    status: {code: 200, message: OK}
- request:
    body: null
    headers:
      accept-encoding: ['gzip, deflate']
    method: !!python/unicode GET
    uri: http://localhost:9001/3.0/domains
  response:
    body: {string: !!python/unicode '{"entries": [{"base_url": "http://example.com",
        "description": null, "http_etag": "\"e736411818ff1815ca83575e0958c38c5188f0a4\"",
        "mail_host": "example.com", "self_link": "http://localhost:9001/3.0/domains/example.com",
        "url_host": "example.com"}], "http_etag": "\"c385b155f8da284bf78dbe075e20f58a30c893ab\"",
        "start": 0, "total_size": 1}'}
    headers:
      content-length: ['338']
      content-type: [application/json; charset=utf-8]
    status: {code: 200, message: OK}
- request:
    body: null
    headers:
      accept-encoding: ['gzip, deflate']
    method: !!python/unicode DELETE
    uri: http://localhost:9001/3.0/domains/example.com
  response:
    body: {string: !!python/unicode ''}
    headers:
      content-length: ['0']
    status: {code: 204, message: No Content}
- request:
    body: null
    headers:
      accept-encoding: ['gzip, deflate']
    method: !!python/unicode GET
    uri: http://localhost:9001/3.0/users
  response:
    body: {string: !!python/unicode '{"entries": [{"created_on": "2005-08-01T07:49:23",
        "http_etag": "\"1e86381735f77312260a704e0b6dc204d733f858\"", "is_server_owner":
        false, "self_link": "http://localhost:9001/3.0/users/24", "user_id": 24},
        {"created_on": "2005-08-01T07:49:23", "http_etag": "\"0c3f6e8712fd05b9da49c42bf9600a5414b7958f\"",
        "is_server_owner": false, "self_link": "http://localhost:9001/3.0/users/25",
        "user_id": 25}], "http_etag": "\"c3280a2c91c60268840c851206755d59a4cf3100\"",
        "start": 0, "total_size": 2}'}
    headers:
      content-length: ['487']
      content-type: [application/json; charset=utf-8]
    status: {code: 200, message: OK}
- request:
    body: null
    headers:
      accept-encoding: ['gzip, deflate']
    method: !!python/unicode DELETE
    uri: http://localhost:9001/3.0/users/24
  response:
    body: {string: !!python/unicode ''}
    headers:
      content-length: ['0']
    status: {code: 204, message: No Content}
- request:
    body: null
    headers:
      accept-encoding: ['gzip, deflate']
    method: !!python/unicode DELETE
    uri: http://localhost:9001/3.0/users/25
  response:
    body: {string: !!python/unicode ''}
    headers:
      content-length: ['0']
    status: {code: 204, message: No Content}
version: 1
