interactions:
- request:
    body: mail_host=example.com
    headers:
      accept-encoding: ['gzip, deflate']
      !!python/unicode 'authorization': [!!python/unicode 'Basic cmVzdGFkbWluOnJlc3RwYXNz']
      !!python/unicode 'content-type': [!!python/unicode 'application/x-www-form-urlencoded']
      !!python/unicode 'user-agent': [!!python/unicode 'GNU Mailman REST client v1.0.0']
    method: !!python/unicode 'POST'
    uri: http://localhost:9001/3.0/domains
  response:
    body: {string: !!python/unicode 'Duplicate email host: example.com'}
    headers:
      content-length: ['33']
      content-type: [application/json; charset=utf-8]
      date: ['Wed, 11 Nov 2015 12:49:24 GMT']
      server: [WSGIServer/0.2 CPython/3.4.2]
    status: {code: 400, message: Bad Request}
- request:
    body: null
    headers:
      accept-encoding: ['gzip, deflate']
      !!python/unicode 'authorization': [!!python/unicode 'Basic cmVzdGFkbWluOnJlc3RwYXNz']
      !!python/unicode 'user-agent': [!!python/unicode 'GNU Mailman REST client v1.0.0']
    method: !!python/unicode 'GET'
    uri: http://localhost:9001/3.0/domains/example.com
  response:
    body: {string: !!python/unicode '{"http_etag": "\"e736411818ff1815ca83575e0958c38c5188f0a4\"",
        "description": null, "url_host": "example.com", "self_link": "http://localhost:9001/3.0/domains/example.com",
        "base_url": "http://example.com", "mail_host": "example.com"}'}
    headers:
      content-length: ['233']
      content-type: [application/json; charset=utf-8]
      date: ['Wed, 11 Nov 2015 12:49:24 GMT']
      server: [WSGIServer/0.2 CPython/3.4.2]
    status: {code: 200, message: OK}
- request:
    body: null
    headers:
      accept-encoding: ['gzip, deflate']
      !!python/unicode 'authorization': [!!python/unicode 'Basic cmVzdGFkbWluOnJlc3RwYXNz']
      !!python/unicode 'user-agent': [!!python/unicode 'GNU Mailman REST client v1.0.0']
    method: !!python/unicode 'GET'
    uri: http://localhost:9001/3.0/domains/example.com
  response:
    body: {string: !!python/unicode '{"http_etag": "\"e736411818ff1815ca83575e0958c38c5188f0a4\"",
        "description": null, "url_host": "example.com", "self_link": "http://localhost:9001/3.0/domains/example.com",
        "base_url": "http://example.com", "mail_host": "example.com"}'}
    headers:
      content-length: ['233']
      content-type: [application/json; charset=utf-8]
      date: ['Wed, 11 Nov 2015 12:49:24 GMT']
      server: [WSGIServer/0.2 CPython/3.4.2]
    status: {code: 200, message: OK}
- request:
    body: fqdn_listname=foo%40example.com
    headers:
      accept-encoding: ['gzip, deflate']
      !!python/unicode 'authorization': [!!python/unicode 'Basic cmVzdGFkbWluOnJlc3RwYXNz']
      !!python/unicode 'content-type': [!!python/unicode 'application/x-www-form-urlencoded']
      !!python/unicode 'user-agent': [!!python/unicode 'GNU Mailman REST client v1.0.0']
    method: !!python/unicode 'POST'
    uri: http://localhost:9001/3.0/lists
  response:
    body: {string: !!python/unicode ''}
    headers:
      content-length: ['0']
      date: ['Wed, 11 Nov 2015 12:49:24 GMT']
      location: ['http://localhost:9001/3.0/lists/foo.example.com']
      server: [WSGIServer/0.2 CPython/3.4.2]
    status: {code: 201, message: Created}
- request:
    body: null
    headers:
      accept-encoding: ['gzip, deflate']
      !!python/unicode 'authorization': [!!python/unicode 'Basic cmVzdGFkbWluOnJlc3RwYXNz']
      !!python/unicode 'user-agent': [!!python/unicode 'GNU Mailman REST client v1.0.0']
    method: !!python/unicode 'GET'
    uri: http://localhost:9001/3.0/lists/foo@example.com
  response:
    body: {string: !!python/unicode '{"display_name": "Foo", "list_id": "foo.example.com",
        "list_name": "foo", "fqdn_listname": "foo@example.com", "http_etag": "\"698a819bbb6b902096a8c5543cc7fac2328960d5\"",
        "member_count": 0, "self_link": "http://localhost:9001/3.0/lists/foo.example.com",
        "mail_host": "example.com", "volume": 1}'}
    headers:
      content-length: ['294']
      content-type: [application/json; charset=utf-8]
      date: ['Wed, 11 Nov 2015 12:49:24 GMT']
      server: [WSGIServer/0.2 CPython/3.4.2]
    status: {code: 200, message: OK}
- request:
    body: null
    headers:
      accept-encoding: ['gzip, deflate']
      !!python/unicode 'authorization': [!!python/unicode 'Basic cmVzdGFkbWluOnJlc3RwYXNz']
      !!python/unicode 'user-agent': [!!python/unicode 'GNU Mailman REST client v1.0.0']
    method: !!python/unicode 'GET'
    uri: http://localhost:9001/3.0/lists/foo@example.com/roster/member?count=25&page=1
  response:
    body: {string: !!python/unicode '{"http_etag": "\"32223434a0f3af4cdc4673d1fbc5bac1f6d98fd3\"",
        "total_size": 0, "start": 0}'}
    headers:
      content-length: ['90']
      content-type: [application/json; charset=utf-8]
      date: ['Wed, 11 Nov 2015 12:49:24 GMT']
      server: [WSGIServer/0.2 CPython/3.4.2]
    status: {code: 200, message: OK}
- request:
    body: null
    headers:
      accept-encoding: ['gzip, deflate']
      !!python/unicode 'authorization': [!!python/unicode 'Basic cmVzdGFkbWluOnJlc3RwYXNz']
      !!python/unicode 'user-agent': [!!python/unicode 'GNU Mailman REST client v1.0.0']
    method: !!python/unicode 'GET'
    uri: http://localhost:9001/3.0/users/su@example.com
  response:
    body: {string: !!python/unicode '404 Not Found'}
    headers:
      content-length: ['13']
      content-type: [application/json; charset=utf-8]
      date: ['Wed, 11 Nov 2015 08:52:07 GMT']
      server: [WSGIServer/0.2 CPython/3.4.2]
    status: {code: 404, message: Not Found}
- request:
    body: null
    headers:
      accept-encoding: ['gzip, deflate']
      !!python/unicode 'authorization': [!!python/unicode 'Basic cmVzdGFkbWluOnJlc3RwYXNz']
      !!python/unicode 'user-agent': [!!python/unicode 'GNU Mailman REST client v1.0.0']
    method: !!python/unicode 'GET'
    uri: http://localhost:9001/3.0/lists/foo.example.com/roster/owner
  response:
    body: {string: !!python/unicode '{"http_etag": "\"32223434a0f3af4cdc4673d1fbc5bac1f6d98fd3\"",
        "total_size": 0, "start": 0}'}
    headers:
      content-length: ['90']
      content-type: [application/json; charset=utf-8]
      date: ['Wed, 11 Nov 2015 12:49:24 GMT']
      server: [WSGIServer/0.2 CPython/3.4.2]
    status: {code: 200, message: OK}
- request:
    body: null
    headers:
      accept-encoding: ['gzip, deflate']
      !!python/unicode 'authorization': [!!python/unicode 'Basic cmVzdGFkbWluOnJlc3RwYXNz']
      !!python/unicode 'user-agent': [!!python/unicode 'GNU Mailman REST client v1.0.0']
    method: !!python/unicode 'GET'
    uri: http://localhost:9001/3.0/lists/foo.example.com/roster/moderator
  response:
    body: {string: !!python/unicode '{"http_etag": "\"32223434a0f3af4cdc4673d1fbc5bac1f6d98fd3\"",
        "total_size": 0, "start": 0}'}
    headers:
      content-length: ['90']
      content-type: [application/json; charset=utf-8]
      date: ['Wed, 11 Nov 2015 12:49:24 GMT']
      server: [WSGIServer/0.2 CPython/3.4.2]
    status: {code: 200, message: OK}
- request:
    body: role=owner&list_id=foo.example.com&subscriber=newowner%40example.com
    headers:
      accept-encoding: ['gzip, deflate']
      !!python/unicode 'authorization': [!!python/unicode 'Basic cmVzdGFkbWluOnJlc3RwYXNz']
      !!python/unicode 'content-type': [!!python/unicode 'application/x-www-form-urlencoded']
      !!python/unicode 'user-agent': [!!python/unicode 'GNU Mailman REST client v1.0.0']
    method: !!python/unicode 'POST'
    uri: http://localhost:9001/3.0/members
  response:
    body: {string: !!python/unicode ''}
    headers:
      content-length: ['0']
      date: ['Wed, 11 Nov 2015 12:49:25 GMT']
      location: ['http://localhost:9001/3.0/members/322630112487881799057132940066893476088']
      server: [WSGIServer/0.2 CPython/3.4.2]
    status: {code: 201, message: Created}
- request:
    body: null
    headers:
      accept-encoding: ['gzip, deflate']
      !!python/unicode 'authorization': [!!python/unicode 'Basic cmVzdGFkbWluOnJlc3RwYXNz']
      !!python/unicode 'user-agent': [!!python/unicode 'GNU Mailman REST client v1.0.0']
    method: !!python/unicode 'GET'
    uri: http://localhost:9001/3.0/lists/foo.example.com/roster/owner
  response:
    body: {string: !!python/unicode '{"entries": [{"self_link": "http://localhost:9001/3.0/members/322630112487881799057132940066893476088",
        "user": "http://localhost:9001/3.0/users/157359395161973632801276631076644754855",
        "http_etag": "\"0cf72d98452f44ded67922d19d435fe95763813d\"", "list_id": "foo.example.com",
        "address": "http://localhost:9001/3.0/addresses/newowner@example.com", "role":
        "owner", "member_id": 322630112487881799057132940066893476088, "delivery_mode":
        "regular", "email": "newowner@example.com"}], "http_etag": "\"3204f3317fc775b5ff8b6e9a7dee36025918729e\"",
        "total_size": 1, "start": 0}'}
    headers:
      content-length: ['572']
      content-type: [application/json; charset=utf-8]
      date: ['Wed, 11 Nov 2015 12:49:25 GMT']
      server: [WSGIServer/0.2 CPython/3.4.2]
    status: {code: 200, message: OK}
- request:
    body: null
    headers:
      accept-encoding: ['gzip, deflate']
      !!python/unicode 'authorization': [!!python/unicode 'Basic cmVzdGFkbWluOnJlc3RwYXNz']
      !!python/unicode 'user-agent': [!!python/unicode 'GNU Mailman REST client v1.0.0']
    method: !!python/unicode 'GET'
    uri: http://localhost:9001/3.0/lists/foo.example.com/roster/moderator
  response:
    body: {string: !!python/unicode '{"http_etag": "\"32223434a0f3af4cdc4673d1fbc5bac1f6d98fd3\"",
        "total_size": 0, "start": 0}'}
    headers:
      content-length: ['90']
      content-type: [application/json; charset=utf-8]
      date: ['Wed, 11 Nov 2015 12:49:25 GMT']
      server: [WSGIServer/0.2 CPython/3.4.2]
    status: {code: 200, message: OK}
- request:
    body: null
    headers:
      accept-encoding: ['gzip, deflate']
      !!python/unicode 'authorization': [!!python/unicode 'Basic cmVzdGFkbWluOnJlc3RwYXNz']
      !!python/unicode 'user-agent': [!!python/unicode 'GNU Mailman REST client v1.0.0']
    method: !!python/unicode 'GET'
    uri: http://localhost:9001/3.0/lists/foo.example.com/roster/owner
  response:
    body: {string: !!python/unicode '{"entries": [{"self_link": "http://localhost:9001/3.0/members/322630112487881799057132940066893476088",
        "user": "http://localhost:9001/3.0/users/157359395161973632801276631076644754855",
        "http_etag": "\"0cf72d98452f44ded67922d19d435fe95763813d\"", "list_id": "foo.example.com",
        "address": "http://localhost:9001/3.0/addresses/newowner@example.com", "role":
        "owner", "member_id": 322630112487881799057132940066893476088, "delivery_mode":
        "regular", "email": "newowner@example.com"}], "http_etag": "\"3204f3317fc775b5ff8b6e9a7dee36025918729e\"",
        "total_size": 1, "start": 0}'}
    headers:
      content-length: ['572']
      content-type: [application/json; charset=utf-8]
      date: ['Wed, 11 Nov 2015 12:49:25 GMT']
      server: [WSGIServer/0.2 CPython/3.4.2]
    status: {code: 200, message: OK}
- request:
    body: null
    headers:
      accept-encoding: ['gzip, deflate']
      !!python/unicode 'authorization': [!!python/unicode 'Basic cmVzdGFkbWluOnJlc3RwYXNz']
      !!python/unicode 'user-agent': [!!python/unicode 'GNU Mailman REST client v1.0.0']
    method: !!python/unicode 'GET'
    uri: http://localhost:9001/3.0/lists/foo.example.com
  response:
    body: {string: !!python/unicode '{"display_name": "Foo", "list_id": "foo.example.com",
        "list_name": "foo", "fqdn_listname": "foo@example.com", "http_etag": "\"698a819bbb6b902096a8c5543cc7fac2328960d5\"",
        "member_count": 0, "self_link": "http://localhost:9001/3.0/lists/foo.example.com",
        "mail_host": "example.com", "volume": 1}'}
    headers:
      content-length: ['294']
      content-type: [application/json; charset=utf-8]
      date: ['Wed, 11 Nov 2015 12:49:25 GMT']
      server: [WSGIServer/0.2 CPython/3.4.2]
    status: {code: 200, message: OK}
- request:
    body: null
    headers:
      accept-encoding: ['gzip, deflate']
      !!python/unicode 'authorization': [!!python/unicode 'Basic cmVzdGFkbWluOnJlc3RwYXNz']
      !!python/unicode 'user-agent': [!!python/unicode 'GNU Mailman REST client v1.0.0']
    method: !!python/unicode 'DELETE'
    uri: http://localhost:9001/3.0/lists/foo@example.com
  response:
    body: {string: !!python/unicode ''}
    headers:
      content-length: ['0']
      date: ['Wed, 11 Nov 2015 12:49:25 GMT']
      server: [WSGIServer/0.2 CPython/3.4.2]
    status: {code: 204, message: No Content}
version: 1
