interactions:
- request:
    body: mail_host=example.com
    headers:
      accept-encoding: ['gzip, deflate']
      !!python/unicode content-type: [!!python/unicode application/x-www-form-urlencoded]
    method: !!python/unicode POST
    uri: http://localhost:9001/3.0/domains
  response:
    body: {string: !!python/unicode ''}
    headers:
      content-length: ['0']
      location: ['http://localhost:9001/3.0/domains/example.com']
    status: {code: 201, message: Created}
- request:
    body: null
    headers:
      accept-encoding: ['gzip, deflate']
    method: !!python/unicode GET
    uri: http://localhost:9001/3.0/domains/example.com
  response:
    body: {string: !!python/unicode '{"self_link": "http://localhost:9001/3.0/domains/example.com",
        "http_etag": "\"e736411818ff1815ca83575e0958c38c5188f0a4\"", "mail_host":
        "example.com", "url_host": "example.com", "base_url": "http://example.com",
        "description": null}'}
    headers:
      content-length: ['233']
      content-type: [application/json; charset=utf-8]
    status: {code: 200, message: OK}
- request:
    body: fqdn_listname=open_list%40example.com
    headers:
      accept-encoding: ['gzip, deflate']
      !!python/unicode content-type: [!!python/unicode application/x-www-form-urlencoded]
    method: !!python/unicode POST
    uri: http://localhost:9001/3.0/lists
  response:
    body: {string: !!python/unicode ''}
    headers:
      content-length: ['0']
      location: ['http://localhost:9001/3.0/lists/open_list.example.com']
    status: {code: 201, message: Created}
- request:
    body: null
    headers:
      accept-encoding: ['gzip, deflate']
    method: !!python/unicode GET
    uri: http://localhost:9001/3.0/lists/open_list.example.com
  response:
    body: {string: !!python/unicode '{"member_count": 0, "list_name": "open_list",
        "display_name": "Open_list", "list_id": "open_list.example.com", "fqdn_listname":
        "open_list@example.com", "self_link": "http://localhost:9001/3.0/lists/open_list.example.com",
        "volume": 1, "mail_host": "example.com", "http_etag": "\"6726e101e1dd1de6043eee72f741d4c2479f4735\""}'}
    headers:
      content-length: ['324']
      content-type: [application/json; charset=utf-8]
    status: {code: 200, message: OK}
- request:
    body: null
    headers:
      accept-encoding: ['gzip, deflate']
    method: !!python/unicode GET
    uri: http://localhost:9001/3.0/lists/open_list@example.com/config
  response:
    body: {string: !!python/unicode '{"admin_immed_notify": true, "last_post_at":
        null, "welcome_message_uri": "mailman:///welcome.txt", "filter_content": false,
        "display_name": "Open_list", "acceptable_aliases": [], "web_host": "example.com",
        "convert_html_to_plaintext": false, "autorespond_requests": "none", "digest_volume_frequency":
        "monthly", "description": "", "collapse_alternatives": true, "autoresponse_owner_text":
        "", "join_address": "open_list-join@example.com", "fqdn_listname": "open_list@example.com",
        "no_reply_address": "noreply@example.com", "posting_address": "open_list@example.com",
        "autorespond_postings": "none", "owner_address": "open_list-owner@example.com",
        "allow_list_posts": true, "autoresponse_postings_text": "", "posting_pipeline":
        "default-posting-pipeline", "subscription_policy": "confirm", "mail_host":
        "example.com", "http_etag": "\"f56d0e003f7b8ffcbd8c15b17472ded1108c5bf6\"",
        "list_name": "open_list", "default_nonmember_action": "hold", "first_strip_reply_to":
        false, "digest_send_periodic": true, "admin_notify_mchanges": false, "autoresponse_grace_period":
        "90d", "request_address": "open_list-request@example.com", "digests_enabled":
        true, "advertised": true, "volume": 1, "autorespond_owner": "none", "next_digest_number":
        1, "reply_to_address": "", "send_welcome_message": true, "post_id": 1, "scheme":
        "http", "archive_policy": "public", "autoresponse_request_text": "", "reply_goes_to_list":
        "no_munging", "anonymous_list": false, "leave_address": "open_list-leave@example.com",
        "subject_prefix": "[Open_list] ", "bounces_address": "open_list-bounces@example.com",
        "default_member_action": "defer", "created_at": "2016-01-23T01:15:00.836908",
        "digest_size_threshold": 30.0, "administrivia": true, "digest_last_sent_at":
        null, "include_rfc2369_headers": true}'}
    headers:
      content-length: ['1770']
      content-type: [application/json; charset=utf-8]
    status: {code: 200, message: OK}
- request:
    body: subscription_policy=open
    headers:
      accept-encoding: ['gzip, deflate']
      !!python/unicode content-type: [!!python/unicode application/x-www-form-urlencoded]
    method: !!python/unicode PATCH
    uri: http://localhost:9001/3.0/lists/open_list@example.com/config
  response:
    body: {string: !!python/unicode ''}
    headers:
      content-length: ['0']
    status: {code: 204, message: No Content}
- request:
    body: fqdn_listname=moderate_subs%40example.com
    headers:
      accept-encoding: ['gzip, deflate']
      !!python/unicode content-type: [!!python/unicode application/x-www-form-urlencoded]
    method: !!python/unicode POST
    uri: http://localhost:9001/3.0/lists
  response:
    body: {string: !!python/unicode ''}
    headers:
      content-length: ['0']
      location: ['http://localhost:9001/3.0/lists/moderate_subs.example.com']
    status: {code: 201, message: Created}
- request:
    body: null
    headers:
      accept-encoding: ['gzip, deflate']
    method: !!python/unicode GET
    uri: http://localhost:9001/3.0/lists/moderate_subs.example.com
  response:
    body: {string: !!python/unicode '{"member_count": 0, "list_name": "moderate_subs",
        "display_name": "Moderate_subs", "list_id": "moderate_subs.example.com", "fqdn_listname":
        "moderate_subs@example.com", "self_link": "http://localhost:9001/3.0/lists/moderate_subs.example.com",
        "volume": 1, "mail_host": "example.com", "http_etag": "\"4cf5a031a451ad84a54e4c708cacda8e676e617f\""}'}
    headers:
      content-length: ['344']
      content-type: [application/json; charset=utf-8]
    status: {code: 200, message: OK}
- request:
    body: null
    headers:
      accept-encoding: ['gzip, deflate']
    method: !!python/unicode GET
    uri: http://localhost:9001/3.0/lists/moderate_subs@example.com/config
  response:
    body: {string: !!python/unicode '{"admin_immed_notify": true, "last_post_at":
        null, "welcome_message_uri": "mailman:///welcome.txt", "filter_content": false,
        "display_name": "Moderate_subs", "acceptable_aliases": [], "web_host": "example.com",
        "convert_html_to_plaintext": false, "autorespond_requests": "none", "digest_volume_frequency":
        "monthly", "description": "", "collapse_alternatives": true, "autoresponse_owner_text":
        "", "join_address": "moderate_subs-join@example.com", "fqdn_listname": "moderate_subs@example.com",
        "no_reply_address": "noreply@example.com", "posting_address": "moderate_subs@example.com",
        "autorespond_postings": "none", "owner_address": "moderate_subs-owner@example.com",
        "allow_list_posts": true, "autoresponse_postings_text": "", "posting_pipeline":
        "default-posting-pipeline", "subscription_policy": "confirm", "mail_host":
        "example.com", "http_etag": "\"d88ce55a59514efe934e4cdc9591dc5af68b83e2\"",
        "list_name": "moderate_subs", "default_nonmember_action": "hold", "first_strip_reply_to":
        false, "digest_send_periodic": true, "admin_notify_mchanges": false, "autoresponse_grace_period":
        "90d", "request_address": "moderate_subs-request@example.com", "digests_enabled":
        true, "advertised": true, "volume": 1, "autorespond_owner": "none", "next_digest_number":
        1, "reply_to_address": "", "send_welcome_message": true, "post_id": 1, "scheme":
        "http", "archive_policy": "public", "autoresponse_request_text": "", "reply_goes_to_list":
        "no_munging", "anonymous_list": false, "leave_address": "moderate_subs-leave@example.com",
        "subject_prefix": "[Moderate_subs] ", "bounces_address": "moderate_subs-bounces@example.com",
        "default_member_action": "defer", "created_at": "2016-01-23T01:15:01.180009",
        "digest_size_threshold": 30.0, "administrivia": true, "digest_last_sent_at":
        null, "include_rfc2369_headers": true}'}
    headers:
      content-length: ['1810']
      content-type: [application/json; charset=utf-8]
    status: {code: 200, message: OK}
- request:
    body: subscription_policy=moderate
    headers:
      accept-encoding: ['gzip, deflate']
      !!python/unicode content-type: [!!python/unicode application/x-www-form-urlencoded]
    method: !!python/unicode PATCH
    uri: http://localhost:9001/3.0/lists/moderate_subs@example.com/config
  response:
    body: {string: !!python/unicode ''}
    headers:
      content-length: ['0']
    status: {code: 204, message: No Content}
- request:
    body: email=test%40example.com
    headers:
      accept-encoding: ['gzip, deflate']
      !!python/unicode content-type: [!!python/unicode application/x-www-form-urlencoded]
    method: !!python/unicode POST
    uri: http://localhost:9001/3.0/users
  response:
    body: {string: !!python/unicode ''}
    headers:
      content-length: ['0']
      location: ['http://localhost:9001/3.0/users/96791921126719655979375158091200338260']
    status: {code: 201, message: Created}
- request:
    body: email=fritz%40example.org
    headers:
      accept-encoding: ['gzip, deflate']
      !!python/unicode content-type: [!!python/unicode application/x-www-form-urlencoded]
    method: !!python/unicode POST
    uri: http://localhost:9001/3.0/users/96791921126719655979375158091200338260/addresses
  response:
    body: {string: !!python/unicode ''}
    headers:
      content-length: ['0']
      location: ['http://localhost:9001/3.0/addresses/fritz@example.org']
    status: {code: 201, message: Created}
- request:
    body: null
    headers:
      accept-encoding: ['gzip, deflate']
    method: !!python/unicode POST
    uri: http://localhost:9001/3.0/addresses/fritz@example.org/verify
  response:
    body: {string: !!python/unicode ''}
    headers:
      content-length: ['0']
    status: {code: 204, message: No Content}
- request:
    body: null
    headers:
      accept-encoding: ['gzip, deflate']
    method: !!python/unicode GET
    uri: http://localhost:9001/3.0/lists/open_list@example.com/requests
  response:
    body: {string: !!python/unicode '{"http_etag": "\"32223434a0f3af4cdc4673d1fbc5bac1f6d98fd3\"",
        "total_size": 0, "start": 0}'}
    headers:
      content-length: ['90']
      content-type: [application/json; charset=utf-8]
    status: {code: 200, message: OK}
- request:
    body: null
    headers:
      accept-encoding: ['gzip, deflate']
    method: !!python/unicode GET
    uri: http://localhost:9001/3.0/lists/moderate_subs@example.com/requests
  response:
    body: {string: !!python/unicode '{"http_etag": "\"13b425cab32463baf092109484800ee4c459ce7c\"",
        "total_size": 1, "entries": [{"when": "2016-01-23T01:15:02", "email": "fritz@example.org",
        "type": "subscription", "token_owner": "moderator", "token": "ac60df21ec5786d6719e9ee44fe699956edf5178",
        "display_name": "", "list_id": "moderate_subs.example.com", "http_etag": "\"1f9d4748e1d2c5b0cc4f38b101a9810acc08de02\""}],
        "start": 0}'}
    headers:
      content-length: ['392']
      content-type: [application/json; charset=utf-8]
    status: {code: 200, message: OK}
- request:
    body: action=discard
    headers:
      accept-encoding: ['gzip, deflate']
      !!python/unicode content-type: [!!python/unicode application/x-www-form-urlencoded]
    method: !!python/unicode POST
    uri: http://localhost:9001/3.0/lists/moderate_subs.example.com/requests/ac60df21ec5786d6719e9ee44fe699956edf5178
  response:
    body: {string: !!python/unicode ''}
    headers:
      content-length: ['0']
    status: {code: 204, message: No Content}
- request:
    body: null
    headers:
      accept-encoding: ['gzip, deflate']
    method: !!python/unicode DELETE
    uri: http://localhost:9001/3.0/lists/open_list@example.com
  response:
    body: {string: !!python/unicode ''}
    headers:
      content-length: ['0']
    status: {code: 204, message: No Content}
- request:
    body: null
    headers:
      accept-encoding: ['gzip, deflate']
    method: !!python/unicode DELETE
    uri: http://localhost:9001/3.0/lists/moderate_subs@example.com
  response:
    body: {string: !!python/unicode ''}
    headers:
      content-length: ['0']
    status: {code: 204, message: No Content}
- request:
    body: null
    headers:
      accept-encoding: ['gzip, deflate']
    method: !!python/unicode DELETE
    uri: http://localhost:9001/3.0/users/96791921126719655979375158091200338260
  response:
    body: {string: !!python/unicode ''}
    headers:
      content-length: ['0']
    status: {code: 204, message: No Content}
- request:
    body: null
    headers:
      accept-encoding: ['gzip, deflate']
    method: !!python/unicode DELETE
    uri: http://localhost:9001/3.0/domains/example.com
  response:
    body: {string: !!python/unicode ''}
    headers:
      content-length: ['0']
    status: {code: 204, message: No Content}
- request:
    body: mail_host=example.com
    headers:
      accept-encoding: ['gzip, deflate']
      !!python/unicode content-type: [!!python/unicode application/x-www-form-urlencoded]
    method: !!python/unicode POST
    uri: http://localhost:9001/3.0/domains
  response:
    body: {string: !!python/unicode ''}
    headers:
      content-length: ['0']
      location: ['http://localhost:9001/3.0/domains/example.com']
    status: {code: 201, message: Created}
- request:
    body: null
    headers:
      accept-encoding: ['gzip, deflate']
    method: !!python/unicode GET
    uri: http://localhost:9001/3.0/domains/example.com
  response:
    body: {string: !!python/unicode '{"self_link": "http://localhost:9001/3.0/domains/example.com",
        "http_etag": "\"e736411818ff1815ca83575e0958c38c5188f0a4\"", "mail_host":
        "example.com", "url_host": "example.com", "base_url": "http://example.com",
        "description": null}'}
    headers:
      content-length: ['233']
      content-type: [application/json; charset=utf-8]
    status: {code: 200, message: OK}
- request:
    body: fqdn_listname=open_list%40example.com
    headers:
      accept-encoding: ['gzip, deflate']
      !!python/unicode content-type: [!!python/unicode application/x-www-form-urlencoded]
    method: !!python/unicode POST
    uri: http://localhost:9001/3.0/lists
  response:
    body: {string: !!python/unicode ''}
    headers:
      content-length: ['0']
      location: ['http://localhost:9001/3.0/lists/open_list.example.com']
    status: {code: 201, message: Created}
- request:
    body: null
    headers:
      accept-encoding: ['gzip, deflate']
    method: !!python/unicode GET
    uri: http://localhost:9001/3.0/lists/open_list.example.com
  response:
    body: {string: !!python/unicode '{"member_count": 0, "list_name": "open_list",
        "display_name": "Open_list", "list_id": "open_list.example.com", "fqdn_listname":
        "open_list@example.com", "self_link": "http://localhost:9001/3.0/lists/open_list.example.com",
        "volume": 1, "mail_host": "example.com", "http_etag": "\"6726e101e1dd1de6043eee72f741d4c2479f4735\""}'}
    headers:
      content-length: ['324']
      content-type: [application/json; charset=utf-8]
    status: {code: 200, message: OK}
- request:
    body: null
    headers:
      accept-encoding: ['gzip, deflate']
    method: !!python/unicode GET
    uri: http://localhost:9001/3.0/lists/open_list@example.com/config
  response:
    body: {string: !!python/unicode '{"admin_immed_notify": true, "last_post_at":
        null, "welcome_message_uri": "mailman:///welcome.txt", "filter_content": false,
        "display_name": "Open_list", "acceptable_aliases": [], "web_host": "example.com",
        "convert_html_to_plaintext": false, "autorespond_requests": "none", "digest_volume_frequency":
        "monthly", "description": "", "collapse_alternatives": true, "autoresponse_owner_text":
        "", "join_address": "open_list-join@example.com", "fqdn_listname": "open_list@example.com",
        "no_reply_address": "noreply@example.com", "posting_address": "open_list@example.com",
        "autorespond_postings": "none", "owner_address": "open_list-owner@example.com",
        "allow_list_posts": true, "autoresponse_postings_text": "", "posting_pipeline":
        "default-posting-pipeline", "subscription_policy": "confirm", "mail_host":
        "example.com", "http_etag": "\"0f2aaf7b58e9b9122459427a2803cac64c0679e7\"",
        "list_name": "open_list", "default_nonmember_action": "hold", "first_strip_reply_to":
        false, "digest_send_periodic": true, "admin_notify_mchanges": false, "autoresponse_grace_period":
        "90d", "request_address": "open_list-request@example.com", "digests_enabled":
        true, "advertised": true, "volume": 1, "autorespond_owner": "none", "next_digest_number":
        1, "reply_to_address": "", "send_welcome_message": true, "post_id": 1, "scheme":
        "http", "archive_policy": "public", "autoresponse_request_text": "", "reply_goes_to_list":
        "no_munging", "anonymous_list": false, "leave_address": "open_list-leave@example.com",
        "subject_prefix": "[Open_list] ", "bounces_address": "open_list-bounces@example.com",
        "default_member_action": "defer", "created_at": "2016-01-23T01:15:03.614585",
        "digest_size_threshold": 30.0, "administrivia": true, "digest_last_sent_at":
        null, "include_rfc2369_headers": true}'}
    headers:
      content-length: ['1770']
      content-type: [application/json; charset=utf-8]
    status: {code: 200, message: OK}
- request:
    body: subscription_policy=open
    headers:
      accept-encoding: ['gzip, deflate']
      !!python/unicode content-type: [!!python/unicode application/x-www-form-urlencoded]
    method: !!python/unicode PATCH
    uri: http://localhost:9001/3.0/lists/open_list@example.com/config
  response:
    body: {string: !!python/unicode ''}
    headers:
      content-length: ['0']
    status: {code: 204, message: No Content}
- request:
    body: fqdn_listname=moderate_subs%40example.com
    headers:
      accept-encoding: ['gzip, deflate']
      !!python/unicode content-type: [!!python/unicode application/x-www-form-urlencoded]
    method: !!python/unicode POST
    uri: http://localhost:9001/3.0/lists
  response:
    body: {string: !!python/unicode ''}
    headers:
      content-length: ['0']
      location: ['http://localhost:9001/3.0/lists/moderate_subs.example.com']
    status: {code: 201, message: Created}
- request:
    body: null
    headers:
      accept-encoding: ['gzip, deflate']
    method: !!python/unicode GET
    uri: http://localhost:9001/3.0/lists/moderate_subs.example.com
  response:
    body: {string: !!python/unicode '{"member_count": 0, "list_name": "moderate_subs",
        "display_name": "Moderate_subs", "list_id": "moderate_subs.example.com", "fqdn_listname":
        "moderate_subs@example.com", "self_link": "http://localhost:9001/3.0/lists/moderate_subs.example.com",
        "volume": 1, "mail_host": "example.com", "http_etag": "\"4cf5a031a451ad84a54e4c708cacda8e676e617f\""}'}
    headers:
      content-length: ['344']
      content-type: [application/json; charset=utf-8]
    status: {code: 200, message: OK}
- request:
    body: null
    headers:
      accept-encoding: ['gzip, deflate']
    method: !!python/unicode GET
    uri: http://localhost:9001/3.0/lists/moderate_subs@example.com/config
  response:
    body: {string: !!python/unicode '{"admin_immed_notify": true, "last_post_at":
        null, "welcome_message_uri": "mailman:///welcome.txt", "filter_content": false,
        "display_name": "Moderate_subs", "acceptable_aliases": [], "web_host": "example.com",
        "convert_html_to_plaintext": false, "autorespond_requests": "none", "digest_volume_frequency":
        "monthly", "description": "", "collapse_alternatives": true, "autoresponse_owner_text":
        "", "join_address": "moderate_subs-join@example.com", "fqdn_listname": "moderate_subs@example.com",
        "no_reply_address": "noreply@example.com", "posting_address": "moderate_subs@example.com",
        "autorespond_postings": "none", "owner_address": "moderate_subs-owner@example.com",
        "allow_list_posts": true, "autoresponse_postings_text": "", "posting_pipeline":
        "default-posting-pipeline", "subscription_policy": "confirm", "mail_host":
        "example.com", "http_etag": "\"78af87552ead2456e8e788bbcc0790b2dca770e3\"",
        "list_name": "moderate_subs", "default_nonmember_action": "hold", "first_strip_reply_to":
        false, "digest_send_periodic": true, "admin_notify_mchanges": false, "autoresponse_grace_period":
        "90d", "request_address": "moderate_subs-request@example.com", "digests_enabled":
        true, "advertised": true, "volume": 1, "autorespond_owner": "none", "next_digest_number":
        1, "reply_to_address": "", "send_welcome_message": true, "post_id": 1, "scheme":
        "http", "archive_policy": "public", "autoresponse_request_text": "", "reply_goes_to_list":
        "no_munging", "anonymous_list": false, "leave_address": "moderate_subs-leave@example.com",
        "subject_prefix": "[Moderate_subs] ", "bounces_address": "moderate_subs-bounces@example.com",
        "default_member_action": "defer", "created_at": "2016-01-23T01:15:03.945858",
        "digest_size_threshold": 30.0, "administrivia": true, "digest_last_sent_at":
        null, "include_rfc2369_headers": true}'}
    headers:
      content-length: ['1810']
      content-type: [application/json; charset=utf-8]
    status: {code: 200, message: OK}
- request:
    body: subscription_policy=moderate
    headers:
      accept-encoding: ['gzip, deflate']
      !!python/unicode content-type: [!!python/unicode application/x-www-form-urlencoded]
    method: !!python/unicode PATCH
    uri: http://localhost:9001/3.0/lists/moderate_subs@example.com/config
  response:
    body: {string: !!python/unicode ''}
    headers:
      content-length: ['0']
    status: {code: 204, message: No Content}
- request:
    body: email=test%40example.com
    headers:
      accept-encoding: ['gzip, deflate']
      !!python/unicode content-type: [!!python/unicode application/x-www-form-urlencoded]
    method: !!python/unicode POST
    uri: http://localhost:9001/3.0/users
  response:
    body: {string: !!python/unicode ''}
    headers:
      content-length: ['0']
      location: ['http://localhost:9001/3.0/users/241613429579098249340279334636589859291']
    status: {code: 201, message: Created}
- request:
    body: email=fritz%40example.org
    headers:
      accept-encoding: ['gzip, deflate']
      !!python/unicode content-type: [!!python/unicode application/x-www-form-urlencoded]
    method: !!python/unicode POST
    uri: http://localhost:9001/3.0/users/241613429579098249340279334636589859291/addresses
  response:
    body: {string: !!python/unicode ''}
    headers:
      content-length: ['0']
      location: ['http://localhost:9001/3.0/addresses/fritz@example.org']
    status: {code: 201, message: Created}
- request:
    body: null
    headers:
      accept-encoding: ['gzip, deflate']
    method: !!python/unicode POST
    uri: http://localhost:9001/3.0/addresses/fritz@example.org/verify
  response:
    body: {string: !!python/unicode ''}
    headers:
      content-length: ['0']
    status: {code: 204, message: No Content}
- request:
    body: null
    headers:
      accept-encoding: ['gzip, deflate']
    method: !!python/unicode GET
    uri: http://localhost:9001/3.0/lists/open_list@example.com/requests
  response:
    body: {string: !!python/unicode '{"http_etag": "\"32223434a0f3af4cdc4673d1fbc5bac1f6d98fd3\"",
        "total_size": 0, "start": 0}'}
    headers:
      content-length: ['90']
      content-type: [application/json; charset=utf-8]
    status: {code: 200, message: OK}
- request:
    body: null
    headers:
      accept-encoding: ['gzip, deflate']
    method: !!python/unicode GET
    uri: http://localhost:9001/3.0/lists/moderate_subs@example.com/requests
  response:
    body: {string: !!python/unicode '{"http_etag": "\"32223434a0f3af4cdc4673d1fbc5bac1f6d98fd3\"",
        "total_size": 0, "start": 0}'}
    headers:
      content-length: ['90']
      content-type: [application/json; charset=utf-8]
    status: {code: 200, message: OK}
- request:
    body: null
    headers:
      accept-encoding: ['gzip, deflate']
    method: !!python/unicode DELETE
    uri: http://localhost:9001/3.0/lists/open_list@example.com
  response:
    body: {string: !!python/unicode ''}
    headers:
      content-length: ['0']
    status: {code: 204, message: No Content}
- request:
    body: null
    headers:
      accept-encoding: ['gzip, deflate']
    method: !!python/unicode DELETE
    uri: http://localhost:9001/3.0/lists/moderate_subs@example.com
  response:
    body: {string: !!python/unicode ''}
    headers:
      content-length: ['0']
    status: {code: 204, message: No Content}
- request:
    body: null
    headers:
      accept-encoding: ['gzip, deflate']
    method: !!python/unicode DELETE
    uri: http://localhost:9001/3.0/users/241613429579098249340279334636589859291
  response:
    body: {string: !!python/unicode ''}
    headers:
      content-length: ['0']
    status: {code: 204, message: No Content}
- request:
    body: null
    headers:
      accept-encoding: ['gzip, deflate']
    method: !!python/unicode DELETE
    uri: http://localhost:9001/3.0/domains/example.com
  response:
    body: {string: !!python/unicode ''}
    headers:
      content-length: ['0']
    status: {code: 204, message: No Content}
- request:
    body: mail_host=example.com
    headers:
      accept-encoding: ['gzip, deflate']
      !!python/unicode content-type: [!!python/unicode application/x-www-form-urlencoded]
    method: !!python/unicode POST
    uri: http://localhost:9001/3.0/domains
  response:
    body: {string: !!python/unicode ''}
    headers:
      content-length: ['0']
      location: ['http://localhost:9001/3.0/domains/example.com']
    status: {code: 201, message: Created}
- request:
    body: null
    headers:
      accept-encoding: ['gzip, deflate']
    method: !!python/unicode GET
    uri: http://localhost:9001/3.0/domains/example.com
  response:
    body: {string: !!python/unicode '{"self_link": "http://localhost:9001/3.0/domains/example.com",
        "http_etag": "\"e736411818ff1815ca83575e0958c38c5188f0a4\"", "mail_host":
        "example.com", "url_host": "example.com", "base_url": "http://example.com",
        "description": null}'}
    headers:
      content-length: ['233']
      content-type: [application/json; charset=utf-8]
    status: {code: 200, message: OK}
- request:
    body: fqdn_listname=open_list%40example.com
    headers:
      accept-encoding: ['gzip, deflate']
      !!python/unicode content-type: [!!python/unicode application/x-www-form-urlencoded]
    method: !!python/unicode POST
    uri: http://localhost:9001/3.0/lists
  response:
    body: {string: !!python/unicode ''}
    headers:
      content-length: ['0']
      location: ['http://localhost:9001/3.0/lists/open_list.example.com']
    status: {code: 201, message: Created}
- request:
    body: null
    headers:
      accept-encoding: ['gzip, deflate']
    method: !!python/unicode GET
    uri: http://localhost:9001/3.0/lists/open_list.example.com
  response:
    body: {string: !!python/unicode '{"member_count": 0, "list_name": "open_list",
        "display_name": "Open_list", "list_id": "open_list.example.com", "fqdn_listname":
        "open_list@example.com", "self_link": "http://localhost:9001/3.0/lists/open_list.example.com",
        "volume": 1, "mail_host": "example.com", "http_etag": "\"6726e101e1dd1de6043eee72f741d4c2479f4735\""}'}
    headers:
      content-length: ['324']
      content-type: [application/json; charset=utf-8]
    status: {code: 200, message: OK}
- request:
    body: null
    headers:
      accept-encoding: ['gzip, deflate']
    method: !!python/unicode GET
    uri: http://localhost:9001/3.0/lists/open_list@example.com/config
  response:
    body: {string: !!python/unicode '{"admin_immed_notify": true, "last_post_at":
        null, "welcome_message_uri": "mailman:///welcome.txt", "filter_content": false,
        "display_name": "Open_list", "acceptable_aliases": [], "web_host": "example.com",
        "convert_html_to_plaintext": false, "autorespond_requests": "none", "digest_volume_frequency":
        "monthly", "description": "", "collapse_alternatives": true, "autoresponse_owner_text":
        "", "join_address": "open_list-join@example.com", "fqdn_listname": "open_list@example.com",
        "no_reply_address": "noreply@example.com", "posting_address": "open_list@example.com",
        "autorespond_postings": "none", "owner_address": "open_list-owner@example.com",
        "allow_list_posts": true, "autoresponse_postings_text": "", "posting_pipeline":
        "default-posting-pipeline", "subscription_policy": "confirm", "mail_host":
        "example.com", "http_etag": "\"951b3027d50ca626565a06a34821444222888eef\"",
        "list_name": "open_list", "default_nonmember_action": "hold", "first_strip_reply_to":
        false, "digest_send_periodic": true, "admin_notify_mchanges": false, "autoresponse_grace_period":
        "90d", "request_address": "open_list-request@example.com", "digests_enabled":
        true, "advertised": true, "volume": 1, "autorespond_owner": "none", "next_digest_number":
        1, "reply_to_address": "", "send_welcome_message": true, "post_id": 1, "scheme":
        "http", "archive_policy": "public", "autoresponse_request_text": "", "reply_goes_to_list":
        "no_munging", "anonymous_list": false, "leave_address": "open_list-leave@example.com",
        "subject_prefix": "[Open_list] ", "bounces_address": "open_list-bounces@example.com",
        "default_member_action": "defer", "created_at": "2016-01-23T01:15:06.486279",
        "digest_size_threshold": 30.0, "administrivia": true, "digest_last_sent_at":
        null, "include_rfc2369_headers": true}'}
    headers:
      content-length: ['1770']
      content-type: [application/json; charset=utf-8]
    status: {code: 200, message: OK}
- request:
    body: subscription_policy=open
    headers:
      accept-encoding: ['gzip, deflate']
      !!python/unicode content-type: [!!python/unicode application/x-www-form-urlencoded]
    method: !!python/unicode PATCH
    uri: http://localhost:9001/3.0/lists/open_list@example.com/config
  response:
    body: {string: !!python/unicode ''}
    headers:
      content-length: ['0']
    status: {code: 204, message: No Content}
- request:
    body: fqdn_listname=moderate_subs%40example.com
    headers:
      accept-encoding: ['gzip, deflate']
      !!python/unicode content-type: [!!python/unicode application/x-www-form-urlencoded]
    method: !!python/unicode POST
    uri: http://localhost:9001/3.0/lists
  response:
    body: {string: !!python/unicode ''}
    headers:
      content-length: ['0']
      location: ['http://localhost:9001/3.0/lists/moderate_subs.example.com']
    status: {code: 201, message: Created}
- request:
    body: null
    headers:
      accept-encoding: ['gzip, deflate']
    method: !!python/unicode GET
    uri: http://localhost:9001/3.0/lists/moderate_subs.example.com
  response:
    body: {string: !!python/unicode '{"member_count": 0, "list_name": "moderate_subs",
        "display_name": "Moderate_subs", "list_id": "moderate_subs.example.com", "fqdn_listname":
        "moderate_subs@example.com", "self_link": "http://localhost:9001/3.0/lists/moderate_subs.example.com",
        "volume": 1, "mail_host": "example.com", "http_etag": "\"4cf5a031a451ad84a54e4c708cacda8e676e617f\""}'}
    headers:
      content-length: ['344']
      content-type: [application/json; charset=utf-8]
    status: {code: 200, message: OK}
- request:
    body: null
    headers:
      accept-encoding: ['gzip, deflate']
    method: !!python/unicode GET
    uri: http://localhost:9001/3.0/lists/moderate_subs@example.com/config
  response:
    body: {string: !!python/unicode '{"admin_immed_notify": true, "last_post_at":
        null, "welcome_message_uri": "mailman:///welcome.txt", "filter_content": false,
        "display_name": "Moderate_subs", "acceptable_aliases": [], "web_host": "example.com",
        "convert_html_to_plaintext": false, "autorespond_requests": "none", "digest_volume_frequency":
        "monthly", "description": "", "collapse_alternatives": true, "autoresponse_owner_text":
        "", "join_address": "moderate_subs-join@example.com", "fqdn_listname": "moderate_subs@example.com",
        "no_reply_address": "noreply@example.com", "posting_address": "moderate_subs@example.com",
        "autorespond_postings": "none", "owner_address": "moderate_subs-owner@example.com",
        "allow_list_posts": true, "autoresponse_postings_text": "", "posting_pipeline":
        "default-posting-pipeline", "subscription_policy": "confirm", "mail_host":
        "example.com", "http_etag": "\"910ef8a9e44f710ed6943a887a66ce811de584cb\"",
        "list_name": "moderate_subs", "default_nonmember_action": "hold", "first_strip_reply_to":
        false, "digest_send_periodic": true, "admin_notify_mchanges": false, "autoresponse_grace_period":
        "90d", "request_address": "moderate_subs-request@example.com", "digests_enabled":
        true, "advertised": true, "volume": 1, "autorespond_owner": "none", "next_digest_number":
        1, "reply_to_address": "", "send_welcome_message": true, "post_id": 1, "scheme":
        "http", "archive_policy": "public", "autoresponse_request_text": "", "reply_goes_to_list":
        "no_munging", "anonymous_list": false, "leave_address": "moderate_subs-leave@example.com",
        "subject_prefix": "[Moderate_subs] ", "bounces_address": "moderate_subs-bounces@example.com",
        "default_member_action": "defer", "created_at": "2016-01-23T01:15:06.829572",
        "digest_size_threshold": 30.0, "administrivia": true, "digest_last_sent_at":
        null, "include_rfc2369_headers": true}'}
    headers:
      content-length: ['1810']
      content-type: [application/json; charset=utf-8]
    status: {code: 200, message: OK}
- request:
    body: subscription_policy=moderate
    headers:
      accept-encoding: ['gzip, deflate']
      !!python/unicode content-type: [!!python/unicode application/x-www-form-urlencoded]
    method: !!python/unicode PATCH
    uri: http://localhost:9001/3.0/lists/moderate_subs@example.com/config
  response:
    body: {string: !!python/unicode ''}
    headers:
      content-length: ['0']
    status: {code: 204, message: No Content}
- request:
    body: email=test%40example.com
    headers:
      accept-encoding: ['gzip, deflate']
      !!python/unicode content-type: [!!python/unicode application/x-www-form-urlencoded]
    method: !!python/unicode POST
    uri: http://localhost:9001/3.0/users
  response:
    body: {string: !!python/unicode ''}
    headers:
      content-length: ['0']
      location: ['http://localhost:9001/3.0/users/339630114468406331612844785559321586734']
    status: {code: 201, message: Created}
- request:
    body: email=fritz%40example.org
    headers:
      accept-encoding: ['gzip, deflate']
      !!python/unicode content-type: [!!python/unicode application/x-www-form-urlencoded]
    method: !!python/unicode POST
    uri: http://localhost:9001/3.0/users/339630114468406331612844785559321586734/addresses
  response:
    body: {string: !!python/unicode ''}
    headers:
      content-length: ['0']
      location: ['http://localhost:9001/3.0/addresses/fritz@example.org']
    status: {code: 201, message: Created}
- request:
    body: null
    headers:
      accept-encoding: ['gzip, deflate']
    method: !!python/unicode POST
    uri: http://localhost:9001/3.0/addresses/fritz@example.org/verify
  response:
    body: {string: !!python/unicode ''}
    headers:
      content-length: ['0']
    status: {code: 204, message: No Content}
- request:
    body: null
    headers:
      accept-encoding: ['gzip, deflate']
    method: !!python/unicode GET
    uri: http://localhost:9001/3.0/lists/open_list@example.com/requests
  response:
    body: {string: !!python/unicode '{"http_etag": "\"32223434a0f3af4cdc4673d1fbc5bac1f6d98fd3\"",
        "total_size": 0, "start": 0}'}
    headers:
      content-length: ['90']
      content-type: [application/json; charset=utf-8]
    status: {code: 200, message: OK}
- request:
    body: null
    headers:
      accept-encoding: ['gzip, deflate']
    method: !!python/unicode GET
    uri: http://localhost:9001/3.0/lists/moderate_subs@example.com/requests
  response:
    body: {string: !!python/unicode '{"http_etag": "\"487aa4f71d2b6c7eb61649a548b15747629c20f7\"",
        "total_size": 1, "entries": [{"when": "2016-01-23T01:15:08", "email": "test@example.com",
        "type": "subscription", "token_owner": "moderator", "token": "899cd84e06385452730f2c963d3b5937e49b15d6",
        "display_name": "", "list_id": "moderate_subs.example.com", "http_etag": "\"2ab5a5da960a84ac7390a7a7d4361bc5641439f8\""}],
        "start": 0}'}
    headers:
      content-length: ['391']
      content-type: [application/json; charset=utf-8]
    status: {code: 200, message: OK}
- request:
    body: action=discard
    headers:
      accept-encoding: ['gzip, deflate']
      !!python/unicode content-type: [!!python/unicode application/x-www-form-urlencoded]
    method: !!python/unicode POST
    uri: http://localhost:9001/3.0/lists/moderate_subs.example.com/requests/899cd84e06385452730f2c963d3b5937e49b15d6
  response:
    body: {string: !!python/unicode ''}
    headers:
      content-length: ['0']
    status: {code: 204, message: No Content}
- request:
    body: null
    headers:
      accept-encoding: ['gzip, deflate']
    method: !!python/unicode DELETE
    uri: http://localhost:9001/3.0/lists/open_list@example.com
  response:
    body: {string: !!python/unicode ''}
    headers:
      content-length: ['0']
    status: {code: 204, message: No Content}
- request:
    body: null
    headers:
      accept-encoding: ['gzip, deflate']
    method: !!python/unicode DELETE
    uri: http://localhost:9001/3.0/lists/moderate_subs@example.com
  response:
    body: {string: !!python/unicode ''}
    headers:
      content-length: ['0']
    status: {code: 204, message: No Content}
- request:
    body: null
    headers:
      accept-encoding: ['gzip, deflate']
    method: !!python/unicode DELETE
    uri: http://localhost:9001/3.0/users/339630114468406331612844785559321586734
  response:
    body: {string: !!python/unicode ''}
    headers:
      content-length: ['0']
    status: {code: 204, message: No Content}
- request:
    body: null
    headers:
      accept-encoding: ['gzip, deflate']
    method: !!python/unicode DELETE
    uri: http://localhost:9001/3.0/domains/example.com
  response:
    body: {string: !!python/unicode ''}
    headers:
      content-length: ['0']
    status: {code: 204, message: No Content}
- request:
    body: mail_host=example.com
    headers:
      accept-encoding: ['gzip, deflate']
      !!python/unicode content-type: [!!python/unicode application/x-www-form-urlencoded]
    method: !!python/unicode POST
    uri: http://localhost:9001/3.0/domains
  response:
    body: {string: !!python/unicode ''}
    headers:
      content-length: ['0']
      location: ['http://localhost:9001/3.0/domains/example.com']
    status: {code: 201, message: Created}
- request:
    body: null
    headers:
      accept-encoding: ['gzip, deflate']
    method: !!python/unicode GET
    uri: http://localhost:9001/3.0/domains/example.com
  response:
    body: {string: !!python/unicode '{"self_link": "http://localhost:9001/3.0/domains/example.com",
        "http_etag": "\"e736411818ff1815ca83575e0958c38c5188f0a4\"", "mail_host":
        "example.com", "url_host": "example.com", "base_url": "http://example.com",
        "description": null}'}
    headers:
      content-length: ['233']
      content-type: [application/json; charset=utf-8]
    status: {code: 200, message: OK}
- request:
    body: fqdn_listname=open_list%40example.com
    headers:
      accept-encoding: ['gzip, deflate']
      !!python/unicode content-type: [!!python/unicode application/x-www-form-urlencoded]
    method: !!python/unicode POST
    uri: http://localhost:9001/3.0/lists
  response:
    body: {string: !!python/unicode ''}
    headers:
      content-length: ['0']
      location: ['http://localhost:9001/3.0/lists/open_list.example.com']
    status: {code: 201, message: Created}
- request:
    body: null
    headers:
      accept-encoding: ['gzip, deflate']
    method: !!python/unicode GET
    uri: http://localhost:9001/3.0/lists/open_list.example.com
  response:
    body: {string: !!python/unicode '{"member_count": 0, "list_name": "open_list",
        "display_name": "Open_list", "list_id": "open_list.example.com", "fqdn_listname":
        "open_list@example.com", "self_link": "http://localhost:9001/3.0/lists/open_list.example.com",
        "volume": 1, "mail_host": "example.com", "http_etag": "\"6726e101e1dd1de6043eee72f741d4c2479f4735\""}'}
    headers:
      content-length: ['324']
      content-type: [application/json; charset=utf-8]
    status: {code: 200, message: OK}
- request:
    body: null
    headers:
      accept-encoding: ['gzip, deflate']
    method: !!python/unicode GET
    uri: http://localhost:9001/3.0/lists/open_list@example.com/config
  response:
    body: {string: !!python/unicode '{"admin_immed_notify": true, "last_post_at":
        null, "welcome_message_uri": "mailman:///welcome.txt", "filter_content": false,
        "display_name": "Open_list", "acceptable_aliases": [], "web_host": "example.com",
        "convert_html_to_plaintext": false, "autorespond_requests": "none", "digest_volume_frequency":
        "monthly", "description": "", "collapse_alternatives": true, "autoresponse_owner_text":
        "", "join_address": "open_list-join@example.com", "fqdn_listname": "open_list@example.com",
        "no_reply_address": "noreply@example.com", "posting_address": "open_list@example.com",
        "autorespond_postings": "none", "owner_address": "open_list-owner@example.com",
        "allow_list_posts": true, "autoresponse_postings_text": "", "posting_pipeline":
        "default-posting-pipeline", "subscription_policy": "confirm", "mail_host":
        "example.com", "http_etag": "\"9c43d1b632d154f0db547b75e5c568607c422396\"",
        "list_name": "open_list", "default_nonmember_action": "hold", "first_strip_reply_to":
        false, "digest_send_periodic": true, "admin_notify_mchanges": false, "autoresponse_grace_period":
        "90d", "request_address": "open_list-request@example.com", "digests_enabled":
        true, "advertised": true, "volume": 1, "autorespond_owner": "none", "next_digest_number":
        1, "reply_to_address": "", "send_welcome_message": true, "post_id": 1, "scheme":
        "http", "archive_policy": "public", "autoresponse_request_text": "", "reply_goes_to_list":
        "no_munging", "anonymous_list": false, "leave_address": "open_list-leave@example.com",
        "subject_prefix": "[Open_list] ", "bounces_address": "open_list-bounces@example.com",
        "default_member_action": "defer", "created_at": "2016-01-23T01:15:09.533259",
        "digest_size_threshold": 30.0, "administrivia": true, "digest_last_sent_at":
        null, "include_rfc2369_headers": true}'}
    headers:
      content-length: ['1770']
      content-type: [application/json; charset=utf-8]
    status: {code: 200, message: OK}
- request:
    body: subscription_policy=open
    headers:
      accept-encoding: ['gzip, deflate']
      !!python/unicode content-type: [!!python/unicode application/x-www-form-urlencoded]
    method: !!python/unicode PATCH
    uri: http://localhost:9001/3.0/lists/open_list@example.com/config
  response:
    body: {string: !!python/unicode ''}
    headers:
      content-length: ['0']
    status: {code: 204, message: No Content}
- request:
    body: fqdn_listname=moderate_subs%40example.com
    headers:
      accept-encoding: ['gzip, deflate']
      !!python/unicode content-type: [!!python/unicode application/x-www-form-urlencoded]
    method: !!python/unicode POST
    uri: http://localhost:9001/3.0/lists
  response:
    body: {string: !!python/unicode ''}
    headers:
      content-length: ['0']
      location: ['http://localhost:9001/3.0/lists/moderate_subs.example.com']
    status: {code: 201, message: Created}
- request:
    body: null
    headers:
      accept-encoding: ['gzip, deflate']
    method: !!python/unicode GET
    uri: http://localhost:9001/3.0/lists/moderate_subs.example.com
  response:
    body: {string: !!python/unicode '{"member_count": 0, "list_name": "moderate_subs",
        "display_name": "Moderate_subs", "list_id": "moderate_subs.example.com", "fqdn_listname":
        "moderate_subs@example.com", "self_link": "http://localhost:9001/3.0/lists/moderate_subs.example.com",
        "volume": 1, "mail_host": "example.com", "http_etag": "\"4cf5a031a451ad84a54e4c708cacda8e676e617f\""}'}
    headers:
      content-length: ['344']
      content-type: [application/json; charset=utf-8]
    status: {code: 200, message: OK}
- request:
    body: null
    headers:
      accept-encoding: ['gzip, deflate']
    method: !!python/unicode GET
    uri: http://localhost:9001/3.0/lists/moderate_subs@example.com/config
  response:
    body: {string: !!python/unicode '{"admin_immed_notify": true, "last_post_at":
        null, "welcome_message_uri": "mailman:///welcome.txt", "filter_content": false,
        "display_name": "Moderate_subs", "acceptable_aliases": [], "web_host": "example.com",
        "convert_html_to_plaintext": false, "autorespond_requests": "none", "digest_volume_frequency":
        "monthly", "description": "", "collapse_alternatives": true, "autoresponse_owner_text":
        "", "join_address": "moderate_subs-join@example.com", "fqdn_listname": "moderate_subs@example.com",
        "no_reply_address": "noreply@example.com", "posting_address": "moderate_subs@example.com",
        "autorespond_postings": "none", "owner_address": "moderate_subs-owner@example.com",
        "allow_list_posts": true, "autoresponse_postings_text": "", "posting_pipeline":
        "default-posting-pipeline", "subscription_policy": "confirm", "mail_host":
        "example.com", "http_etag": "\"e530444c78e181778d384c5c1459e544353eb755\"",
        "list_name": "moderate_subs", "default_nonmember_action": "hold", "first_strip_reply_to":
        false, "digest_send_periodic": true, "admin_notify_mchanges": false, "autoresponse_grace_period":
        "90d", "request_address": "moderate_subs-request@example.com", "digests_enabled":
        true, "advertised": true, "volume": 1, "autorespond_owner": "none", "next_digest_number":
        1, "reply_to_address": "", "send_welcome_message": true, "post_id": 1, "scheme":
        "http", "archive_policy": "public", "autoresponse_request_text": "", "reply_goes_to_list":
        "no_munging", "anonymous_list": false, "leave_address": "moderate_subs-leave@example.com",
        "subject_prefix": "[Moderate_subs] ", "bounces_address": "moderate_subs-bounces@example.com",
        "default_member_action": "defer", "created_at": "2016-01-23T01:15:09.878635",
        "digest_size_threshold": 30.0, "administrivia": true, "digest_last_sent_at":
        null, "include_rfc2369_headers": true}'}
    headers:
      content-length: ['1810']
      content-type: [application/json; charset=utf-8]
    status: {code: 200, message: OK}
- request:
    body: subscription_policy=moderate
    headers:
      accept-encoding: ['gzip, deflate']
      !!python/unicode content-type: [!!python/unicode application/x-www-form-urlencoded]
    method: !!python/unicode PATCH
    uri: http://localhost:9001/3.0/lists/moderate_subs@example.com/config
  response:
    body: {string: !!python/unicode ''}
    headers:
      content-length: ['0']
    status: {code: 204, message: No Content}
- request:
    body: email=test%40example.com
    headers:
      accept-encoding: ['gzip, deflate']
      !!python/unicode content-type: [!!python/unicode application/x-www-form-urlencoded]
    method: !!python/unicode POST
    uri: http://localhost:9001/3.0/users
  response:
    body: {string: !!python/unicode ''}
    headers:
      content-length: ['0']
      location: ['http://localhost:9001/3.0/users/202170133294496996778634614357049624013']
    status: {code: 201, message: Created}
- request:
    body: email=fritz%40example.org
    headers:
      accept-encoding: ['gzip, deflate']
      !!python/unicode content-type: [!!python/unicode application/x-www-form-urlencoded]
    method: !!python/unicode POST
    uri: http://localhost:9001/3.0/users/202170133294496996778634614357049624013/addresses
  response:
    body: {string: !!python/unicode ''}
    headers:
      content-length: ['0']
      location: ['http://localhost:9001/3.0/addresses/fritz@example.org']
    status: {code: 201, message: Created}
- request:
    body: null
    headers:
      accept-encoding: ['gzip, deflate']
    method: !!python/unicode POST
    uri: http://localhost:9001/3.0/addresses/fritz@example.org/verify
  response:
    body: {string: !!python/unicode ''}
    headers:
      content-length: ['0']
    status: {code: 204, message: No Content}
- request:
    body: null
    headers:
      accept-encoding: ['gzip, deflate']
    method: !!python/unicode GET
    uri: http://localhost:9001/3.0/lists/open_list@example.com/requests
  response:
    body: {string: !!python/unicode '{"http_etag": "\"32223434a0f3af4cdc4673d1fbc5bac1f6d98fd3\"",
        "total_size": 0, "start": 0}'}
    headers:
      content-length: ['90']
      content-type: [application/json; charset=utf-8]
    status: {code: 200, message: OK}
- request:
    body: null
    headers:
      accept-encoding: ['gzip, deflate']
    method: !!python/unicode GET
    uri: http://localhost:9001/3.0/lists/moderate_subs@example.com/requests
  response:
    body: {string: !!python/unicode '{"http_etag": "\"32223434a0f3af4cdc4673d1fbc5bac1f6d98fd3\"",
        "total_size": 0, "start": 0}'}
    headers:
      content-length: ['90']
      content-type: [application/json; charset=utf-8]
    status: {code: 200, message: OK}
- request:
    body: null
    headers:
      accept-encoding: ['gzip, deflate']
    method: !!python/unicode DELETE
    uri: http://localhost:9001/3.0/lists/open_list@example.com
  response:
    body: {string: !!python/unicode ''}
    headers:
      content-length: ['0']
    status: {code: 204, message: No Content}
- request:
    body: null
    headers:
      accept-encoding: ['gzip, deflate']
    method: !!python/unicode DELETE
    uri: http://localhost:9001/3.0/lists/moderate_subs@example.com
  response:
    body: {string: !!python/unicode ''}
    headers:
      content-length: ['0']
    status: {code: 204, message: No Content}
- request:
    body: null
    headers:
      accept-encoding: ['gzip, deflate']
    method: !!python/unicode DELETE
    uri: http://localhost:9001/3.0/users/202170133294496996778634614357049624013
  response:
    body: {string: !!python/unicode ''}
    headers:
      content-length: ['0']
    status: {code: 204, message: No Content}
- request:
    body: null
    headers:
      accept-encoding: ['gzip, deflate']
    method: !!python/unicode DELETE
    uri: http://localhost:9001/3.0/domains/example.com
  response:
    body: {string: !!python/unicode ''}
    headers:
      content-length: ['0']
    status: {code: 204, message: No Content}
- request:
    body: mail_host=example.com
    headers:
      accept-encoding: ['gzip, deflate']
      !!python/unicode content-type: [!!python/unicode application/x-www-form-urlencoded]
    method: !!python/unicode POST
    uri: http://localhost:9001/3.0/domains
  response:
    body: {string: !!python/unicode ''}
    headers:
      content-length: ['0']
      location: ['http://localhost:9001/3.0/domains/example.com']
    status: {code: 201, message: Created}
- request:
    body: null
    headers:
      accept-encoding: ['gzip, deflate']
    method: !!python/unicode GET
    uri: http://localhost:9001/3.0/domains/example.com
  response:
    body: {string: !!python/unicode '{"self_link": "http://localhost:9001/3.0/domains/example.com",
        "http_etag": "\"e736411818ff1815ca83575e0958c38c5188f0a4\"", "mail_host":
        "example.com", "url_host": "example.com", "base_url": "http://example.com",
        "description": null}'}
    headers:
      content-length: ['233']
      content-type: [application/json; charset=utf-8]
    status: {code: 200, message: OK}
- request:
    body: fqdn_listname=open_list%40example.com
    headers:
      accept-encoding: ['gzip, deflate']
      !!python/unicode content-type: [!!python/unicode application/x-www-form-urlencoded]
    method: !!python/unicode POST
    uri: http://localhost:9001/3.0/lists
  response:
    body: {string: !!python/unicode ''}
    headers:
      content-length: ['0']
      location: ['http://localhost:9001/3.0/lists/open_list.example.com']
    status: {code: 201, message: Created}
- request:
    body: null
    headers:
      accept-encoding: ['gzip, deflate']
    method: !!python/unicode GET
    uri: http://localhost:9001/3.0/lists/open_list.example.com
  response:
    body: {string: !!python/unicode '{"member_count": 0, "list_name": "open_list",
        "display_name": "Open_list", "list_id": "open_list.example.com", "fqdn_listname":
        "open_list@example.com", "self_link": "http://localhost:9001/3.0/lists/open_list.example.com",
        "volume": 1, "mail_host": "example.com", "http_etag": "\"6726e101e1dd1de6043eee72f741d4c2479f4735\""}'}
    headers:
      content-length: ['324']
      content-type: [application/json; charset=utf-8]
    status: {code: 200, message: OK}
- request:
    body: null
    headers:
      accept-encoding: ['gzip, deflate']
    method: !!python/unicode GET
    uri: http://localhost:9001/3.0/lists/open_list@example.com/config
  response:
    body: {string: !!python/unicode '{"admin_immed_notify": true, "last_post_at":
        null, "welcome_message_uri": "mailman:///welcome.txt", "filter_content": false,
        "display_name": "Open_list", "acceptable_aliases": [], "web_host": "example.com",
        "convert_html_to_plaintext": false, "autorespond_requests": "none", "digest_volume_frequency":
        "monthly", "description": "", "collapse_alternatives": true, "autoresponse_owner_text":
        "", "join_address": "open_list-join@example.com", "fqdn_listname": "open_list@example.com",
        "no_reply_address": "noreply@example.com", "posting_address": "open_list@example.com",
        "autorespond_postings": "none", "owner_address": "open_list-owner@example.com",
        "allow_list_posts": true, "autoresponse_postings_text": "", "posting_pipeline":
        "default-posting-pipeline", "subscription_policy": "confirm", "mail_host":
        "example.com", "http_etag": "\"694a800658d0037c16ce23d56a3659789548b54b\"",
        "list_name": "open_list", "default_nonmember_action": "hold", "first_strip_reply_to":
        false, "digest_send_periodic": true, "admin_notify_mchanges": false, "autoresponse_grace_period":
        "90d", "request_address": "open_list-request@example.com", "digests_enabled":
        true, "advertised": true, "volume": 1, "autorespond_owner": "none", "next_digest_number":
        1, "reply_to_address": "", "send_welcome_message": true, "post_id": 1, "scheme":
        "http", "archive_policy": "public", "autoresponse_request_text": "", "reply_goes_to_list":
        "no_munging", "anonymous_list": false, "leave_address": "open_list-leave@example.com",
        "subject_prefix": "[Open_list] ", "bounces_address": "open_list-bounces@example.com",
        "default_member_action": "defer", "created_at": "2016-01-23T01:15:12.437081",
        "digest_size_threshold": 30.0, "administrivia": true, "digest_last_sent_at":
        null, "include_rfc2369_headers": true}'}
    headers:
      content-length: ['1770']
      content-type: [application/json; charset=utf-8]
    status: {code: 200, message: OK}
- request:
    body: subscription_policy=open
    headers:
      accept-encoding: ['gzip, deflate']
      !!python/unicode content-type: [!!python/unicode application/x-www-form-urlencoded]
    method: !!python/unicode PATCH
    uri: http://localhost:9001/3.0/lists/open_list@example.com/config
  response:
    body: {string: !!python/unicode ''}
    headers:
      content-length: ['0']
    status: {code: 204, message: No Content}
- request:
    body: fqdn_listname=moderate_subs%40example.com
    headers:
      accept-encoding: ['gzip, deflate']
      !!python/unicode content-type: [!!python/unicode application/x-www-form-urlencoded]
    method: !!python/unicode POST
    uri: http://localhost:9001/3.0/lists
  response:
    body: {string: !!python/unicode ''}
    headers:
      content-length: ['0']
      location: ['http://localhost:9001/3.0/lists/moderate_subs.example.com']
    status: {code: 201, message: Created}
- request:
    body: null
    headers:
      accept-encoding: ['gzip, deflate']
    method: !!python/unicode GET
    uri: http://localhost:9001/3.0/lists/moderate_subs.example.com
  response:
    body: {string: !!python/unicode '{"member_count": 0, "list_name": "moderate_subs",
        "display_name": "Moderate_subs", "list_id": "moderate_subs.example.com", "fqdn_listname":
        "moderate_subs@example.com", "self_link": "http://localhost:9001/3.0/lists/moderate_subs.example.com",
        "volume": 1, "mail_host": "example.com", "http_etag": "\"4cf5a031a451ad84a54e4c708cacda8e676e617f\""}'}
    headers:
      content-length: ['344']
      content-type: [application/json; charset=utf-8]
    status: {code: 200, message: OK}
- request:
    body: null
    headers:
      accept-encoding: ['gzip, deflate']
    method: !!python/unicode GET
    uri: http://localhost:9001/3.0/lists/moderate_subs@example.com/config
  response:
    body: {string: !!python/unicode '{"admin_immed_notify": true, "last_post_at":
        null, "welcome_message_uri": "mailman:///welcome.txt", "filter_content": false,
        "display_name": "Moderate_subs", "acceptable_aliases": [], "web_host": "example.com",
        "convert_html_to_plaintext": false, "autorespond_requests": "none", "digest_volume_frequency":
        "monthly", "description": "", "collapse_alternatives": true, "autoresponse_owner_text":
        "", "join_address": "moderate_subs-join@example.com", "fqdn_listname": "moderate_subs@example.com",
        "no_reply_address": "noreply@example.com", "posting_address": "moderate_subs@example.com",
        "autorespond_postings": "none", "owner_address": "moderate_subs-owner@example.com",
        "allow_list_posts": true, "autoresponse_postings_text": "", "posting_pipeline":
        "default-posting-pipeline", "subscription_policy": "confirm", "mail_host":
        "example.com", "http_etag": "\"6769d078aadb86e8e56231ce464b24a025319daf\"",
        "list_name": "moderate_subs", "default_nonmember_action": "hold", "first_strip_reply_to":
        false, "digest_send_periodic": true, "admin_notify_mchanges": false, "autoresponse_grace_period":
        "90d", "request_address": "moderate_subs-request@example.com", "digests_enabled":
        true, "advertised": true, "volume": 1, "autorespond_owner": "none", "next_digest_number":
        1, "reply_to_address": "", "send_welcome_message": true, "post_id": 1, "scheme":
        "http", "archive_policy": "public", "autoresponse_request_text": "", "reply_goes_to_list":
        "no_munging", "anonymous_list": false, "leave_address": "moderate_subs-leave@example.com",
        "subject_prefix": "[Moderate_subs] ", "bounces_address": "moderate_subs-bounces@example.com",
        "default_member_action": "defer", "created_at": "2016-01-23T01:15:12.771193",
        "digest_size_threshold": 30.0, "administrivia": true, "digest_last_sent_at":
        null, "include_rfc2369_headers": true}'}
    headers:
      content-length: ['1810']
      content-type: [application/json; charset=utf-8]
    status: {code: 200, message: OK}
- request:
    body: subscription_policy=moderate
    headers:
      accept-encoding: ['gzip, deflate']
      !!python/unicode content-type: [!!python/unicode application/x-www-form-urlencoded]
    method: !!python/unicode PATCH
    uri: http://localhost:9001/3.0/lists/moderate_subs@example.com/config
  response:
    body: {string: !!python/unicode ''}
    headers:
      content-length: ['0']
    status: {code: 204, message: No Content}
- request:
    body: email=test%40example.com
    headers:
      accept-encoding: ['gzip, deflate']
      !!python/unicode content-type: [!!python/unicode application/x-www-form-urlencoded]
    method: !!python/unicode POST
    uri: http://localhost:9001/3.0/users
  response:
    body: {string: !!python/unicode ''}
    headers:
      content-length: ['0']
      location: ['http://localhost:9001/3.0/users/290722913735219944815132205053379070116']
    status: {code: 201, message: Created}
- request:
    body: email=fritz%40example.org
    headers:
      accept-encoding: ['gzip, deflate']
      !!python/unicode content-type: [!!python/unicode application/x-www-form-urlencoded]
    method: !!python/unicode POST
    uri: http://localhost:9001/3.0/users/290722913735219944815132205053379070116/addresses
  response:
    body: {string: !!python/unicode ''}
    headers:
      content-length: ['0']
      location: ['http://localhost:9001/3.0/addresses/fritz@example.org']
    status: {code: 201, message: Created}
- request:
    body: null
    headers:
      accept-encoding: ['gzip, deflate']
    method: !!python/unicode POST
    uri: http://localhost:9001/3.0/addresses/fritz@example.org/verify
  response:
    body: {string: !!python/unicode ''}
    headers:
      content-length: ['0']
    status: {code: 204, message: No Content}
- request:
    body: null
    headers:
      accept-encoding: ['gzip, deflate']
    method: !!python/unicode GET
    uri: http://localhost:9001/3.0/lists/open_list@example.com/requests
  response:
    body: {string: !!python/unicode '{"http_etag": "\"32223434a0f3af4cdc4673d1fbc5bac1f6d98fd3\"",
        "total_size": 0, "start": 0}'}
    headers:
      content-length: ['90']
      content-type: [application/json; charset=utf-8]
    status: {code: 200, message: OK}
- request:
    body: null
    headers:
      accept-encoding: ['gzip, deflate']
    method: !!python/unicode GET
    uri: http://localhost:9001/3.0/lists/moderate_subs@example.com/requests
  response:
    body: {string: !!python/unicode '{"http_etag": "\"32223434a0f3af4cdc4673d1fbc5bac1f6d98fd3\"",
        "total_size": 0, "start": 0}'}
    headers:
      content-length: ['90']
      content-type: [application/json; charset=utf-8]
    status: {code: 200, message: OK}
- request:
    body: null
    headers:
      accept-encoding: ['gzip, deflate']
    method: !!python/unicode DELETE
    uri: http://localhost:9001/3.0/lists/open_list@example.com
  response:
    body: {string: !!python/unicode ''}
    headers:
      content-length: ['0']
    status: {code: 204, message: No Content}
- request:
    body: null
    headers:
      accept-encoding: ['gzip, deflate']
    method: !!python/unicode DELETE
    uri: http://localhost:9001/3.0/lists/moderate_subs@example.com
  response:
    body: {string: !!python/unicode ''}
    headers:
      content-length: ['0']
    status: {code: 204, message: No Content}
- request:
    body: null
    headers:
      accept-encoding: ['gzip, deflate']
    method: !!python/unicode DELETE
    uri: http://localhost:9001/3.0/users/290722913735219944815132205053379070116
  response:
    body: {string: !!python/unicode ''}
    headers:
      content-length: ['0']
    status: {code: 204, message: No Content}
- request:
    body: null
    headers:
      accept-encoding: ['gzip, deflate']
    method: !!python/unicode DELETE
    uri: http://localhost:9001/3.0/domains/example.com
  response:
    body: {string: !!python/unicode ''}
    headers:
      content-length: ['0']
    status: {code: 204, message: No Content}
version: 1
