interactions:
- request:
    body: mail_host=example.com
    headers:
      accept-encoding: ['gzip, deflate']
      !!python/unicode 'authorization': [!!python/unicode 'Basic cmVzdGFkbWluOnJlc3RwYXNz']
      !!python/unicode 'content-type': [!!python/unicode 'application/x-www-form-urlencoded']
      !!python/unicode 'user-agent': [!!python/unicode 'GNU Mailman REST client v1.0.0b2']
    method: !!python/unicode 'POST'
    uri: http://localhost:9001/3.0/domains
  response:
    body: {string: !!python/unicode 'Duplicate email host: example.com'}
    headers:
      content-length: ['33']
      content-type: [application/json; charset=utf-8]
      date: ['Fri, 17 Apr 2015 21:06:29 GMT']
      server: [WSGIServer/0.2 CPython/3.4.2]
    status: {code: 400, message: Bad Request}
- request:
    body: null
    headers:
      accept-encoding: ['gzip, deflate']
      !!python/unicode 'authorization': [!!python/unicode 'Basic cmVzdGFkbWluOnJlc3RwYXNz']
      !!python/unicode 'user-agent': [!!python/unicode 'GNU Mailman REST client v1.0.0b2']
    method: !!python/unicode 'GET'
    uri: http://localhost:9001/3.0/domains/example.com
  response:
    body: {string: !!python/unicode '{"mail_host": "example.com", "description": null,
        "base_url": "http://example.com", "http_etag": "\"e736411818ff1815ca83575e0958c38c5188f0a4\"",
        "self_link": "http://localhost:9001/3.0/domains/example.com", "url_host":
        "example.com"}'}
    headers:
      content-length: ['233']
      content-type: [application/json; charset=utf-8]
      date: ['Fri, 17 Apr 2015 21:06:29 GMT']
      server: [WSGIServer/0.2 CPython/3.4.2]
    status: {code: 200, message: OK}
- request:
    body: null
    headers:
      accept-encoding: ['gzip, deflate']
      !!python/unicode 'authorization': [!!python/unicode 'Basic cmVzdGFkbWluOnJlc3RwYXNz']
      !!python/unicode 'user-agent': [!!python/unicode 'GNU Mailman REST client v1.0.0b2']
    method: !!python/unicode 'GET'
    uri: http://localhost:9001/3.0/domains/example.com
  response:
    body: {string: !!python/unicode '{"mail_host": "example.com", "description": null,
        "base_url": "http://example.com", "http_etag": "\"e736411818ff1815ca83575e0958c38c5188f0a4\"",
        "self_link": "http://localhost:9001/3.0/domains/example.com", "url_host":
        "example.com"}'}
    headers:
      content-length: ['233']
      content-type: [application/json; charset=utf-8]
      date: ['Fri, 17 Apr 2015 21:06:29 GMT']
      server: [WSGIServer/0.2 CPython/3.4.2]
    status: {code: 200, message: OK}
- request:
    body: fqdn_listname=moderate_subs%40example.com
    headers:
      accept-encoding: ['gzip, deflate']
      !!python/unicode 'authorization': [!!python/unicode 'Basic cmVzdGFkbWluOnJlc3RwYXNz']
      !!python/unicode 'content-type': [!!python/unicode 'application/x-www-form-urlencoded']
      !!python/unicode 'user-agent': [!!python/unicode 'GNU Mailman REST client v1.0.0b2']
    method: !!python/unicode 'POST'
    uri: http://localhost:9001/3.0/lists
  response:
    body: {string: !!python/unicode ''}
    headers:
      content-length: ['0']
      date: ['Fri, 17 Apr 2015 21:06:29 GMT']
      location: ['http://localhost:9001/3.0/lists/moderate_subs.example.com']
      server: [WSGIServer/0.2 CPython/3.4.2]
    status: {code: 201, message: Created}
- request:
    body: null
    headers:
      accept-encoding: ['gzip, deflate']
      !!python/unicode 'authorization': [!!python/unicode 'Basic cmVzdGFkbWluOnJlc3RwYXNz']
      !!python/unicode 'user-agent': [!!python/unicode 'GNU Mailman REST client v1.0.0b2']
    method: !!python/unicode 'GET'
    uri: http://localhost:9001/3.0/lists/moderate_subs.example.com
  response:
    body: {string: !!python/unicode '{"list_name": "moderate_subs", "volume": 1, "list_id":
        "moderate_subs.example.com", "self_link": "http://localhost:9001/3.0/lists/moderate_subs.example.com",
        "fqdn_listname": "moderate_subs@example.com", "mail_host": "example.com",
        "member_count": 0, "display_name": "Moderate_subs", "http_etag": "\"4cf5a031a451ad84a54e4c708cacda8e676e617f\""}'}
    headers:
      content-length: ['344']
      content-type: [application/json; charset=utf-8]
      date: ['Fri, 17 Apr 2015 21:06:29 GMT']
      server: [WSGIServer/0.2 CPython/3.4.2]
    status: {code: 200, message: OK}
- request:
    body: null
    headers:
      accept-encoding: ['gzip, deflate']
      !!python/unicode 'authorization': [!!python/unicode 'Basic cmVzdGFkbWluOnJlc3RwYXNz']
      !!python/unicode 'user-agent': [!!python/unicode 'GNU Mailman REST client v1.0.0b2']
    method: !!python/unicode 'GET'
    uri: http://localhost:9001/3.0/lists/moderate_subs@example.com/config
  response:
    body: {string: !!python/unicode '{"list_name": "moderate_subs", "default_member_action":
        "defer", "anonymous_list": false, "autorespond_postings": "none", "advertised":
        true, "reply_to_address": "", "send_welcome_message": true, "autorespond_owner":
        "none", "autoresponse_request_text": "", "web_host": "example.com", "autoresponse_grace_period":
        "90d", "volume": 1, "digest_size_threshold": 30.0, "request_address": "moderate_subs-request@example.com",
        "posting_address": "moderate_subs@example.com", "first_strip_reply_to": false,
        "http_etag": "\"9b93ebb3a0223bb225b30f8793f6ad3f3c937b4c\"", "administrivia":
        true, "mail_host": "example.com", "include_rfc2369_headers": true, "admin_immed_notify":
        true, "posting_pipeline": "default-posting-pipeline", "collapse_alternatives":
        true, "autoresponse_postings_text": "", "admin_notify_mchanges": false, "last_post_at":
        null, "filter_content": false, "autoresponse_owner_text": "", "join_address":
        "moderate_subs-join@example.com", "scheme": "http", "subscription_policy":
        "confirm", "welcome_message_uri": "mailman:///welcome.txt", "post_id": 1,
        "fqdn_listname": "moderate_subs@example.com", "allow_list_posts": true, "subject_prefix":
        "[Moderate_subs] ", "owner_address": "moderate_subs-owner@example.com", "archive_policy":
        "public", "leave_address": "moderate_subs-leave@example.com", "description":
        "", "acceptable_aliases": [], "bounces_address": "moderate_subs-bounces@example.com",
        "next_digest_number": 1, "default_nonmember_action": "hold", "reply_goes_to_list":
        "no_munging", "created_at": "2015-04-17T21:06:29.031666", "convert_html_to_plaintext":
        false, "display_name": "Moderate_subs", "autorespond_requests": "none", "no_reply_address":
        "noreply@example.com", "digest_last_sent_at": null}'}
    headers:
      content-length: ['1717']
      content-type: [application/json; charset=utf-8]
      date: ['Fri, 17 Apr 2015 21:06:29 GMT']
      server: [WSGIServer/0.2 CPython/3.4.2]
    status: {code: 200, message: OK}
- request:
    body: advertised=True&administrivia=True&subscription_policy=moderate&collapse_alternatives=True&admin_immed_notify=True&first_strip_reply_to=False&autoresponse_owner_text=&posting_pipeline=default-posting-pipeline&digest_size_threshold=30.0&allow_list_posts=True&autoresponse_request_text=&archive_policy=public&autorespond_postings=none&autoresponse_grace_period=90d&autorespond_owner=none&welcome_message_uri=mailman%3A%2F%2F%2Fwelcome.txt&autorespond_requests=none&default_nonmember_action=hold&subject_prefix=%5BModerate_subs%5D+&admin_notify_mchanges=False&include_rfc2369_headers=True&description=&reply_to_address=&anonymous_list=False&autoresponse_postings_text=&send_welcome_message=True&convert_html_to_plaintext=False&filter_content=False&default_member_action=defer&reply_goes_to_list=no_munging&display_name=Moderate_subs
    headers:
      accept-encoding: ['gzip, deflate']
      !!python/unicode 'authorization': [!!python/unicode 'Basic cmVzdGFkbWluOnJlc3RwYXNz']
      !!python/unicode 'content-type': [!!python/unicode 'application/x-www-form-urlencoded']
      !!python/unicode 'user-agent': [!!python/unicode 'GNU Mailman REST client v1.0.0b2']
    method: !!python/unicode 'PATCH'
    uri: http://localhost:9001/3.0/lists/moderate_subs@example.com/config
  response:
    body: {string: !!python/unicode ''}
    headers:
      content-length: ['0']
      date: ['Fri, 17 Apr 2015 21:06:29 GMT']
      server: [WSGIServer/0.2 CPython/3.4.2]
    status: {code: 204, message: No Content}
- request:
    body: null
    headers:
      accept-encoding: ['gzip, deflate']
      !!python/unicode 'authorization': [!!python/unicode 'Basic cmVzdGFkbWluOnJlc3RwYXNz']
      !!python/unicode 'user-agent': [!!python/unicode 'GNU Mailman REST client v1.0.0b2']
    method: !!python/unicode 'GET'
    uri: http://localhost:9001/3.0/lists/moderate_subs.example.com
  response:
    body: {string: !!python/unicode '{"list_name": "moderate_subs", "volume": 1, "list_id":
        "moderate_subs.example.com", "self_link": "http://localhost:9001/3.0/lists/moderate_subs.example.com",
        "fqdn_listname": "moderate_subs@example.com", "mail_host": "example.com",
        "member_count": 0, "display_name": "Moderate_subs", "http_etag": "\"4cf5a031a451ad84a54e4c708cacda8e676e617f\""}'}
    headers:
      content-length: ['344']
      content-type: [application/json; charset=utf-8]
      date: ['Fri, 17 Apr 2015 21:06:29 GMT']
      server: [WSGIServer/0.2 CPython/3.4.2]
    status: {code: 200, message: OK}
- request:
    body: null
    headers:
      accept-encoding: ['gzip, deflate']
      !!python/unicode 'authorization': [!!python/unicode 'Basic cmVzdGFkbWluOnJlc3RwYXNz']
      !!python/unicode 'user-agent': [!!python/unicode 'GNU Mailman REST client v1.0.0b2']
    method: !!python/unicode 'GET'
    uri: http://localhost:9001/3.0/lists/moderate_subs.example.com/roster/owner
  response:
    body: {string: !!python/unicode '{"http_etag": "\"32223434a0f3af4cdc4673d1fbc5bac1f6d98fd3\"",
        "total_size": 0, "start": 0}'}
    headers:
      content-length: ['90']
      content-type: [application/json; charset=utf-8]
      date: ['Fri, 17 Apr 2015 21:06:29 GMT']
      server: [WSGIServer/0.2 CPython/3.4.2]
    status: {code: 200, message: OK}
- request:
    body: null
    headers:
      accept-encoding: ['gzip, deflate']
      !!python/unicode 'authorization': [!!python/unicode 'Basic cmVzdGFkbWluOnJlc3RwYXNz']
      !!python/unicode 'user-agent': [!!python/unicode 'GNU Mailman REST client v1.0.0b2']
    method: !!python/unicode 'GET'
    uri: http://localhost:9001/3.0/lists/moderate_subs.example.com/roster/moderator
  response:
    body: {string: !!python/unicode '{"http_etag": "\"32223434a0f3af4cdc4673d1fbc5bac1f6d98fd3\"",
        "total_size": 0, "start": 0}'}
    headers:
      content-length: ['90']
      content-type: [application/json; charset=utf-8]
      date: ['Fri, 17 Apr 2015 21:06:29 GMT']
      server: [WSGIServer/0.2 CPython/3.4.2]
    status: {code: 200, message: OK}
- request:
    body: pre_verified=True&list_id=moderate_subs.example.com&display_name=None&pre_confirmed=True&subscriber=fritz%40example.org
    headers:
      accept-encoding: ['gzip, deflate']
      !!python/unicode 'authorization': [!!python/unicode 'Basic cmVzdGFkbWluOnJlc3RwYXNz']
      !!python/unicode 'content-type': [!!python/unicode 'application/x-www-form-urlencoded']
      !!python/unicode 'user-agent': [!!python/unicode 'GNU Mailman REST client v1.0.0b2']
    method: !!python/unicode 'POST'
    uri: http://localhost:9001/3.0/members
  response:
    body: {string: !!python/unicode '{"token_owner": "moderator", "token": "0d68d98345d6f9e6aeff7b07fbcb9b38d32e3d99",
        "http_etag": "\"35c29bdc6bed1e508941e196bef439f518b6bb9d\""}'}
    headers:
      content-length: ['142']
      content-type: [application/json; charset=utf-8]
      date: ['Fri, 17 Apr 2015 21:06:29 GMT']
      server: [WSGIServer/0.2 CPython/3.4.2]
    status: {code: 202, message: Accepted}
- request:
    body: null
    headers:
      accept-encoding: ['gzip, deflate']
      !!python/unicode 'authorization': [!!python/unicode 'Basic cmVzdGFkbWluOnJlc3RwYXNz']
      !!python/unicode 'user-agent': [!!python/unicode 'GNU Mailman REST client v1.0.0b2']
    method: !!python/unicode 'GET'
    uri: http://localhost:9001/3.0/lists/moderate_subs@example.com/roster/member
  response:
    body: {string: !!python/unicode '{"http_etag": "\"32223434a0f3af4cdc4673d1fbc5bac1f6d98fd3\"",
        "total_size": 0, "start": 0}'}
    headers:
      content-length: ['90']
      content-type: [application/json; charset=utf-8]
      date: ['Fri, 17 Apr 2015 21:06:29 GMT']
      server: [WSGIServer/0.2 CPython/3.4.2]
    status: {code: 200, message: OK}
- request:
    body: null
    headers:
      accept-encoding: ['gzip, deflate']
      !!python/unicode 'authorization': [!!python/unicode 'Basic cmVzdGFkbWluOnJlc3RwYXNz']
      !!python/unicode 'user-agent': [!!python/unicode 'GNU Mailman REST client v1.0.0b2']
    method: !!python/unicode 'GET'
    uri: http://localhost:9001/3.0/lists/moderate_subs@example.com/requests
  response:
    body: {string: !!python/unicode '{"http_etag": "\"9db1bd05d994bb92bac0e2d60006db385b1109e3\"",
        "total_size": 1, "entries": [{"http_etag": "\"36d7b15da47d1fb264f929b7f6a105c5a3e81743\"",
        "email": "fritz@example.org", "list_id": "moderate_subs.example.com", "when":
        "2015-04-17T21:06:29", "display_name": "None", "token_owner": "moderator",
        "token": "0d68d98345d6f9e6aeff7b07fbcb9b38d32e3d99"}], "start": 0}'}
    headers:
      content-length: ['372']
      content-type: [application/json; charset=utf-8]
      date: ['Fri, 17 Apr 2015 21:06:29 GMT']
      server: [WSGIServer/0.2 CPython/3.4.2]
    status: {code: 200, message: OK}
- request:
    body: null
    headers:
      accept-encoding: ['gzip, deflate']
      !!python/unicode 'authorization': [!!python/unicode 'Basic cmVzdGFkbWluOnJlc3RwYXNz']
      !!python/unicode 'user-agent': [!!python/unicode 'GNU Mailman REST client v1.0.0b2']
    method: !!python/unicode 'DELETE'
    uri: http://localhost:9001/3.0/lists/moderate_subs@example.com
  response:
    body: {string: !!python/unicode ''}
    headers:
      content-length: ['0']
      date: ['Fri, 17 Apr 2015 21:06:29 GMT']
      server: [WSGIServer/0.2 CPython/3.4.2]
    status: {code: 204, message: No Content}
version: 1
