interactions:
- request:
    body: mail_host=example.com
    headers:
      accept-encoding: ['gzip, deflate']
      !!python/unicode 'content-type': [!!python/unicode 'application/x-www-form-urlencoded']
    method: !!python/unicode 'POST'
    uri: http://localhost:9001/3.0/domains
  response:
    body: {string: !!python/unicode 'Duplicate email host: example.com'}
    headers:
      content-length: ['33']
      content-type: [application/json; charset=utf-8]
    status: {code: 400, message: Bad Request}
- request:
    body: null
    headers:
      accept-encoding: ['gzip, deflate']
    method: !!python/unicode 'GET'
    uri: http://localhost:9001/3.0/domains/example.com
  response:
    body: {string: !!python/unicode '{"base_url": "http://example.com", "description":
        null, "http_etag": "\"e736411818ff1815ca83575e0958c38c5188f0a4\"", "mail_host":
        "example.com", "self_link": "http://localhost:9001/3.0/domains/example.com",
        "url_host": "example.com"}'}
    headers:
      content-length: ['233']
      content-type: [application/json; charset=utf-8]
    status: {code: 200, message: OK}
- request:
    body: null
    headers:
      accept-encoding: ['gzip, deflate']
    method: !!python/unicode 'GET'
    uri: http://localhost:9001/3.0/domains/example.com
  response:
    body: {string: !!python/unicode '{"base_url": "http://example.com", "description":
        null, "http_etag": "\"e736411818ff1815ca83575e0958c38c5188f0a4\"", "mail_host":
        "example.com", "self_link": "http://localhost:9001/3.0/domains/example.com",
        "url_host": "example.com"}'}
    headers:
      content-length: ['233']
      content-type: [application/json; charset=utf-8]
    status: {code: 200, message: OK}
- request:
    body: fqdn_listname=foo%40example.com
    headers:
      accept-encoding: ['gzip, deflate']
      !!python/unicode 'content-type': [!!python/unicode 'application/x-www-form-urlencoded']
    method: !!python/unicode 'POST'
    uri: http://localhost:9001/3.0/lists
  response:
    body: {string: !!python/unicode ''}
    headers:
      content-length: ['0']
      location: ['http://localhost:9001/3.0/lists/foo.example.com']
    status: {code: 201, message: Created}
- request:
    body: null
    headers:
      accept-encoding: ['gzip, deflate']
    method: !!python/unicode 'GET'
    uri: http://localhost:9001/3.0/lists
  response:
    body: {string: !!python/unicode '{"entries": [{"display_name": "Foo", "fqdn_listname":
        "foo@example.com", "http_etag": "\"98cc998d4a30293ec17da639bce10617912a6e1e\"",
        "list_id": "foo.example.com", "list_name": "foo", "mail_host": "example.com",
        "member_count": 1, "self_link": "http://localhost:9001/3.0/lists/foo.example.com",
        "volume": 1}], "http_etag": "\"89bf5f8f6c4414c38432c355907ddf9f419ef53b\"",
        "start": 0, "total_size": 1}'}
    headers:
      content-length: ['399']
      content-type: [application/json; charset=utf-8]
    status: {code: 200, message: OK}
- request:
    body: null
    headers:
      accept-encoding: ['gzip, deflate']
    method: !!python/unicode 'DELETE'
    uri: http://localhost:9001/3.0/lists/foo@example.com
  response:
    body: {string: !!python/unicode ''}
    headers:
      content-length: ['0']
    status: {code: 204, message: No Content}
- request:
    body: null
    headers:
      accept-encoding: ['gzip, deflate']
    method: !!python/unicode 'GET'
    uri: http://localhost:9001/3.0/users
  response:
    body: {string: !!python/unicode '{"entries": [{"created_on": "2005-08-01T07:49:23",
        "http_etag": "\"eb591d9720aa0ac944b49315b6af1c950410b54c\"", "is_server_owner":
        false, "self_link": "http://localhost:9001/3.0/users/1", "user_id": 1}, {"created_on":
        "2005-08-01T07:49:23", "http_etag": "\"b36f8ca1d91d583901c768dc116815282d469c66\"",
        "is_server_owner": false, "self_link": "http://localhost:9001/3.0/users/2",
        "user_id": 2}, {"created_on": "2005-08-01T07:49:23", "http_etag": "\"bb1c2e6094a96b17e2d5dbf487291f7667f69f75\"",
        "is_server_owner": false, "self_link": "http://localhost:9001/3.0/users/3",
        "user_id": 3}, {"created_on": "2005-08-01T07:49:23", "http_etag": "\"c1dcbf16536eb2e2151441f4bce2989ab1dab30b\"",
        "is_server_owner": false, "self_link": "http://localhost:9001/3.0/users/4",
        "user_id": 4}, {"created_on": "2005-08-01T07:49:23", "http_etag": "\"637c12d15eb0203c9ffac9ea2d5ac8605d18e38d\"",
        "is_server_owner": false, "self_link": "http://localhost:9001/3.0/users/5",
        "user_id": 5}, {"created_on": "2005-08-01T07:49:23", "http_etag": "\"b774d488fd2356b7bedf0e6fa4a26dc70dc2b02b\"",
        "is_server_owner": false, "self_link": "http://localhost:9001/3.0/users/6",
        "user_id": 6}, {"created_on": "2005-08-01T07:49:23", "display_name": "None",
        "http_etag": "\"190a72468798ef5f7c51a5e73125abc76e61824a\"", "is_server_owner":
        false, "self_link": "http://localhost:9001/3.0/users/12", "user_id": 12}],
        "http_etag": "\"c5b0a2670ed8edbdb168566a5b22bdfa2bd2faca\"", "start": 0, "total_size":
        7}'}
    headers:
      content-length: ['1459']
      content-type: [application/json; charset=utf-8]
    status: {code: 200, message: OK}
- request:
    body: null
    headers:
      accept-encoding: ['gzip, deflate']
    method: !!python/unicode 'DELETE'
    uri: http://localhost:9001/3.0/users/1
  response:
    body: {string: !!python/unicode ''}
    headers:
      content-length: ['0']
    status: {code: 204, message: No Content}
- request:
    body: null
    headers:
      accept-encoding: ['gzip, deflate']
    method: !!python/unicode 'DELETE'
    uri: http://localhost:9001/3.0/users/12
  response:
    body: {string: !!python/unicode ''}
    headers:
      content-length: ['0']
    status: {code: 204, message: No Content}
- request:
    body: null
    headers:
      accept-encoding: ['gzip, deflate']
    method: !!python/unicode 'DELETE'
    uri: http://localhost:9001/3.0/users/2
  response:
    body: {string: !!python/unicode ''}
    headers:
      content-length: ['0']
    status: {code: 204, message: No Content}
- request:
    body: null
    headers:
      accept-encoding: ['gzip, deflate']
    method: !!python/unicode 'DELETE'
    uri: http://localhost:9001/3.0/users/3
  response:
    body: {string: !!python/unicode ''}
    headers:
      content-length: ['0']
    status: {code: 204, message: No Content}
- request:
    body: null
    headers:
      accept-encoding: ['gzip, deflate']
    method: !!python/unicode 'DELETE'
    uri: http://localhost:9001/3.0/users/4
  response:
    body: {string: !!python/unicode ''}
    headers:
      content-length: ['0']
    status: {code: 204, message: No Content}
- request:
    body: null
    headers:
      accept-encoding: ['gzip, deflate']
    method: !!python/unicode 'DELETE'
    uri: http://localhost:9001/3.0/users/5
  response:
    body: {string: !!python/unicode ''}
    headers:
      content-length: ['0']
    status: {code: 204, message: No Content}
- request:
    body: null
    headers:
      accept-encoding: ['gzip, deflate']
    method: !!python/unicode 'DELETE'
    uri: http://localhost:9001/3.0/users/6
  response:
    body: {string: !!python/unicode ''}
    headers:
      content-length: ['0']
    status: {code: 204, message: No Content}
- request:
    body: mail_host=example.com
    headers:
      accept-encoding: ['gzip, deflate']
      !!python/unicode 'content-type': [!!python/unicode 'application/x-www-form-urlencoded']
    method: !!python/unicode 'POST'
    uri: http://localhost:9001/3.0/domains
  response:
    body: {string: !!python/unicode 'Duplicate email host: example.com'}
    headers:
      content-length: ['33']
      content-type: [application/json; charset=utf-8]
    status: {code: 400, message: Bad Request}
- request:
    body: null
    headers:
      accept-encoding: ['gzip, deflate']
    method: !!python/unicode 'GET'
    uri: http://localhost:9001/3.0/domains/example.com
  response:
    body: {string: !!python/unicode '{"base_url": "http://example.com", "description":
        null, "http_etag": "\"e736411818ff1815ca83575e0958c38c5188f0a4\"", "mail_host":
        "example.com", "self_link": "http://localhost:9001/3.0/domains/example.com",
        "url_host": "example.com"}'}
    headers:
      content-length: ['233']
      content-type: [application/json; charset=utf-8]
    status: {code: 200, message: OK}
- request:
    body: null
    headers:
      accept-encoding: ['gzip, deflate']
    method: !!python/unicode 'GET'
    uri: http://localhost:9001/3.0/domains/example.com
  response:
    body: {string: !!python/unicode '{"base_url": "http://example.com", "description":
        null, "http_etag": "\"e736411818ff1815ca83575e0958c38c5188f0a4\"", "mail_host":
        "example.com", "self_link": "http://localhost:9001/3.0/domains/example.com",
        "url_host": "example.com"}'}
    headers:
      content-length: ['233']
      content-type: [application/json; charset=utf-8]
    status: {code: 200, message: OK}
- request:
    body: fqdn_listname=foo%40example.com
    headers:
      accept-encoding: ['gzip, deflate']
      !!python/unicode 'content-type': [!!python/unicode 'application/x-www-form-urlencoded']
    method: !!python/unicode 'POST'
    uri: http://localhost:9001/3.0/lists
  response:
    body: {string: !!python/unicode ''}
    headers:
      content-length: ['0']
      location: ['http://localhost:9001/3.0/lists/foo.example.com']
    status: {code: 201, message: Created}
- request:
    body: null
    headers:
      accept-encoding: ['gzip, deflate']
    method: !!python/unicode 'GET'
    uri: http://localhost:9001/3.0/lists
  response:
    body: {string: !!python/unicode '{"entries": [{"display_name": "Foo", "fqdn_listname":
        "foo@example.com", "http_etag": "\"698a819bbb6b902096a8c5543cc7fac2328960d5\"",
        "list_id": "foo.example.com", "list_name": "foo", "mail_host": "example.com",
        "member_count": 0, "self_link": "http://localhost:9001/3.0/lists/foo.example.com",
        "volume": 1}], "http_etag": "\"0eb6d0b88c89b5c491b7966eab97a79e221096ad\"",
        "start": 0, "total_size": 1}'}
    headers:
      content-length: ['399']
      content-type: [application/json; charset=utf-8]
    status: {code: 200, message: OK}
- request:
    body: null
    headers:
      accept-encoding: ['gzip, deflate']
    method: !!python/unicode 'DELETE'
    uri: http://localhost:9001/3.0/lists/foo@example.com
  response:
    body: {string: !!python/unicode ''}
    headers:
      content-length: ['0']
    status: {code: 204, message: No Content}
- request:
    body: null
    headers:
      accept-encoding: ['gzip, deflate']
    method: !!python/unicode 'GET'
    uri: http://localhost:9001/3.0/users
  response:
    body: {string: !!python/unicode '{"entries": [{"created_on": "2005-08-01T07:49:23",
        "http_etag": "\"007cc78d77622058dc0f70458877d09487378a12\"", "is_server_owner":
        false, "self_link": "http://localhost:9001/3.0/users/13", "user_id": 13}],
        "http_etag": "\"cf0f619803e6e86366c5f8164b727b2c220bb803\"", "start": 0, "total_size":
        1}'}
    headers:
      content-length: ['295']
      content-type: [application/json; charset=utf-8]
    status: {code: 200, message: OK}
- request:
    body: null
    headers:
      accept-encoding: ['gzip, deflate']
    method: !!python/unicode 'DELETE'
    uri: http://localhost:9001/3.0/users/13
  response:
    body: {string: !!python/unicode ''}
    headers:
      content-length: ['0']
    status: {code: 204, message: No Content}
- request:
    body: mail_host=example.com
    headers:
      accept-encoding: ['gzip, deflate']
      !!python/unicode 'content-type': [!!python/unicode 'application/x-www-form-urlencoded']
    method: !!python/unicode 'POST'
    uri: http://localhost:9001/3.0/domains
  response:
    body: {string: !!python/unicode 'Duplicate email host: example.com'}
    headers:
      content-length: ['33']
      content-type: [application/json; charset=utf-8]
    status: {code: 400, message: Bad Request}
- request:
    body: null
    headers:
      accept-encoding: ['gzip, deflate']
    method: !!python/unicode 'GET'
    uri: http://localhost:9001/3.0/domains/example.com
  response:
    body: {string: !!python/unicode '{"base_url": "http://example.com", "description":
        null, "http_etag": "\"e736411818ff1815ca83575e0958c38c5188f0a4\"", "mail_host":
        "example.com", "self_link": "http://localhost:9001/3.0/domains/example.com",
        "url_host": "example.com"}'}
    headers:
      content-length: ['233']
      content-type: [application/json; charset=utf-8]
    status: {code: 200, message: OK}
- request:
    body: null
    headers:
      accept-encoding: ['gzip, deflate']
    method: !!python/unicode 'GET'
    uri: http://localhost:9001/3.0/domains/example.com
  response:
    body: {string: !!python/unicode '{"base_url": "http://example.com", "description":
        null, "http_etag": "\"e736411818ff1815ca83575e0958c38c5188f0a4\"", "mail_host":
        "example.com", "self_link": "http://localhost:9001/3.0/domains/example.com",
        "url_host": "example.com"}'}
    headers:
      content-length: ['233']
      content-type: [application/json; charset=utf-8]
    status: {code: 200, message: OK}
- request:
    body: fqdn_listname=foo%40example.com
    headers:
      accept-encoding: ['gzip, deflate']
      !!python/unicode 'content-type': [!!python/unicode 'application/x-www-form-urlencoded']
    method: !!python/unicode 'POST'
    uri: http://localhost:9001/3.0/lists
  response:
    body: {string: !!python/unicode ''}
    headers:
      content-length: ['0']
      location: ['http://localhost:9001/3.0/lists/foo.example.com']
    status: {code: 201, message: Created}
- request:
    body: null
    headers:
      accept-encoding: ['gzip, deflate']
    method: !!python/unicode 'GET'
    uri: http://localhost:9001/3.0/lists
  response:
    body: {string: !!python/unicode '{"entries": [{"display_name": "Foo", "fqdn_listname":
        "foo@example.com", "http_etag": "\"698a819bbb6b902096a8c5543cc7fac2328960d5\"",
        "list_id": "foo.example.com", "list_name": "foo", "mail_host": "example.com",
        "member_count": 0, "self_link": "http://localhost:9001/3.0/lists/foo.example.com",
        "volume": 1}], "http_etag": "\"0eb6d0b88c89b5c491b7966eab97a79e221096ad\"",
        "start": 0, "total_size": 1}'}
    headers:
      content-length: ['399']
      content-type: [application/json; charset=utf-8]
    status: {code: 200, message: OK}
- request:
    body: null
    headers:
      accept-encoding: ['gzip, deflate']
    method: !!python/unicode 'DELETE'
    uri: http://localhost:9001/3.0/lists/foo@example.com
  response:
    body: {string: !!python/unicode ''}
    headers:
      content-length: ['0']
    status: {code: 204, message: No Content}
- request:
    body: null
    headers:
      accept-encoding: ['gzip, deflate']
    method: !!python/unicode 'GET'
    uri: http://localhost:9001/3.0/users
  response:
    body: {string: !!python/unicode '{"http_etag": "\"32223434a0f3af4cdc4673d1fbc5bac1f6d98fd3\"",
        "start": 0, "total_size": 0}'}
    headers:
      content-length: ['90']
      content-type: [application/json; charset=utf-8]
    status: {code: 200, message: OK}
- request:
    body: mail_host=example.com
    headers:
      accept-encoding: ['gzip, deflate']
      !!python/unicode 'content-type': [!!python/unicode 'application/x-www-form-urlencoded']
    method: !!python/unicode 'POST'
    uri: http://localhost:9001/3.0/domains
  response:
    body: {string: !!python/unicode 'Duplicate email host: example.com'}
    headers:
      content-length: ['33']
      content-type: [application/json; charset=utf-8]
    status: {code: 400, message: Bad Request}
- request:
    body: null
    headers:
      accept-encoding: ['gzip, deflate']
    method: !!python/unicode 'GET'
    uri: http://localhost:9001/3.0/domains/example.com
  response:
    body: {string: !!python/unicode '{"base_url": "http://example.com", "description":
        null, "http_etag": "\"e736411818ff1815ca83575e0958c38c5188f0a4\"", "mail_host":
        "example.com", "self_link": "http://localhost:9001/3.0/domains/example.com",
        "url_host": "example.com"}'}
    headers:
      content-length: ['233']
      content-type: [application/json; charset=utf-8]
    status: {code: 200, message: OK}
- request:
    body: null
    headers:
      accept-encoding: ['gzip, deflate']
    method: !!python/unicode 'GET'
    uri: http://localhost:9001/3.0/domains/example.com
  response:
    body: {string: !!python/unicode '{"base_url": "http://example.com", "description":
        null, "http_etag": "\"e736411818ff1815ca83575e0958c38c5188f0a4\"", "mail_host":
        "example.com", "self_link": "http://localhost:9001/3.0/domains/example.com",
        "url_host": "example.com"}'}
    headers:
      content-length: ['233']
      content-type: [application/json; charset=utf-8]
    status: {code: 200, message: OK}
- request:
    body: fqdn_listname=foo%40example.com
    headers:
      accept-encoding: ['gzip, deflate']
      !!python/unicode 'content-type': [!!python/unicode 'application/x-www-form-urlencoded']
    method: !!python/unicode 'POST'
    uri: http://localhost:9001/3.0/lists
  response:
    body: {string: !!python/unicode ''}
    headers:
      content-length: ['0']
      location: ['http://localhost:9001/3.0/lists/foo.example.com']
    status: {code: 201, message: Created}
- request:
    body: null
    headers:
      accept-encoding: ['gzip, deflate']
    method: !!python/unicode 'GET'
    uri: http://localhost:9001/3.0/lists
  response:
    body: {string: !!python/unicode '{"entries": [{"display_name": "Foo", "fqdn_listname":
        "foo@example.com", "http_etag": "\"698a819bbb6b902096a8c5543cc7fac2328960d5\"",
        "list_id": "foo.example.com", "list_name": "foo", "mail_host": "example.com",
        "member_count": 0, "self_link": "http://localhost:9001/3.0/lists/foo.example.com",
        "volume": 1}], "http_etag": "\"0eb6d0b88c89b5c491b7966eab97a79e221096ad\"",
        "start": 0, "total_size": 1}'}
    headers:
      content-length: ['399']
      content-type: [application/json; charset=utf-8]
    status: {code: 200, message: OK}
- request:
    body: null
    headers:
      accept-encoding: ['gzip, deflate']
    method: !!python/unicode 'DELETE'
    uri: http://localhost:9001/3.0/lists/foo@example.com
  response:
    body: {string: !!python/unicode ''}
    headers:
      content-length: ['0']
    status: {code: 204, message: No Content}
- request:
    body: null
    headers:
      accept-encoding: ['gzip, deflate']
    method: !!python/unicode 'GET'
    uri: http://localhost:9001/3.0/users
  response:
    body: {string: !!python/unicode '{"entries": [{"created_on": "2005-08-01T07:49:23",
        "http_etag": "\"0151e0193b20e2c0ad85bb8486f2147bea762806\"", "is_server_owner":
        false, "self_link": "http://localhost:9001/3.0/users/14", "user_id": 14}],
        "http_etag": "\"a2e6bd1bff4ed16bf6266c9576da03906be66199\"", "start": 0, "total_size":
        1}'}
    headers:
      content-length: ['295']
      content-type: [application/json; charset=utf-8]
    status: {code: 200, message: OK}
- request:
    body: null
    headers:
      accept-encoding: ['gzip, deflate']
    method: !!python/unicode 'DELETE'
    uri: http://localhost:9001/3.0/users/14
  response:
    body: {string: !!python/unicode ''}
    headers:
      content-length: ['0']
    status: {code: 204, message: No Content}
- request:
    body: mail_host=example.com
    headers:
      accept-encoding: ['gzip, deflate']
      !!python/unicode 'content-type': [!!python/unicode 'application/x-www-form-urlencoded']
    method: !!python/unicode 'POST'
    uri: http://localhost:9001/3.0/domains
  response:
    body: {string: !!python/unicode 'Duplicate email host: example.com'}
    headers:
      content-length: ['33']
      content-type: [application/json; charset=utf-8]
    status: {code: 400, message: Bad Request}
- request:
    body: null
    headers:
      accept-encoding: ['gzip, deflate']
    method: !!python/unicode 'GET'
    uri: http://localhost:9001/3.0/domains/example.com
  response:
    body: {string: !!python/unicode '{"base_url": "http://example.com", "description":
        null, "http_etag": "\"e736411818ff1815ca83575e0958c38c5188f0a4\"", "mail_host":
        "example.com", "self_link": "http://localhost:9001/3.0/domains/example.com",
        "url_host": "example.com"}'}
    headers:
      content-length: ['233']
      content-type: [application/json; charset=utf-8]
    status: {code: 200, message: OK}
- request:
    body: null
    headers:
      accept-encoding: ['gzip, deflate']
    method: !!python/unicode 'GET'
    uri: http://localhost:9001/3.0/domains/example.com
  response:
    body: {string: !!python/unicode '{"base_url": "http://example.com", "description":
        null, "http_etag": "\"e736411818ff1815ca83575e0958c38c5188f0a4\"", "mail_host":
        "example.com", "self_link": "http://localhost:9001/3.0/domains/example.com",
        "url_host": "example.com"}'}
    headers:
      content-length: ['233']
      content-type: [application/json; charset=utf-8]
    status: {code: 200, message: OK}
- request:
    body: fqdn_listname=foo%40example.com
    headers:
      accept-encoding: ['gzip, deflate']
      !!python/unicode 'content-type': [!!python/unicode 'application/x-www-form-urlencoded']
    method: !!python/unicode 'POST'
    uri: http://localhost:9001/3.0/lists
  response:
    body: {string: !!python/unicode ''}
    headers:
      content-length: ['0']
      location: ['http://localhost:9001/3.0/lists/foo.example.com']
    status: {code: 201, message: Created}
- request:
    body: null
    headers:
      accept-encoding: ['gzip, deflate']
    method: !!python/unicode 'GET'
    uri: http://localhost:9001/3.0/lists
  response:
    body: {string: !!python/unicode '{"entries": [{"display_name": "Foo", "fqdn_listname":
        "foo@example.com", "http_etag": "\"698a819bbb6b902096a8c5543cc7fac2328960d5\"",
        "list_id": "foo.example.com", "list_name": "foo", "mail_host": "example.com",
        "member_count": 0, "self_link": "http://localhost:9001/3.0/lists/foo.example.com",
        "volume": 1}], "http_etag": "\"0eb6d0b88c89b5c491b7966eab97a79e221096ad\"",
        "start": 0, "total_size": 1}'}
    headers:
      content-length: ['399']
      content-type: [application/json; charset=utf-8]
    status: {code: 200, message: OK}
- request:
    body: null
    headers:
      accept-encoding: ['gzip, deflate']
    method: !!python/unicode 'DELETE'
    uri: http://localhost:9001/3.0/lists/foo@example.com
  response:
    body: {string: !!python/unicode ''}
    headers:
      content-length: ['0']
    status: {code: 204, message: No Content}
- request:
    body: null
    headers:
      accept-encoding: ['gzip, deflate']
    method: !!python/unicode 'GET'
    uri: http://localhost:9001/3.0/users
  response:
    body: {string: !!python/unicode '{"entries": [{"created_on": "2005-08-01T07:49:23",
        "http_etag": "\"a531627473d3c42f839df72e1179d6fb7416c340\"", "is_server_owner":
        false, "password": "$6$rounds=716038$rjFuMqcGBhC9Af.V$E.MKJZz6EAd5gZeB.0HNDItwVINNxQD4ZU/r8QLLhuyL6G.KEaYxFF7QrtNPKQDfvBg8GMD/THlLhDekZFegn/",
        "self_link": "http://localhost:9001/3.0/users/15", "user_id": 15}], "http_etag":
        "\"c86f65db990cbb218aa9d5dd07f5e2a5b364ca26\"", "start": 0, "total_size":
        1}'}
    headers:
      content-length: ['431']
      content-type: [application/json; charset=utf-8]
    status: {code: 200, message: OK}
- request:
    body: null
    headers:
      accept-encoding: ['gzip, deflate']
    method: !!python/unicode 'DELETE'
    uri: http://localhost:9001/3.0/users/15
  response:
    body: {string: !!python/unicode ''}
    headers:
      content-length: ['0']
    status: {code: 204, message: No Content}
- request:
    body: mail_host=example.com
    headers:
      accept-encoding: ['gzip, deflate']
      !!python/unicode 'content-type': [!!python/unicode 'application/x-www-form-urlencoded']
    method: !!python/unicode 'POST'
    uri: http://localhost:9001/3.0/domains
  response:
    body: {string: !!python/unicode 'Duplicate email host: example.com'}
    headers:
      content-length: ['33']
      content-type: [application/json; charset=utf-8]
    status: {code: 400, message: Bad Request}
- request:
    body: null
    headers:
      accept-encoding: ['gzip, deflate']
    method: !!python/unicode 'GET'
    uri: http://localhost:9001/3.0/domains/example.com
  response:
    body: {string: !!python/unicode '{"base_url": "http://example.com", "description":
        null, "http_etag": "\"e736411818ff1815ca83575e0958c38c5188f0a4\"", "mail_host":
        "example.com", "self_link": "http://localhost:9001/3.0/domains/example.com",
        "url_host": "example.com"}'}
    headers:
      content-length: ['233']
      content-type: [application/json; charset=utf-8]
    status: {code: 200, message: OK}
- request:
    body: null
    headers:
      accept-encoding: ['gzip, deflate']
    method: !!python/unicode 'GET'
    uri: http://localhost:9001/3.0/domains/example.com
  response:
    body: {string: !!python/unicode '{"base_url": "http://example.com", "description":
        null, "http_etag": "\"e736411818ff1815ca83575e0958c38c5188f0a4\"", "mail_host":
        "example.com", "self_link": "http://localhost:9001/3.0/domains/example.com",
        "url_host": "example.com"}'}
    headers:
      content-length: ['233']
      content-type: [application/json; charset=utf-8]
    status: {code: 200, message: OK}
- request:
    body: fqdn_listname=foo%40example.com
    headers:
      accept-encoding: ['gzip, deflate']
      !!python/unicode 'content-type': [!!python/unicode 'application/x-www-form-urlencoded']
    method: !!python/unicode 'POST'
    uri: http://localhost:9001/3.0/lists
  response:
    body: {string: !!python/unicode ''}
    headers:
      content-length: ['0']
      location: ['http://localhost:9001/3.0/lists/foo.example.com']
    status: {code: 201, message: Created}
- request:
    body: null
    headers:
      accept-encoding: ['gzip, deflate']
    method: !!python/unicode 'GET'
    uri: http://localhost:9001/3.0/lists
  response:
    body: {string: !!python/unicode '{"entries": [{"display_name": "Foo", "fqdn_listname":
        "foo@example.com", "http_etag": "\"698a819bbb6b902096a8c5543cc7fac2328960d5\"",
        "list_id": "foo.example.com", "list_name": "foo", "mail_host": "example.com",
        "member_count": 0, "self_link": "http://localhost:9001/3.0/lists/foo.example.com",
        "volume": 1}], "http_etag": "\"0eb6d0b88c89b5c491b7966eab97a79e221096ad\"",
        "start": 0, "total_size": 1}'}
    headers:
      content-length: ['399']
      content-type: [application/json; charset=utf-8]
    status: {code: 200, message: OK}
- request:
    body: null
    headers:
      accept-encoding: ['gzip, deflate']
    method: !!python/unicode 'DELETE'
    uri: http://localhost:9001/3.0/lists/foo@example.com
  response:
    body: {string: !!python/unicode ''}
    headers:
      content-length: ['0']
    status: {code: 204, message: No Content}
- request:
    body: null
    headers:
      accept-encoding: ['gzip, deflate']
    method: !!python/unicode 'GET'
    uri: http://localhost:9001/3.0/users
  response:
    body: {string: !!python/unicode '{"entries": [{"created_on": "2005-08-01T07:49:23",
        "http_etag": "\"a7c0d6889f70b59a124905d4c7c7111b11551ca3\"", "is_server_owner":
        false, "password": "$6$rounds=702281$U/3ZLVUTudSZLlZH$LrA9kL0T57Lr8GSs6RS4ZAE5vgr8upiAqhnVz.lXvZbn8tMbUz/VpyG9xfSkLvv3BqIzlZIu6mpaczTPlmeRc/",
        "self_link": "http://localhost:9001/3.0/users/16", "user_id": 16}], "http_etag":
        "\"da82cd93a4a5c06a93ea27699ef44fe13900fdb4\"", "start": 0, "total_size":
        1}'}
    headers:
      content-length: ['431']
      content-type: [application/json; charset=utf-8]
    status: {code: 200, message: OK}
- request:
    body: null
    headers:
      accept-encoding: ['gzip, deflate']
    method: !!python/unicode 'DELETE'
    uri: http://localhost:9001/3.0/users/16
  response:
    body: {string: !!python/unicode ''}
    headers:
      content-length: ['0']
    status: {code: 204, message: No Content}
- request:
    body: mail_host=example.com
    headers:
      accept-encoding: ['gzip, deflate']
      !!python/unicode 'content-type': [!!python/unicode 'application/x-www-form-urlencoded']
    method: !!python/unicode 'POST'
    uri: http://localhost:9001/3.0/domains
  response:
    body: {string: !!python/unicode 'Duplicate email host: example.com'}
    headers:
      content-length: ['33']
      content-type: [application/json; charset=utf-8]
    status: {code: 400, message: Bad Request}
- request:
    body: null
    headers:
      accept-encoding: ['gzip, deflate']
    method: !!python/unicode 'GET'
    uri: http://localhost:9001/3.0/domains/example.com
  response:
    body: {string: !!python/unicode '{"base_url": "http://example.com", "description":
        null, "http_etag": "\"e736411818ff1815ca83575e0958c38c5188f0a4\"", "mail_host":
        "example.com", "self_link": "http://localhost:9001/3.0/domains/example.com",
        "url_host": "example.com"}'}
    headers:
      content-length: ['233']
      content-type: [application/json; charset=utf-8]
    status: {code: 200, message: OK}
- request:
    body: null
    headers:
      accept-encoding: ['gzip, deflate']
    method: !!python/unicode 'GET'
    uri: http://localhost:9001/3.0/domains/example.com
  response:
    body: {string: !!python/unicode '{"base_url": "http://example.com", "description":
        null, "http_etag": "\"e736411818ff1815ca83575e0958c38c5188f0a4\"", "mail_host":
        "example.com", "self_link": "http://localhost:9001/3.0/domains/example.com",
        "url_host": "example.com"}'}
    headers:
      content-length: ['233']
      content-type: [application/json; charset=utf-8]
    status: {code: 200, message: OK}
- request:
    body: fqdn_listname=foo%40example.com
    headers:
      accept-encoding: ['gzip, deflate']
      !!python/unicode 'content-type': [!!python/unicode 'application/x-www-form-urlencoded']
    method: !!python/unicode 'POST'
    uri: http://localhost:9001/3.0/lists
  response:
    body: {string: !!python/unicode ''}
    headers:
      content-length: ['0']
      location: ['http://localhost:9001/3.0/lists/foo.example.com']
    status: {code: 201, message: Created}
- request:
    body: null
    headers:
      accept-encoding: ['gzip, deflate']
    method: !!python/unicode 'GET'
    uri: http://localhost:9001/3.0/lists/foo@example.com
  response:
    body: {string: !!python/unicode '{"display_name": "Foo", "fqdn_listname": "foo@example.com",
        "http_etag": "\"698a819bbb6b902096a8c5543cc7fac2328960d5\"", "list_id": "foo.example.com",
        "list_name": "foo", "mail_host": "example.com", "member_count": 0, "self_link":
        "http://localhost:9001/3.0/lists/foo.example.com", "volume": 1}'}
    headers:
      content-length: ['294']
      content-type: [application/json; charset=utf-8]
    status: {code: 200, message: OK}
- request:
    body: null
    headers:
      accept-encoding: ['gzip, deflate']
    method: !!python/unicode 'GET'
    uri: http://localhost:9001/3.0/users/test@example.com
  response:
    body: {string: !!python/unicode '404 Not Found'}
    headers:
      content-length: ['13']
      content-type: [application/json; charset=utf-8]
    status: {code: 404, message: Not Found}
- request:
    body: null
    headers:
      accept-encoding: ['gzip, deflate']
    method: !!python/unicode 'GET'
    uri: http://localhost:9001/3.0/lists/foo.example.com/roster/owner
  response:
    body: {string: !!python/unicode '{"http_etag": "\"32223434a0f3af4cdc4673d1fbc5bac1f6d98fd3\"",
        "start": 0, "total_size": 0}'}
    headers:
      content-length: ['90']
      content-type: [application/json; charset=utf-8]
    status: {code: 200, message: OK}
- request:
    body: null
    headers:
      accept-encoding: ['gzip, deflate']
    method: !!python/unicode 'GET'
    uri: http://localhost:9001/3.0/lists/foo.example.com/roster/moderator
  response:
    body: {string: !!python/unicode '{"http_etag": "\"32223434a0f3af4cdc4673d1fbc5bac1f6d98fd3\"",
        "start": 0, "total_size": 0}'}
    headers:
      content-length: ['90']
      content-type: [application/json; charset=utf-8]
    status: {code: 200, message: OK}
- request:
    body: null
    headers:
      accept-encoding: ['gzip, deflate']
    method: !!python/unicode 'GET'
    uri: http://localhost:9001/3.0/lists/foo.example.com/member/test@example.com
  response:
    body: {string: !!python/unicode '{}'}
    headers:
      content-length: ['2']
      content-type: [application/json]
    status: {code: 404, message: Not Found}
- request:
    body: null
    headers:
      accept-encoding: ['gzip, deflate']
    method: !!python/unicode 'GET'
    uri: http://localhost:9001/3.0/lists/foo@example.com/config
  response:
    body: {string: !!python/unicode '{"acceptable_aliases": [], "admin_immed_notify":
        true, "admin_notify_mchanges": false, "administrivia": true, "advertised":
        true, "allow_list_posts": true, "anonymous_list": false, "archive_policy":
        "public", "autorespond_owner": "none", "autorespond_postings": "none", "autorespond_requests":
        "none", "autoresponse_grace_period": "90d", "autoresponse_owner_text": "",
        "autoresponse_postings_text": "", "autoresponse_request_text": "", "bounces_address":
        "foo-bounces@example.com", "collapse_alternatives": true, "convert_html_to_plaintext":
        false, "created_at": "2005-08-01T07:49:23", "default_member_action": "defer",
        "default_nonmember_action": "hold", "description": "", "digest_last_sent_at":
        null, "digest_size_threshold": 30.0, "display_name": "Foo", "filter_content":
        false, "first_strip_reply_to": false, "fqdn_listname": "foo@example.com",
        "http_etag": "\"f24060c0fd5762da0d17009ff8b6f303bee3cd2f\"", "include_rfc2369_headers":
        true, "join_address": "foo-join@example.com", "last_post_at": null, "leave_address":
        "foo-leave@example.com", "list_name": "foo", "mail_host": "example.com", "next_digest_number":
        1, "no_reply_address": "noreply@example.com", "owner_address": "foo-owner@example.com",
        "post_id": 1, "posting_address": "foo@example.com", "posting_pipeline": "default-posting-pipeline",
        "reply_goes_to_list": "no_munging", "reply_to_address": "", "request_address":
        "foo-request@example.com", "scheme": "http", "send_welcome_message": true,
        "subject_prefix": "[Foo] ", "subscription_policy": "confirm", "volume": 1,
        "web_host": "example.com", "welcome_message_uri": "mailman:///welcome.txt"}'}
    headers:
      content-length: ['1610']
      content-type: [application/json; charset=utf-8]
    status: {code: 200, message: OK}
- request:
    body: null
    headers:
      accept-encoding: ['gzip, deflate']
    method: !!python/unicode 'GET'
    uri: http://localhost:9001/3.0/lists
  response:
    body: {string: !!python/unicode '{"entries": [{"display_name": "Foo", "fqdn_listname":
        "foo@example.com", "http_etag": "\"698a819bbb6b902096a8c5543cc7fac2328960d5\"",
        "list_id": "foo.example.com", "list_name": "foo", "mail_host": "example.com",
        "member_count": 0, "self_link": "http://localhost:9001/3.0/lists/foo.example.com",
        "volume": 1}], "http_etag": "\"0eb6d0b88c89b5c491b7966eab97a79e221096ad\"",
        "start": 0, "total_size": 1}'}
    headers:
      content-length: ['399']
      content-type: [application/json; charset=utf-8]
    status: {code: 200, message: OK}
- request:
    body: null
    headers:
      accept-encoding: ['gzip, deflate']
    method: !!python/unicode 'DELETE'
    uri: http://localhost:9001/3.0/lists/foo@example.com
  response:
    body: {string: !!python/unicode ''}
    headers:
      content-length: ['0']
    status: {code: 204, message: No Content}
- request:
    body: null
    headers:
      accept-encoding: ['gzip, deflate']
    method: !!python/unicode 'GET'
    uri: http://localhost:9001/3.0/users
  response:
    body: {string: !!python/unicode '{"http_etag": "\"32223434a0f3af4cdc4673d1fbc5bac1f6d98fd3\"",
        "start": 0, "total_size": 0}'}
    headers:
      content-length: ['90']
      content-type: [application/json; charset=utf-8]
    status: {code: 200, message: OK}
- request:
    body: mail_host=example.com
    headers:
      accept-encoding: ['gzip, deflate']
      !!python/unicode 'content-type': [!!python/unicode 'application/x-www-form-urlencoded']
    method: !!python/unicode 'POST'
    uri: http://localhost:9001/3.0/domains
  response:
    body: {string: !!python/unicode 'Duplicate email host: example.com'}
    headers:
      content-length: ['33']
      content-type: [application/json; charset=utf-8]
    status: {code: 400, message: Bad Request}
- request:
    body: null
    headers:
      accept-encoding: ['gzip, deflate']
    method: !!python/unicode 'GET'
    uri: http://localhost:9001/3.0/domains/example.com
  response:
    body: {string: !!python/unicode '{"base_url": "http://example.com", "description":
        null, "http_etag": "\"e736411818ff1815ca83575e0958c38c5188f0a4\"", "mail_host":
        "example.com", "self_link": "http://localhost:9001/3.0/domains/example.com",
        "url_host": "example.com"}'}
    headers:
      content-length: ['233']
      content-type: [application/json; charset=utf-8]
    status: {code: 200, message: OK}
- request:
    body: null
    headers:
      accept-encoding: ['gzip, deflate']
    method: !!python/unicode 'GET'
    uri: http://localhost:9001/3.0/domains/example.com
  response:
    body: {string: !!python/unicode '{"base_url": "http://example.com", "description":
        null, "http_etag": "\"e736411818ff1815ca83575e0958c38c5188f0a4\"", "mail_host":
        "example.com", "self_link": "http://localhost:9001/3.0/domains/example.com",
        "url_host": "example.com"}'}
    headers:
      content-length: ['233']
      content-type: [application/json; charset=utf-8]
    status: {code: 200, message: OK}
- request:
    body: fqdn_listname=foo%40example.com
    headers:
      accept-encoding: ['gzip, deflate']
      !!python/unicode 'content-type': [!!python/unicode 'application/x-www-form-urlencoded']
    method: !!python/unicode 'POST'
    uri: http://localhost:9001/3.0/lists
  response:
    body: {string: !!python/unicode ''}
    headers:
      content-length: ['0']
      location: ['http://localhost:9001/3.0/lists/foo.example.com']
    status: {code: 201, message: Created}
- request:
    body: null
    headers:
      accept-encoding: ['gzip, deflate']
    method: !!python/unicode 'GET'
    uri: http://localhost:9001/3.0/lists/foo@example.com
  response:
    body: {string: !!python/unicode '{"display_name": "Foo", "fqdn_listname": "foo@example.com",
        "http_etag": "\"698a819bbb6b902096a8c5543cc7fac2328960d5\"", "list_id": "foo.example.com",
        "list_name": "foo", "mail_host": "example.com", "member_count": 0, "self_link":
        "http://localhost:9001/3.0/lists/foo.example.com", "volume": 1}'}
    headers:
      content-length: ['294']
      content-type: [application/json; charset=utf-8]
    status: {code: 200, message: OK}
- request:
    body: null
    headers:
      accept-encoding: ['gzip, deflate']
    method: !!python/unicode 'GET'
    uri: http://localhost:9001/3.0/lists/foo@example.com/config
  response:
    body: {string: !!python/unicode '{"acceptable_aliases": [], "admin_immed_notify":
        true, "admin_notify_mchanges": false, "administrivia": true, "advertised":
        true, "allow_list_posts": true, "anonymous_list": false, "archive_policy":
        "public", "autorespond_owner": "none", "autorespond_postings": "none", "autorespond_requests":
        "none", "autoresponse_grace_period": "90d", "autoresponse_owner_text": "",
        "autoresponse_postings_text": "", "autoresponse_request_text": "", "bounces_address":
        "foo-bounces@example.com", "collapse_alternatives": true, "convert_html_to_plaintext":
        false, "created_at": "2005-08-01T07:49:23", "default_member_action": "defer",
        "default_nonmember_action": "hold", "description": "", "digest_last_sent_at":
        null, "digest_size_threshold": 30.0, "display_name": "Foo", "filter_content":
        false, "first_strip_reply_to": false, "fqdn_listname": "foo@example.com",
        "http_etag": "\"f24060c0fd5762da0d17009ff8b6f303bee3cd2f\"", "include_rfc2369_headers":
        true, "join_address": "foo-join@example.com", "last_post_at": null, "leave_address":
        "foo-leave@example.com", "list_name": "foo", "mail_host": "example.com", "next_digest_number":
        1, "no_reply_address": "noreply@example.com", "owner_address": "foo-owner@example.com",
        "post_id": 1, "posting_address": "foo@example.com", "posting_pipeline": "default-posting-pipeline",
        "reply_goes_to_list": "no_munging", "reply_to_address": "", "request_address":
        "foo-request@example.com", "scheme": "http", "send_welcome_message": true,
        "subject_prefix": "[Foo] ", "subscription_policy": "confirm", "volume": 1,
        "web_host": "example.com", "welcome_message_uri": "mailman:///welcome.txt"}'}
    headers:
      content-length: ['1610']
      content-type: [application/json; charset=utf-8]
    status: {code: 200, message: OK}
- request:
    body: null
    headers:
      accept-encoding: ['gzip, deflate']
    method: !!python/unicode 'GET'
    uri: http://localhost:9001/3.0/lists
  response:
    body: {string: !!python/unicode '{"entries": [{"display_name": "Foo", "fqdn_listname":
        "foo@example.com", "http_etag": "\"698a819bbb6b902096a8c5543cc7fac2328960d5\"",
        "list_id": "foo.example.com", "list_name": "foo", "mail_host": "example.com",
        "member_count": 0, "self_link": "http://localhost:9001/3.0/lists/foo.example.com",
        "volume": 1}], "http_etag": "\"0eb6d0b88c89b5c491b7966eab97a79e221096ad\"",
        "start": 0, "total_size": 1}'}
    headers:
      content-length: ['399']
      content-type: [application/json; charset=utf-8]
    status: {code: 200, message: OK}
- request:
    body: null
    headers:
      accept-encoding: ['gzip, deflate']
    method: !!python/unicode 'DELETE'
    uri: http://localhost:9001/3.0/lists/foo@example.com
  response:
    body: {string: !!python/unicode ''}
    headers:
      content-length: ['0']
    status: {code: 204, message: No Content}
- request:
    body: null
    headers:
      accept-encoding: ['gzip, deflate']
    method: !!python/unicode 'GET'
    uri: http://localhost:9001/3.0/users
  response:
    body: {string: !!python/unicode '{"http_etag": "\"32223434a0f3af4cdc4673d1fbc5bac1f6d98fd3\"",
        "start": 0, "total_size": 0}'}
    headers:
      content-length: ['90']
      content-type: [application/json; charset=utf-8]
    status: {code: 200, message: OK}
- request:
    body: mail_host=example.com
    headers:
      accept-encoding: ['gzip, deflate']
      !!python/unicode 'content-type': [!!python/unicode 'application/x-www-form-urlencoded']
    method: !!python/unicode 'POST'
    uri: http://localhost:9001/3.0/domains
  response:
    body: {string: !!python/unicode 'Duplicate email host: example.com'}
    headers:
      content-length: ['33']
      content-type: [application/json; charset=utf-8]
    status: {code: 400, message: Bad Request}
- request:
    body: null
    headers:
      accept-encoding: ['gzip, deflate']
    method: !!python/unicode 'GET'
    uri: http://localhost:9001/3.0/domains/example.com
  response:
    body: {string: !!python/unicode '{"base_url": "http://example.com", "description":
        null, "http_etag": "\"e736411818ff1815ca83575e0958c38c5188f0a4\"", "mail_host":
        "example.com", "self_link": "http://localhost:9001/3.0/domains/example.com",
        "url_host": "example.com"}'}
    headers:
      content-length: ['233']
      content-type: [application/json; charset=utf-8]
    status: {code: 200, message: OK}
- request:
    body: null
    headers:
      accept-encoding: ['gzip, deflate']
    method: !!python/unicode 'GET'
    uri: http://localhost:9001/3.0/domains/example.com
  response:
    body: {string: !!python/unicode '{"base_url": "http://example.com", "description":
        null, "http_etag": "\"e736411818ff1815ca83575e0958c38c5188f0a4\"", "mail_host":
        "example.com", "self_link": "http://localhost:9001/3.0/domains/example.com",
        "url_host": "example.com"}'}
    headers:
      content-length: ['233']
      content-type: [application/json; charset=utf-8]
    status: {code: 200, message: OK}
- request:
    body: fqdn_listname=foo%40example.com
    headers:
      accept-encoding: ['gzip, deflate']
      !!python/unicode 'content-type': [!!python/unicode 'application/x-www-form-urlencoded']
    method: !!python/unicode 'POST'
    uri: http://localhost:9001/3.0/lists
  response:
    body: {string: !!python/unicode ''}
    headers:
      content-length: ['0']
      location: ['http://localhost:9001/3.0/lists/foo.example.com']
    status: {code: 201, message: Created}
- request:
    body: null
    headers:
      accept-encoding: ['gzip, deflate']
    method: !!python/unicode 'GET'
    uri: http://localhost:9001/3.0/lists
  response:
    body: {string: !!python/unicode '{"entries": [{"display_name": "Foo", "fqdn_listname":
        "foo@example.com", "http_etag": "\"698a819bbb6b902096a8c5543cc7fac2328960d5\"",
        "list_id": "foo.example.com", "list_name": "foo", "mail_host": "example.com",
        "member_count": 0, "self_link": "http://localhost:9001/3.0/lists/foo.example.com",
        "volume": 1}], "http_etag": "\"0eb6d0b88c89b5c491b7966eab97a79e221096ad\"",
        "start": 0, "total_size": 1}'}
    headers:
      content-length: ['399']
      content-type: [application/json; charset=utf-8]
    status: {code: 200, message: OK}
- request:
    body: null
    headers:
      accept-encoding: ['gzip, deflate']
    method: !!python/unicode 'DELETE'
    uri: http://localhost:9001/3.0/lists/foo@example.com
  response:
    body: {string: !!python/unicode ''}
    headers:
      content-length: ['0']
    status: {code: 204, message: No Content}
- request:
    body: null
    headers:
      accept-encoding: ['gzip, deflate']
    method: !!python/unicode 'GET'
    uri: http://localhost:9001/3.0/users
  response:
    body: {string: !!python/unicode '{"entries": [{"created_on": "2005-08-01T07:49:23",
        "http_etag": "\"fe30bde1bb1f2782618c013e4d84fd01f2be77ed\"", "is_server_owner":
        false, "password": "$6$rounds=599671$reIkEyBqsvnMS5ns$npdWKphARj.nzK7kulwvYoJ5JGnR7FNPVoDET14UCNeuU7SEzGwOerbz4/4vFl5UazVF/0uQhwdJB//R0sBMh1",
        "self_link": "http://localhost:9001/3.0/users/17", "user_id": 17}], "http_etag":
        "\"fd68f4a41dbd2c54b54ae737bef732d47cc7ee79\"", "start": 0, "total_size":
        1}'}
    headers:
      content-length: ['431']
      content-type: [application/json; charset=utf-8]
    status: {code: 200, message: OK}
- request:
    body: null
    headers:
      accept-encoding: ['gzip, deflate']
    method: !!python/unicode 'DELETE'
    uri: http://localhost:9001/3.0/users/17
  response:
    body: {string: !!python/unicode ''}
    headers:
      content-length: ['0']
    status: {code: 204, message: No Content}
- request:
    body: mail_host=example.com
    headers:
      accept-encoding: ['gzip, deflate']
      !!python/unicode 'content-type': [!!python/unicode 'application/x-www-form-urlencoded']
    method: !!python/unicode 'POST'
    uri: http://localhost:9001/3.0/domains
  response:
    body: {string: !!python/unicode 'Duplicate email host: example.com'}
    headers:
      content-length: ['33']
      content-type: [application/json; charset=utf-8]
    status: {code: 400, message: Bad Request}
- request:
    body: null
    headers:
      accept-encoding: ['gzip, deflate']
    method: !!python/unicode 'GET'
    uri: http://localhost:9001/3.0/domains/example.com
  response:
    body: {string: !!python/unicode '{"base_url": "http://example.com", "description":
        null, "http_etag": "\"e736411818ff1815ca83575e0958c38c5188f0a4\"", "mail_host":
        "example.com", "self_link": "http://localhost:9001/3.0/domains/example.com",
        "url_host": "example.com"}'}
    headers:
      content-length: ['233']
      content-type: [application/json; charset=utf-8]
    status: {code: 200, message: OK}
- request:
    body: null
    headers:
      accept-encoding: ['gzip, deflate']
    method: !!python/unicode 'GET'
    uri: http://localhost:9001/3.0/domains/example.com
  response:
    body: {string: !!python/unicode '{"base_url": "http://example.com", "description":
        null, "http_etag": "\"e736411818ff1815ca83575e0958c38c5188f0a4\"", "mail_host":
        "example.com", "self_link": "http://localhost:9001/3.0/domains/example.com",
        "url_host": "example.com"}'}
    headers:
      content-length: ['233']
      content-type: [application/json; charset=utf-8]
    status: {code: 200, message: OK}
- request:
    body: fqdn_listname=foo%40example.com
    headers:
      accept-encoding: ['gzip, deflate']
      !!python/unicode 'content-type': [!!python/unicode 'application/x-www-form-urlencoded']
    method: !!python/unicode 'POST'
    uri: http://localhost:9001/3.0/lists
  response:
    body: {string: !!python/unicode ''}
    headers:
      content-length: ['0']
      location: ['http://localhost:9001/3.0/lists/foo.example.com']
    status: {code: 201, message: Created}
- request:
    body: null
    headers:
      accept-encoding: ['gzip, deflate']
    method: !!python/unicode 'GET'
    uri: http://localhost:9001/3.0/lists
  response:
    body: {string: !!python/unicode '{"entries": [{"display_name": "Foo", "fqdn_listname":
        "foo@example.com", "http_etag": "\"698a819bbb6b902096a8c5543cc7fac2328960d5\"",
        "list_id": "foo.example.com", "list_name": "foo", "mail_host": "example.com",
        "member_count": 0, "self_link": "http://localhost:9001/3.0/lists/foo.example.com",
        "volume": 1}], "http_etag": "\"0eb6d0b88c89b5c491b7966eab97a79e221096ad\"",
        "start": 0, "total_size": 1}'}
    headers:
      content-length: ['399']
      content-type: [application/json; charset=utf-8]
    status: {code: 200, message: OK}
- request:
    body: null
    headers:
      accept-encoding: ['gzip, deflate']
    method: !!python/unicode 'DELETE'
    uri: http://localhost:9001/3.0/lists/foo@example.com
  response:
    body: {string: !!python/unicode ''}
    headers:
      content-length: ['0']
    status: {code: 204, message: No Content}
- request:
    body: null
    headers:
      accept-encoding: ['gzip, deflate']
    method: !!python/unicode 'GET'
    uri: http://localhost:9001/3.0/users
  response:
    body: {string: !!python/unicode '{"entries": [{"created_on": "2005-08-01T07:49:23",
        "http_etag": "\"4069f0666f269c69537d6ad2ece8e3eaec6882b3\"", "is_server_owner":
        false, "password": "$6$rounds=671105$BC4rSNHWy/JkJfj8$HcwNXekuZ462tp5hnP3hVVtNVvyzn8JCcTynIJjDHIqV.62XlQlhMRPh7J/3AOOevu8PME9oJmRM1i/.XYa8x0",
        "self_link": "http://localhost:9001/3.0/users/18", "user_id": 18}], "http_etag":
        "\"e6885c4aa47cf60a17d00320b22db0b52dad2cfc\"", "start": 0, "total_size":
        1}'}
    headers:
      content-length: ['431']
      content-type: [application/json; charset=utf-8]
    status: {code: 200, message: OK}
- request:
    body: null
    headers:
      accept-encoding: ['gzip, deflate']
    method: !!python/unicode 'DELETE'
    uri: http://localhost:9001/3.0/users/18
  response:
    body: {string: !!python/unicode ''}
    headers:
      content-length: ['0']
    status: {code: 204, message: No Content}
- request:
    body: mail_host=example.com
    headers:
      accept-encoding: ['gzip, deflate']
      !!python/unicode 'content-type': [!!python/unicode 'application/x-www-form-urlencoded']
    method: !!python/unicode 'POST'
    uri: http://localhost:9001/3.0/domains
  response:
    body: {string: !!python/unicode 'Duplicate email host: example.com'}
    headers:
      content-length: ['33']
      content-type: [application/json; charset=utf-8]
    status: {code: 400, message: Bad Request}
- request:
    body: null
    headers:
      accept-encoding: ['gzip, deflate']
    method: !!python/unicode 'GET'
    uri: http://localhost:9001/3.0/domains/example.com
  response:
    body: {string: !!python/unicode '{"base_url": "http://example.com", "description":
        null, "http_etag": "\"e736411818ff1815ca83575e0958c38c5188f0a4\"", "mail_host":
        "example.com", "self_link": "http://localhost:9001/3.0/domains/example.com",
        "url_host": "example.com"}'}
    headers:
      content-length: ['233']
      content-type: [application/json; charset=utf-8]
    status: {code: 200, message: OK}
- request:
    body: null
    headers:
      accept-encoding: ['gzip, deflate']
    method: !!python/unicode 'GET'
    uri: http://localhost:9001/3.0/domains/example.com
  response:
    body: {string: !!python/unicode '{"base_url": "http://example.com", "description":
        null, "http_etag": "\"e736411818ff1815ca83575e0958c38c5188f0a4\"", "mail_host":
        "example.com", "self_link": "http://localhost:9001/3.0/domains/example.com",
        "url_host": "example.com"}'}
    headers:
      content-length: ['233']
      content-type: [application/json; charset=utf-8]
    status: {code: 200, message: OK}
- request:
    body: fqdn_listname=foo%40example.com
    headers:
      accept-encoding: ['gzip, deflate']
      !!python/unicode 'content-type': [!!python/unicode 'application/x-www-form-urlencoded']
    method: !!python/unicode 'POST'
    uri: http://localhost:9001/3.0/lists
  response:
    body: {string: !!python/unicode ''}
    headers:
      content-length: ['0']
      location: ['http://localhost:9001/3.0/lists/foo.example.com']
    status: {code: 201, message: Created}
- request:
    body: null
    headers:
      accept-encoding: ['gzip, deflate']
    method: !!python/unicode 'GET'
    uri: http://localhost:9001/3.0/lists
  response:
    body: {string: !!python/unicode '{"entries": [{"display_name": "Foo", "fqdn_listname":
        "foo@example.com", "http_etag": "\"698a819bbb6b902096a8c5543cc7fac2328960d5\"",
        "list_id": "foo.example.com", "list_name": "foo", "mail_host": "example.com",
        "member_count": 0, "self_link": "http://localhost:9001/3.0/lists/foo.example.com",
        "volume": 1}], "http_etag": "\"0eb6d0b88c89b5c491b7966eab97a79e221096ad\"",
        "start": 0, "total_size": 1}'}
    headers:
      content-length: ['399']
      content-type: [application/json; charset=utf-8]
    status: {code: 200, message: OK}
- request:
    body: null
    headers:
      accept-encoding: ['gzip, deflate']
    method: !!python/unicode 'DELETE'
    uri: http://localhost:9001/3.0/lists/foo@example.com
  response:
    body: {string: !!python/unicode ''}
    headers:
      content-length: ['0']
    status: {code: 204, message: No Content}
- request:
    body: null
    headers:
      accept-encoding: ['gzip, deflate']
    method: !!python/unicode 'GET'
    uri: http://localhost:9001/3.0/users
  response:
    body: {string: !!python/unicode '{"entries": [{"created_on": "2005-08-01T07:49:23",
        "display_name": "None", "http_etag": "\"738b16aa5f336bcbf244014d98535f24da52fc42\"",
        "is_server_owner": false, "self_link": "http://localhost:9001/3.0/users/19",
        "user_id": 19}], "http_etag": "\"f8be718493c688b61de62c673cfb89e74188f61a\"",
        "start": 0, "total_size": 1}'}
    headers:
      content-length: ['319']
      content-type: [application/json; charset=utf-8]
    status: {code: 200, message: OK}
- request:
    body: null
    headers:
      accept-encoding: ['gzip, deflate']
    method: !!python/unicode 'DELETE'
    uri: http://localhost:9001/3.0/users/19
  response:
    body: {string: !!python/unicode ''}
    headers:
      content-length: ['0']
    status: {code: 204, message: No Content}
- request:
    body: mail_host=example.com
    headers:
      accept-encoding: ['gzip, deflate']
      !!python/unicode 'content-type': [!!python/unicode 'application/x-www-form-urlencoded']
    method: !!python/unicode 'POST'
    uri: http://localhost:9001/3.0/domains
  response:
    body: {string: !!python/unicode 'Duplicate email host: example.com'}
    headers:
      content-length: ['33']
      content-type: [application/json; charset=utf-8]
    status: {code: 400, message: Bad Request}
- request:
    body: null
    headers:
      accept-encoding: ['gzip, deflate']
    method: !!python/unicode 'GET'
    uri: http://localhost:9001/3.0/domains/example.com
  response:
    body: {string: !!python/unicode '{"base_url": "http://example.com", "description":
        null, "http_etag": "\"e736411818ff1815ca83575e0958c38c5188f0a4\"", "mail_host":
        "example.com", "self_link": "http://localhost:9001/3.0/domains/example.com",
        "url_host": "example.com"}'}
    headers:
      content-length: ['233']
      content-type: [application/json; charset=utf-8]
    status: {code: 200, message: OK}
- request:
    body: null
    headers:
      accept-encoding: ['gzip, deflate']
    method: !!python/unicode 'GET'
    uri: http://localhost:9001/3.0/domains/example.com
  response:
    body: {string: !!python/unicode '{"base_url": "http://example.com", "description":
        null, "http_etag": "\"e736411818ff1815ca83575e0958c38c5188f0a4\"", "mail_host":
        "example.com", "self_link": "http://localhost:9001/3.0/domains/example.com",
        "url_host": "example.com"}'}
    headers:
      content-length: ['233']
      content-type: [application/json; charset=utf-8]
    status: {code: 200, message: OK}
- request:
    body: fqdn_listname=foo%40example.com
    headers:
      accept-encoding: ['gzip, deflate']
      !!python/unicode 'content-type': [!!python/unicode 'application/x-www-form-urlencoded']
    method: !!python/unicode 'POST'
    uri: http://localhost:9001/3.0/lists
  response:
    body: {string: !!python/unicode ''}
    headers:
      content-length: ['0']
      location: ['http://localhost:9001/3.0/lists/foo.example.com']
    status: {code: 201, message: Created}
- request:
    body: null
    headers:
      accept-encoding: ['gzip, deflate']
    method: !!python/unicode 'GET'
    uri: http://localhost:9001/3.0/lists
  response:
    body: {string: !!python/unicode '{"entries": [{"display_name": "Foo", "fqdn_listname":
        "foo@example.com", "http_etag": "\"698a819bbb6b902096a8c5543cc7fac2328960d5\"",
        "list_id": "foo.example.com", "list_name": "foo", "mail_host": "example.com",
        "member_count": 0, "self_link": "http://localhost:9001/3.0/lists/foo.example.com",
        "volume": 1}], "http_etag": "\"0eb6d0b88c89b5c491b7966eab97a79e221096ad\"",
        "start": 0, "total_size": 1}'}
    headers:
      content-length: ['399']
      content-type: [application/json; charset=utf-8]
    status: {code: 200, message: OK}
- request:
    body: null
    headers:
      accept-encoding: ['gzip, deflate']
    method: !!python/unicode 'DELETE'
    uri: http://localhost:9001/3.0/lists/foo@example.com
  response:
    body: {string: !!python/unicode ''}
    headers:
      content-length: ['0']
    status: {code: 204, message: No Content}
- request:
    body: null
    headers:
      accept-encoding: ['gzip, deflate']
    method: !!python/unicode 'GET'
    uri: http://localhost:9001/3.0/users
  response:
    body: {string: !!python/unicode '{"http_etag": "\"32223434a0f3af4cdc4673d1fbc5bac1f6d98fd3\"",
        "start": 0, "total_size": 0}'}
    headers:
      content-length: ['90']
      content-type: [application/json; charset=utf-8]
    status: {code: 200, message: OK}
version: 1
