interactions:
- request:
    body: null
    headers:
      accept-encoding: ['gzip, deflate']
    method: !!python/unicode GET
    uri: http://localhost:9001/3.0/lists/foo.example.com/roster/owner
  response:
    body: {string: !!python/unicode '{"entries": [{"address": "http://localhost:9001/3.0/addresses/su@example.com",
        "delivery_mode": "regular", "email": "su@example.com", "http_etag": "\"f847b4e3a05ab1448c6fd40dfe781f8bd53fcfc7\"",
        "list_id": "foo.example.com", "member_id": 1060, "role": "owner", "self_link":
        "http://localhost:9001/3.0/members/1060", "user": "http://localhost:9001/3.0/users/718"}],
        "http_etag": "\"5f1c07bcd7ff4e2d964df55b55c78ef68dcf746c\"", "start": 0, "total_size":
        1}'}
    headers:
      content-length: ['454']
      content-type: [application/json; charset=utf-8]
    status: {code: 200, message: OK}
- request:
    body: null
    headers:
      accept-encoding: ['gzip, deflate']
    method: !!python/unicode GET
    uri: http://localhost:9001/3.0/lists/foo@example.com
  response:
    body: {string: !!python/unicode '{"display_name": "Foo", "fqdn_listname": "foo@example.com",
        "http_etag": "\"698a819bbb6b902096a8c5543cc7fac2328960d5\"", "list_id": "foo.example.com",
        "list_name": "foo", "mail_host": "example.com", "member_count": 0, "self_link":
        "http://localhost:9001/3.0/lists/foo.example.com", "volume": 1}'}
    headers:
      content-length: ['294']
      content-type: [application/json; charset=utf-8]
    status: {code: 200, message: OK}
- request:
    body: null
    headers:
      accept-encoding: ['gzip, deflate']
    method: !!python/unicode GET
    uri: http://localhost:9001/3.0/users/su@example.com
  response:
    body: {string: !!python/unicode '{"created_on": "2005-08-01T07:49:23", "http_etag":
        "\"f3ae14975cc188a94c91842fc7474da4c2f8b1dd\"", "is_server_owner": false,
        "self_link": "http://localhost:9001/3.0/users/718", "user_id": 718}'}
    headers:
      content-length: ['192']
      content-type: [application/json; charset=utf-8]
    status: {code: 200, message: OK}
- request:
    body: null
    headers:
      accept-encoding: ['gzip, deflate']
    method: !!python/unicode GET
    uri: http://localhost:9001/3.0/users/718/addresses
  response:
    body: {string: !!python/unicode '{"entries": [{"email": "su@example.com", "http_etag":
        "\"f3c90224dfc2b451d7ce91be4f12d72b1d25822b\"", "original_email": "su@example.com",
        "registered_on": "2005-08-01T07:49:23", "self_link": "http://localhost:9001/3.0/addresses/su@example.com",
        "user": "http://localhost:9001/3.0/users/718"}], "http_etag": "\"bdc70f878525ca6c9a5cccc82a4e3f9a008dc77a\"",
        "start": 0, "total_size": 1}'}
    headers:
      content-length: ['383']
      content-type: [application/json; charset=utf-8]
    status: {code: 200, message: OK}
- request:
    body: null
    headers:
      accept-encoding: ['gzip, deflate']
    method: !!python/unicode GET
    uri: http://localhost:9001/3.0/addresses/su@example.com
  response:
    body: {string: !!python/unicode '{"email": "su@example.com", "http_etag": "\"f3c90224dfc2b451d7ce91be4f12d72b1d25822b\"",
        "original_email": "su@example.com", "registered_on": "2005-08-01T07:49:23",
        "self_link": "http://localhost:9001/3.0/addresses/su@example.com", "user":
        "http://localhost:9001/3.0/users/718"}'}
    headers:
      content-length: ['278']
      content-type: [application/json; charset=utf-8]
    status: {code: 200, message: OK}
- request:
    body: null
    headers:
      accept-encoding: ['gzip, deflate']
    method: !!python/unicode GET
    uri: http://localhost:9001/3.0/lists/foo.example.com/roster/owner
  response:
    body: {string: !!python/unicode '{"entries": [{"address": "http://localhost:9001/3.0/addresses/su@example.com",
        "delivery_mode": "regular", "email": "su@example.com", "http_etag": "\"f847b4e3a05ab1448c6fd40dfe781f8bd53fcfc7\"",
        "list_id": "foo.example.com", "member_id": 1060, "role": "owner", "self_link":
        "http://localhost:9001/3.0/members/1060", "user": "http://localhost:9001/3.0/users/718"}],
        "http_etag": "\"5f1c07bcd7ff4e2d964df55b55c78ef68dcf746c\"", "start": 0, "total_size":
        1}'}
    headers:
      content-length: ['454']
      content-type: [application/json; charset=utf-8]
    status: {code: 200, message: OK}
- request:
    body: null
    headers:
      accept-encoding: ['gzip, deflate']
    method: !!python/unicode GET
    uri: http://localhost:9001/3.0/lists/foo.example.com/roster/moderator
  response:
    body: {string: !!python/unicode '{"http_etag": "\"32223434a0f3af4cdc4673d1fbc5bac1f6d98fd3\"",
        "start": 0, "total_size": 0}'}
    headers:
      content-length: ['90']
      content-type: [application/json; charset=utf-8]
    status: {code: 200, message: OK}
- request:
    body: subscriber=newowner%40example.com&role=owner&list_id=foo.example.com
    headers:
      accept-encoding: ['gzip, deflate']
      !!python/unicode content-type: [!!python/unicode application/x-www-form-urlencoded]
    method: !!python/unicode POST
    uri: http://localhost:9001/3.0/members
  response:
    body: {string: !!python/unicode ''}
    headers:
      content-length: ['0']
      location: ['http://localhost:9001/3.0/members/1061']
    status: {code: 201, message: Created}
- request:
    body: null
    headers:
      accept-encoding: ['gzip, deflate']
    method: !!python/unicode GET
    uri: http://localhost:9001/3.0/lists/foo@example.com/roster/member?count=1&page=1
  response:
    body: {string: !!python/unicode '{"http_etag": "\"32223434a0f3af4cdc4673d1fbc5bac1f6d98fd3\"",
        "start": 0, "total_size": 0}'}
    headers:
      content-length: ['90']
      content-type: [application/json; charset=utf-8]
    status: {code: 200, message: OK}
- request:
    body: null
    headers:
      accept-encoding: ['gzip, deflate']
    method: !!python/unicode GET
    uri: http://localhost:9001/3.0/lists/foo@example.com/roster/member?count=25&page=1
  response:
    body: {string: !!python/unicode '{"http_etag": "\"32223434a0f3af4cdc4673d1fbc5bac1f6d98fd3\"",
        "start": 0, "total_size": 0}'}
    headers:
      content-length: ['90']
      content-type: [application/json; charset=utf-8]
    status: {code: 200, message: OK}
- request:
    body: null
    headers:
      accept-encoding: ['gzip, deflate']
    method: !!python/unicode GET
    uri: http://localhost:9001/3.0/lists/foo.example.com/roster/owner
  response:
    body: {string: !!python/unicode '{"entries": [{"address": "http://localhost:9001/3.0/addresses/newowner@example.com",
        "delivery_mode": "regular", "email": "newowner@example.com", "http_etag":
        "\"f3bd9de00f9a9487a4b1aa5c6e7a9eeba667255d\"", "list_id": "foo.example.com",
        "member_id": 1061, "role": "owner", "self_link": "http://localhost:9001/3.0/members/1061",
        "user": "http://localhost:9001/3.0/users/719"}, {"address": "http://localhost:9001/3.0/addresses/su@example.com",
        "delivery_mode": "regular", "email": "su@example.com", "http_etag": "\"f847b4e3a05ab1448c6fd40dfe781f8bd53fcfc7\"",
        "list_id": "foo.example.com", "member_id": 1060, "role": "owner", "self_link":
        "http://localhost:9001/3.0/members/1060", "user": "http://localhost:9001/3.0/users/718"}],
        "http_etag": "\"2849c1b85b4f91b0d6664665f8d3fc891317164f\"", "start": 0, "total_size":
        2}'}
    headers:
      content-length: ['817']
      content-type: [application/json; charset=utf-8]
    status: {code: 200, message: OK}
- request:
    body: null
    headers:
      accept-encoding: ['gzip, deflate']
    method: !!python/unicode GET
    uri: http://localhost:9001/3.0/lists/foo.example.com/roster/moderator
  response:
    body: {string: !!python/unicode '{"http_etag": "\"32223434a0f3af4cdc4673d1fbc5bac1f6d98fd3\"",
        "start": 0, "total_size": 0}'}
    headers:
      content-length: ['90']
      content-type: [application/json; charset=utf-8]
    status: {code: 200, message: OK}
- request:
    body: null
    headers:
      accept-encoding: ['gzip, deflate']
    method: !!python/unicode GET
    uri: http://localhost:9001/3.0/lists/foo.example.com/roster/owner
  response:
    body: {string: !!python/unicode '{"entries": [{"address": "http://localhost:9001/3.0/addresses/newowner@example.com",
        "delivery_mode": "regular", "email": "newowner@example.com", "http_etag":
        "\"f3bd9de00f9a9487a4b1aa5c6e7a9eeba667255d\"", "list_id": "foo.example.com",
        "member_id": 1061, "role": "owner", "self_link": "http://localhost:9001/3.0/members/1061",
        "user": "http://localhost:9001/3.0/users/719"}, {"address": "http://localhost:9001/3.0/addresses/su@example.com",
        "delivery_mode": "regular", "email": "su@example.com", "http_etag": "\"f847b4e3a05ab1448c6fd40dfe781f8bd53fcfc7\"",
        "list_id": "foo.example.com", "member_id": 1060, "role": "owner", "self_link":
        "http://localhost:9001/3.0/members/1060", "user": "http://localhost:9001/3.0/users/718"}],
        "http_etag": "\"2849c1b85b4f91b0d6664665f8d3fc891317164f\"", "start": 0, "total_size":
        2}'}
    headers:
      content-length: ['817']
      content-type: [application/json; charset=utf-8]
    status: {code: 200, message: OK}
- request:
    body: null
    headers:
      accept-encoding: ['gzip, deflate']
    method: !!python/unicode GET
    uri: http://localhost:9001/3.0/lists/foo@example.com
  response:
    body: {string: !!python/unicode '{"display_name": "Foo", "fqdn_listname": "foo@example.com",
        "http_etag": "\"698a819bbb6b902096a8c5543cc7fac2328960d5\"", "list_id": "foo.example.com",
        "list_name": "foo", "mail_host": "example.com", "member_count": 0, "self_link":
        "http://localhost:9001/3.0/lists/foo.example.com", "volume": 1}'}
    headers:
      content-length: ['294']
      content-type: [application/json; charset=utf-8]
    status: {code: 200, message: OK}
- request:
    body: null
    headers:
      accept-encoding: ['gzip, deflate']
    method: !!python/unicode GET
    uri: http://localhost:9001/3.0/users/su@example.com
  response:
    body: {string: !!python/unicode '{"created_on": "2005-08-01T07:49:23", "http_etag":
        "\"f3ae14975cc188a94c91842fc7474da4c2f8b1dd\"", "is_server_owner": false,
        "self_link": "http://localhost:9001/3.0/users/718", "user_id": 718}'}
    headers:
      content-length: ['192']
      content-type: [application/json; charset=utf-8]
    status: {code: 200, message: OK}
- request:
    body: null
    headers:
      accept-encoding: ['gzip, deflate']
    method: !!python/unicode GET
    uri: http://localhost:9001/3.0/users/718/addresses
  response:
    body: {string: !!python/unicode '{"entries": [{"email": "su@example.com", "http_etag":
        "\"f3c90224dfc2b451d7ce91be4f12d72b1d25822b\"", "original_email": "su@example.com",
        "registered_on": "2005-08-01T07:49:23", "self_link": "http://localhost:9001/3.0/addresses/su@example.com",
        "user": "http://localhost:9001/3.0/users/718"}], "http_etag": "\"bdc70f878525ca6c9a5cccc82a4e3f9a008dc77a\"",
        "start": 0, "total_size": 1}'}
    headers:
      content-length: ['383']
      content-type: [application/json; charset=utf-8]
    status: {code: 200, message: OK}
- request:
    body: null
    headers:
      accept-encoding: ['gzip, deflate']
    method: !!python/unicode GET
    uri: http://localhost:9001/3.0/addresses/su@example.com
  response:
    body: {string: !!python/unicode '{"email": "su@example.com", "http_etag": "\"f3c90224dfc2b451d7ce91be4f12d72b1d25822b\"",
        "original_email": "su@example.com", "registered_on": "2005-08-01T07:49:23",
        "self_link": "http://localhost:9001/3.0/addresses/su@example.com", "user":
        "http://localhost:9001/3.0/users/718"}'}
    headers:
      content-length: ['278']
      content-type: [application/json; charset=utf-8]
    status: {code: 200, message: OK}
- request:
    body: null
    headers:
      accept-encoding: ['gzip, deflate']
    method: !!python/unicode GET
    uri: http://localhost:9001/3.0/lists/foo.example.com/roster/owner
  response:
    body: {string: !!python/unicode '{"entries": [{"address": "http://localhost:9001/3.0/addresses/newowner@example.com",
        "delivery_mode": "regular", "email": "newowner@example.com", "http_etag":
        "\"f3bd9de00f9a9487a4b1aa5c6e7a9eeba667255d\"", "list_id": "foo.example.com",
        "member_id": 1061, "role": "owner", "self_link": "http://localhost:9001/3.0/members/1061",
        "user": "http://localhost:9001/3.0/users/719"}, {"address": "http://localhost:9001/3.0/addresses/su@example.com",
        "delivery_mode": "regular", "email": "su@example.com", "http_etag": "\"f847b4e3a05ab1448c6fd40dfe781f8bd53fcfc7\"",
        "list_id": "foo.example.com", "member_id": 1060, "role": "owner", "self_link":
        "http://localhost:9001/3.0/members/1060", "user": "http://localhost:9001/3.0/users/718"}],
        "http_etag": "\"2849c1b85b4f91b0d6664665f8d3fc891317164f\"", "start": 0, "total_size":
        2}'}
    headers:
      content-length: ['817']
      content-type: [application/json; charset=utf-8]
    status: {code: 200, message: OK}
- request:
    body: null
    headers:
      accept-encoding: ['gzip, deflate']
    method: !!python/unicode GET
    uri: http://localhost:9001/3.0/lists/foo@example.com
  response:
    body: {string: !!python/unicode '{"display_name": "Foo", "fqdn_listname": "foo@example.com",
        "http_etag": "\"698a819bbb6b902096a8c5543cc7fac2328960d5\"", "list_id": "foo.example.com",
        "list_name": "foo", "mail_host": "example.com", "member_count": 0, "self_link":
        "http://localhost:9001/3.0/lists/foo.example.com", "volume": 1}'}
    headers:
      content-length: ['294']
      content-type: [application/json; charset=utf-8]
    status: {code: 200, message: OK}
- request:
    body: null
    headers:
      accept-encoding: ['gzip, deflate']
    method: !!python/unicode GET
    uri: http://localhost:9001/3.0/lists/foo.example.com/roster/owner
  response:
    body: {string: !!python/unicode '{"entries": [{"address": "http://localhost:9001/3.0/addresses/newowner@example.com",
        "delivery_mode": "regular", "email": "newowner@example.com", "http_etag":
        "\"f3bd9de00f9a9487a4b1aa5c6e7a9eeba667255d\"", "list_id": "foo.example.com",
        "member_id": 1061, "role": "owner", "self_link": "http://localhost:9001/3.0/members/1061",
        "user": "http://localhost:9001/3.0/users/719"}, {"address": "http://localhost:9001/3.0/addresses/su@example.com",
        "delivery_mode": "regular", "email": "su@example.com", "http_etag": "\"f847b4e3a05ab1448c6fd40dfe781f8bd53fcfc7\"",
        "list_id": "foo.example.com", "member_id": 1060, "role": "owner", "self_link":
        "http://localhost:9001/3.0/members/1060", "user": "http://localhost:9001/3.0/users/718"}],
        "http_etag": "\"2849c1b85b4f91b0d6664665f8d3fc891317164f\"", "start": 0, "total_size":
        2}'}
    headers:
      content-length: ['817']
      content-type: [application/json; charset=utf-8]
    status: {code: 200, message: OK}
- request:
    body: null
    headers:
      accept-encoding: ['gzip, deflate']
    method: !!python/unicode DELETE
    uri: http://localhost:9001/3.0/lists/foo@example.com/owner/newowner@example.com
  response:
    body: {string: !!python/unicode ''}
    headers:
      content-length: ['0']
    status: {code: 204, message: No Content}
- request:
    body: null
    headers:
      accept-encoding: ['gzip, deflate']
    method: !!python/unicode GET
    uri: http://localhost:9001/3.0/lists/foo.example.com/roster/owner
  response:
    body: {string: !!python/unicode '{"entries": [{"address": "http://localhost:9001/3.0/addresses/su@example.com",
        "delivery_mode": "regular", "email": "su@example.com", "http_etag": "\"f847b4e3a05ab1448c6fd40dfe781f8bd53fcfc7\"",
        "list_id": "foo.example.com", "member_id": 1060, "role": "owner", "self_link":
        "http://localhost:9001/3.0/members/1060", "user": "http://localhost:9001/3.0/users/718"}],
        "http_etag": "\"5f1c07bcd7ff4e2d964df55b55c78ef68dcf746c\"", "start": 0, "total_size":
        1}'}
    headers:
      content-length: ['454']
      content-type: [application/json; charset=utf-8]
    status: {code: 200, message: OK}
version: 1
