interactions:
- request:
    body: mail_host=example.com
    headers:
      accept-encoding: ['gzip, deflate']
      !!python/unicode content-type: [!!python/unicode application/x-www-form-urlencoded]
    method: !!python/unicode POST
    uri: http://localhost:9001/3.0/domains
  response:
    body: {string: !!python/unicode ''}
    headers:
      content-length: ['0']
      location: ['http://localhost:9001/3.0/domains/example.com']
    status: {code: 201, message: Created}
- request:
    body: null
    headers:
      accept-encoding: ['gzip, deflate']
    method: !!python/unicode GET
    uri: http://localhost:9001/3.0/domains/example.com
  response:
    body: {string: !!python/unicode '{"base_url": "http://example.com", "description":
        null, "http_etag": "\"e736411818ff1815ca83575e0958c38c5188f0a4\"", "mail_host":
        "example.com", "self_link": "http://localhost:9001/3.0/domains/example.com",
        "url_host": "example.com"}'}
    headers:
      content-length: ['233']
      content-type: [application/json; charset=utf-8]
    status: {code: 200, message: OK}
- request:
    body: fqdn_listname=open_list%40example.com
    headers:
      accept-encoding: ['gzip, deflate']
      !!python/unicode content-type: [!!python/unicode application/x-www-form-urlencoded]
    method: !!python/unicode POST
    uri: http://localhost:9001/3.0/lists
  response:
    body: {string: !!python/unicode ''}
    headers:
      content-length: ['0']
      location: ['http://localhost:9001/3.0/lists/open_list.example.com']
    status: {code: 201, message: Created}
- request:
    body: null
    headers:
      accept-encoding: ['gzip, deflate']
    method: !!python/unicode GET
    uri: http://localhost:9001/3.0/lists/open_list.example.com
  response:
    body: {string: !!python/unicode '{"display_name": "Open_list", "fqdn_listname":
        "open_list@example.com", "http_etag": "\"6726e101e1dd1de6043eee72f741d4c2479f4735\"",
        "list_id": "open_list.example.com", "list_name": "open_list", "mail_host":
        "example.com", "member_count": 0, "self_link": "http://localhost:9001/3.0/lists/open_list.example.com",
        "volume": 1}'}
    headers:
      content-length: ['324']
      content-type: [application/json; charset=utf-8]
    status: {code: 200, message: OK}
- request:
    body: null
    headers:
      accept-encoding: ['gzip, deflate']
    method: !!python/unicode GET
    uri: http://localhost:9001/3.0/lists/open_list@example.com/config
  response:
    body: {string: !!python/unicode '{"acceptable_aliases": [], "admin_immed_notify":
        true, "admin_notify_mchanges": false, "administrivia": true, "advertised":
        true, "allow_list_posts": true, "anonymous_list": false, "archive_policy":
        "public", "autorespond_owner": "none", "autorespond_postings": "none", "autorespond_requests":
        "none", "autoresponse_grace_period": "90d", "autoresponse_owner_text": "",
        "autoresponse_postings_text": "", "autoresponse_request_text": "", "bounces_address":
        "open_list-bounces@example.com", "collapse_alternatives": true, "convert_html_to_plaintext":
        false, "created_at": "2005-08-01T07:49:23", "default_member_action": "defer",
        "default_nonmember_action": "hold", "description": "", "digest_last_sent_at":
        null, "digest_send_periodic": true, "digest_size_threshold": 30.0, "digest_volume_frequency":
        "monthly", "digests_enabled": true, "display_name": "Open_list", "filter_content":
        false, "first_strip_reply_to": false, "fqdn_listname": "open_list@example.com",
        "goodbye_message_uri": "", "http_etag": "\"3d16b6c6d1bb8fed130bd061c70a0894856a4ca8\"",
        "include_rfc2369_headers": true, "join_address": "open_list-join@example.com",
        "last_post_at": null, "leave_address": "open_list-leave@example.com", "list_name":
        "open_list", "mail_host": "example.com", "next_digest_number": 1, "no_reply_address":
        "noreply@example.com", "owner_address": "open_list-owner@example.com", "post_id":
        1, "posting_address": "open_list@example.com", "posting_pipeline": "default-posting-pipeline",
        "reply_goes_to_list": "no_munging", "reply_to_address": "", "request_address":
        "open_list-request@example.com", "scheme": "http", "send_welcome_message":
        true, "subject_prefix": "[Open_list] ", "subscription_policy": "confirm",
        "volume": 1, "web_host": "example.com", "welcome_message_uri": "mailman:///welcome.txt"}'}
    headers:
      content-length: ['1790']
      content-type: [application/json; charset=utf-8]
    status: {code: 200, message: OK}
- request:
    body: subscription_policy=open
    headers:
      accept-encoding: ['gzip, deflate']
      !!python/unicode content-type: [!!python/unicode application/x-www-form-urlencoded]
    method: !!python/unicode PATCH
    uri: http://localhost:9001/3.0/lists/open_list@example.com/config
  response:
    body: {string: !!python/unicode ''}
    headers:
      content-length: ['0']
    status: {code: 204, message: No Content}
- request:
    body: fqdn_listname=moderate_subs%40example.com
    headers:
      accept-encoding: ['gzip, deflate']
      !!python/unicode content-type: [!!python/unicode application/x-www-form-urlencoded]
    method: !!python/unicode POST
    uri: http://localhost:9001/3.0/lists
  response:
    body: {string: !!python/unicode ''}
    headers:
      content-length: ['0']
      location: ['http://localhost:9001/3.0/lists/moderate_subs.example.com']
    status: {code: 201, message: Created}
- request:
    body: null
    headers:
      accept-encoding: ['gzip, deflate']
    method: !!python/unicode GET
    uri: http://localhost:9001/3.0/lists/moderate_subs.example.com
  response:
    body: {string: !!python/unicode '{"display_name": "Moderate_subs", "fqdn_listname":
        "moderate_subs@example.com", "http_etag": "\"4cf5a031a451ad84a54e4c708cacda8e676e617f\"",
        "list_id": "moderate_subs.example.com", "list_name": "moderate_subs", "mail_host":
        "example.com", "member_count": 0, "self_link": "http://localhost:9001/3.0/lists/moderate_subs.example.com",
        "volume": 1}'}
    headers:
      content-length: ['344']
      content-type: [application/json; charset=utf-8]
    status: {code: 200, message: OK}
- request:
    body: null
    headers:
      accept-encoding: ['gzip, deflate']
    method: !!python/unicode GET
    uri: http://localhost:9001/3.0/lists/moderate_subs@example.com/config
  response:
    body: {string: !!python/unicode '{"acceptable_aliases": [], "admin_immed_notify":
        true, "admin_notify_mchanges": false, "administrivia": true, "advertised":
        true, "allow_list_posts": true, "anonymous_list": false, "archive_policy":
        "public", "autorespond_owner": "none", "autorespond_postings": "none", "autorespond_requests":
        "none", "autoresponse_grace_period": "90d", "autoresponse_owner_text": "",
        "autoresponse_postings_text": "", "autoresponse_request_text": "", "bounces_address":
        "moderate_subs-bounces@example.com", "collapse_alternatives": true, "convert_html_to_plaintext":
        false, "created_at": "2005-08-01T07:49:23", "default_member_action": "defer",
        "default_nonmember_action": "hold", "description": "", "digest_last_sent_at":
        null, "digest_send_periodic": true, "digest_size_threshold": 30.0, "digest_volume_frequency":
        "monthly", "digests_enabled": true, "display_name": "Moderate_subs", "filter_content":
        false, "first_strip_reply_to": false, "fqdn_listname": "moderate_subs@example.com",
        "goodbye_message_uri": "", "http_etag": "\"bbeb372001a49a25fa038477abd59e8b3c45a20d\"",
        "include_rfc2369_headers": true, "join_address": "moderate_subs-join@example.com",
        "last_post_at": null, "leave_address": "moderate_subs-leave@example.com",
        "list_name": "moderate_subs", "mail_host": "example.com", "next_digest_number":
        1, "no_reply_address": "noreply@example.com", "owner_address": "moderate_subs-owner@example.com",
        "post_id": 1, "posting_address": "moderate_subs@example.com", "posting_pipeline":
        "default-posting-pipeline", "reply_goes_to_list": "no_munging", "reply_to_address":
        "", "request_address": "moderate_subs-request@example.com", "scheme": "http",
        "send_welcome_message": true, "subject_prefix": "[Moderate_subs] ", "subscription_policy":
        "confirm", "volume": 1, "web_host": "example.com", "welcome_message_uri":
        "mailman:///welcome.txt"}'}
    headers:
      content-length: ['1830']
      content-type: [application/json; charset=utf-8]
    status: {code: 200, message: OK}
- request:
    body: subscription_policy=moderate
    headers:
      accept-encoding: ['gzip, deflate']
      !!python/unicode content-type: [!!python/unicode application/x-www-form-urlencoded]
    method: !!python/unicode PATCH
    uri: http://localhost:9001/3.0/lists/moderate_subs@example.com/config
  response:
    body: {string: !!python/unicode ''}
    headers:
      content-length: ['0']
    status: {code: 204, message: No Content}
- request:
    body: email=test%40example.com
    headers:
      accept-encoding: ['gzip, deflate']
      !!python/unicode content-type: [!!python/unicode application/x-www-form-urlencoded]
    method: !!python/unicode POST
    uri: http://localhost:9001/3.0/users
  response:
    body: {string: !!python/unicode ''}
    headers:
      content-length: ['0']
      location: ['http://localhost:9001/3.0/users/116']
    status: {code: 201, message: Created}
- request:
    body: email=fritz%40example.org
    headers:
      accept-encoding: ['gzip, deflate']
      !!python/unicode content-type: [!!python/unicode application/x-www-form-urlencoded]
    method: !!python/unicode POST
    uri: http://localhost:9001/3.0/users/116/addresses
  response:
    body: {string: !!python/unicode ''}
    headers:
      content-length: ['0']
      location: ['http://localhost:9001/3.0/addresses/fritz@example.org']
    status: {code: 201, message: Created}
- request:
    body: null
    headers:
      accept-encoding: ['gzip, deflate']
    method: !!python/unicode POST
    uri: http://localhost:9001/3.0/addresses/fritz@example.org/verify
  response:
    body: {string: !!python/unicode ''}
    headers:
      content-length: ['0']
    status: {code: 204, message: No Content}
- request:
    body: list_id=open_list.example.com&role=owner&subscriber=owner%40example.com
    headers:
      accept-encoding: ['gzip, deflate']
      !!python/unicode content-type: [!!python/unicode application/x-www-form-urlencoded]
    method: !!python/unicode POST
    uri: http://localhost:9001/3.0/members
  response:
    body: {string: !!python/unicode ''}
    headers:
      content-length: ['0']
      location: ['http://localhost:9001/3.0/members/102']
    status: {code: 201, message: Created}
- request:
    body: null
    headers:
      accept-encoding: ['gzip, deflate']
    method: !!python/unicode GET
    uri: http://localhost:9001/3.0/users/owner@example.com
  response:
    body: {string: !!python/unicode '{"created_on": "2005-08-01T07:49:23", "http_etag":
        "\"d87649f27b1fac7ffd78a81e3665ac8ed67c18a1\"", "is_server_owner": false,
        "self_link": "http://localhost:9001/3.0/users/117", "user_id": 117}'}
    headers:
      content-length: ['192']
      content-type: [application/json; charset=utf-8]
    status: {code: 200, message: OK}
- request:
    body: null
    headers:
      accept-encoding: ['gzip, deflate']
    method: !!python/unicode GET
    uri: http://localhost:9001/3.0/users/117/addresses
  response:
    body: {string: !!python/unicode '{"entries": [{"email": "owner@example.com", "http_etag":
        "\"4a74dd95da7be7fd25be4fa36e8a107642b984e1\"", "original_email": "owner@example.com",
        "registered_on": "2005-08-01T07:49:23", "self_link": "http://localhost:9001/3.0/addresses/owner@example.com",
        "user": "http://localhost:9001/3.0/users/117"}], "http_etag": "\"56f95715c4094007028818cf6551481697be492a\"",
        "start": 0, "total_size": 1}'}
    headers:
      content-length: ['392']
      content-type: [application/json; charset=utf-8]
    status: {code: 200, message: OK}
- request:
    body: null
    headers:
      accept-encoding: ['gzip, deflate']
    method: !!python/unicode GET
    uri: http://localhost:9001/3.0/lists/open_list.example.com
  response:
    body: {string: !!python/unicode '{"display_name": "Open_list", "fqdn_listname":
        "open_list@example.com", "http_etag": "\"6726e101e1dd1de6043eee72f741d4c2479f4735\"",
        "list_id": "open_list.example.com", "list_name": "open_list", "mail_host":
        "example.com", "member_count": 0, "self_link": "http://localhost:9001/3.0/lists/open_list.example.com",
        "volume": 1}'}
    headers:
      content-length: ['324']
      content-type: [application/json; charset=utf-8]
    status: {code: 200, message: OK}
- request:
    body: null
    headers:
      accept-encoding: ['gzip, deflate']
    method: !!python/unicode GET
    uri: http://localhost:9001/3.0/lists/open_list.example.com/roster/owner
  response:
    body: {string: !!python/unicode '{"entries": [{"address": "http://localhost:9001/3.0/addresses/owner@example.com",
        "delivery_mode": "regular", "email": "owner@example.com", "http_etag": "\"31dd23429e97f811eadd1da51c4a40cd24ba3620\"",
        "list_id": "open_list.example.com", "member_id": 102, "moderation_action":
        "accept", "role": "owner", "self_link": "http://localhost:9001/3.0/members/102",
        "user": "http://localhost:9001/3.0/users/117"}], "http_etag": "\"526adddb41f77b50169f14b2dfc9ec994c13359d\"",
        "start": 0, "total_size": 1}'}
    headers:
      content-length: ['495']
      content-type: [application/json; charset=utf-8]
    status: {code: 200, message: OK}
- request:
    body: null
    headers:
      accept-encoding: ['gzip, deflate']
    method: !!python/unicode GET
    uri: http://localhost:9001/3.0/lists/open_list.example.com/roster/moderator
  response:
    body: {string: !!python/unicode '{"http_etag": "\"32223434a0f3af4cdc4673d1fbc5bac1f6d98fd3\"",
        "start": 0, "total_size": 0}'}
    headers:
      content-length: ['90']
      content-type: [application/json; charset=utf-8]
    status: {code: 200, message: OK}
- request:
    body: null
    headers:
      accept-encoding: ['gzip, deflate']
    method: !!python/unicode GET
    uri: http://localhost:9001/3.0/lists/open_list.example.com
  response:
    body: {string: !!python/unicode '{"display_name": "Open_list", "fqdn_listname":
        "open_list@example.com", "http_etag": "\"6726e101e1dd1de6043eee72f741d4c2479f4735\"",
        "list_id": "open_list.example.com", "list_name": "open_list", "mail_host":
        "example.com", "member_count": 0, "self_link": "http://localhost:9001/3.0/lists/open_list.example.com",
        "volume": 1}'}
    headers:
      content-length: ['324']
      content-type: [application/json; charset=utf-8]
    status: {code: 200, message: OK}
- request:
    body: display_name=None&list_id=open_list.example.com&pre_approved=True&pre_confirmed=True&pre_verified=True&subscriber=fritz%40example.org
    headers:
      accept-encoding: ['gzip, deflate']
      !!python/unicode content-type: [!!python/unicode application/x-www-form-urlencoded]
    method: !!python/unicode POST
    uri: http://localhost:9001/3.0/members
  response:
    body: {string: !!python/unicode ''}
    headers:
      content-length: ['0']
      location: ['http://localhost:9001/3.0/members/103']
    status: {code: 201, message: Created}
- request:
    body: display_name=None&list_id=open_list.example.com&pre_approved=True&pre_confirmed=True&pre_verified=True&subscriber=kane%40example.org
    headers:
      accept-encoding: ['gzip, deflate']
      !!python/unicode content-type: [!!python/unicode application/x-www-form-urlencoded]
    method: !!python/unicode POST
    uri: http://localhost:9001/3.0/members
  response:
    body: {string: !!python/unicode ''}
    headers:
      content-length: ['0']
      location: ['http://localhost:9001/3.0/members/104']
    status: {code: 201, message: Created}
- request:
    body: display_name=None&list_id=open_list.example.com&pre_approved=True&pre_confirmed=True&pre_verified=True&subscriber=abel%40example.org
    headers:
      accept-encoding: ['gzip, deflate']
      !!python/unicode content-type: [!!python/unicode application/x-www-form-urlencoded]
    method: !!python/unicode POST
    uri: http://localhost:9001/3.0/members
  response:
    body: {string: !!python/unicode ''}
    headers:
      content-length: ['0']
      location: ['http://localhost:9001/3.0/members/105']
    status: {code: 201, message: Created}
- request:
    body: null
    headers:
      accept-encoding: ['gzip, deflate']
    method: !!python/unicode GET
    uri: http://localhost:9001/3.0/lists/open_list@example.com/roster/member
  response:
    body: {string: !!python/unicode '{"entries": [{"address": "http://localhost:9001/3.0/addresses/abel@example.org",
        "delivery_mode": "regular", "email": "abel@example.org", "http_etag": "\"a825cc5d667859eecb93e79e19e6980737aade08\"",
        "list_id": "open_list.example.com", "member_id": 105, "role": "member", "self_link":
        "http://localhost:9001/3.0/members/105", "user": "http://localhost:9001/3.0/users/119"},
        {"address": "http://localhost:9001/3.0/addresses/fritz@example.org", "delivery_mode":
        "regular", "email": "fritz@example.org", "http_etag": "\"6f4927c6ce43fdc71b28f7d827d3fc56c2c9d3d1\"",
        "list_id": "open_list.example.com", "member_id": 103, "role": "member", "self_link":
        "http://localhost:9001/3.0/members/103", "user": "http://localhost:9001/3.0/users/116"},
        {"address": "http://localhost:9001/3.0/addresses/kane@example.org", "delivery_mode":
        "regular", "email": "kane@example.org", "http_etag": "\"50d0dda902a59afa476aeb81dc3c94713136eb14\"",
        "list_id": "open_list.example.com", "member_id": 104, "role": "member", "self_link":
        "http://localhost:9001/3.0/members/104", "user": "http://localhost:9001/3.0/users/118"}],
        "http_etag": "\"958d2083039cdc2734d0af2e45de8e738a383b07\"", "start": 0, "total_size":
        3}'}
    headers:
      content-length: ['1185']
      content-type: [application/json; charset=utf-8]
    status: {code: 200, message: OK}
- request:
    body: null
    headers:
      accept-encoding: ['gzip, deflate']
    method: !!python/unicode GET
    uri: http://localhost:9001/3.0/lists/open_list@example.com/requests
  response:
    body: {string: !!python/unicode '{"http_etag": "\"32223434a0f3af4cdc4673d1fbc5bac1f6d98fd3\"",
        "start": 0, "total_size": 0}'}
    headers:
      content-length: ['90']
      content-type: [application/json; charset=utf-8]
    status: {code: 200, message: OK}
- request:
    body: null
    headers:
      accept-encoding: ['gzip, deflate']
    method: !!python/unicode GET
    uri: http://localhost:9001/3.0/lists/moderate_subs@example.com/requests
  response:
    body: {string: !!python/unicode '{"http_etag": "\"32223434a0f3af4cdc4673d1fbc5bac1f6d98fd3\"",
        "start": 0, "total_size": 0}'}
    headers:
      content-length: ['90']
      content-type: [application/json; charset=utf-8]
    status: {code: 200, message: OK}
- request:
    body: null
    headers:
      accept-encoding: ['gzip, deflate']
    method: !!python/unicode GET
    uri: http://localhost:9001/3.0/domains
  response:
    body: {string: !!python/unicode '{"entries": [{"base_url": "http://example.com",
        "description": null, "http_etag": "\"e736411818ff1815ca83575e0958c38c5188f0a4\"",
        "mail_host": "example.com", "self_link": "http://localhost:9001/3.0/domains/example.com",
        "url_host": "example.com"}], "http_etag": "\"c385b155f8da284bf78dbe075e20f58a30c893ab\"",
        "start": 0, "total_size": 1}'}
    headers:
      content-length: ['338']
      content-type: [application/json; charset=utf-8]
    status: {code: 200, message: OK}
- request:
    body: null
    headers:
      accept-encoding: ['gzip, deflate']
    method: !!python/unicode DELETE
    uri: http://localhost:9001/3.0/domains/example.com
  response:
    body: {string: !!python/unicode ''}
    headers:
      content-length: ['0']
    status: {code: 204, message: No Content}
- request:
    body: null
    headers:
      accept-encoding: ['gzip, deflate']
    method: !!python/unicode GET
    uri: http://localhost:9001/3.0/users
  response:
    body: {string: !!python/unicode '{"entries": [{"created_on": "2005-08-01T07:49:23",
        "http_etag": "\"7054947398d22d30c663dd88c246cc386f7cf4a2\"", "is_server_owner":
        false, "password": "$6$rounds=687047$tX2PoFb7qjC1/gVT$/tQ1tXgmDZOYvtB57yKdzp7JSaqizhLE1KGRDdse004dhs4WiAJusE5ZaSRySrc/FOc1OwYzdLi7/YWDt6mfp/",
        "self_link": "http://localhost:9001/3.0/users/116", "user_id": 116}, {"created_on":
        "2005-08-01T07:49:23", "http_etag": "\"d87649f27b1fac7ffd78a81e3665ac8ed67c18a1\"",
        "is_server_owner": false, "self_link": "http://localhost:9001/3.0/users/117",
        "user_id": 117}, {"created_on": "2005-08-01T07:49:23", "display_name": "None",
        "http_etag": "\"dbc5e6ae3e2e8a49b5a0bb69fabb6c9a0e1592be\"", "is_server_owner":
        false, "self_link": "http://localhost:9001/3.0/users/118", "user_id": 118},
        {"created_on": "2005-08-01T07:49:23", "display_name": "None", "http_etag":
        "\"c0b7290b786d2a0fa18d8e1f45328ad867b1f2e6\"", "is_server_owner": false,
        "self_link": "http://localhost:9001/3.0/users/119", "user_id": 119}], "http_etag":
        "\"1dbbdf5234cbf90e58e4c65e1606104cff309cc8\"", "start": 0, "total_size":
        4}'}
    headers:
      content-length: ['1063']
      content-type: [application/json; charset=utf-8]
    status: {code: 200, message: OK}
- request:
    body: null
    headers:
      accept-encoding: ['gzip, deflate']
    method: !!python/unicode DELETE
    uri: http://localhost:9001/3.0/users/116
  response:
    body: {string: !!python/unicode ''}
    headers:
      content-length: ['0']
    status: {code: 204, message: No Content}
- request:
    body: null
    headers:
      accept-encoding: ['gzip, deflate']
    method: !!python/unicode DELETE
    uri: http://localhost:9001/3.0/users/117
  response:
    body: {string: !!python/unicode ''}
    headers:
      content-length: ['0']
    status: {code: 204, message: No Content}
- request:
    body: null
    headers:
      accept-encoding: ['gzip, deflate']
    method: !!python/unicode DELETE
    uri: http://localhost:9001/3.0/users/118
  response:
    body: {string: !!python/unicode ''}
    headers:
      content-length: ['0']
    status: {code: 204, message: No Content}
- request:
    body: null
    headers:
      accept-encoding: ['gzip, deflate']
    method: !!python/unicode DELETE
    uri: http://localhost:9001/3.0/users/119
  response:
    body: {string: !!python/unicode ''}
    headers:
      content-length: ['0']
    status: {code: 204, message: No Content}
version: 1
