interactions:
- request:
    body: mail_host=example.com
    headers:
      accept-encoding: ['gzip, deflate']
      !!python/unicode content-type: [!!python/unicode application/x-www-form-urlencoded]
    method: !!python/unicode POST
    uri: http://localhost:9001/3.0/domains
  response:
    body: {string: !!python/unicode ''}
    headers:
      content-length: ['0']
      location: ['http://localhost:9001/3.0/domains/example.com']
    status: {code: 201, message: Created}
- request:
    body: null
    headers:
      accept-encoding: ['gzip, deflate']
    method: !!python/unicode GET
    uri: http://localhost:9001/3.0/domains/example.com
  response:
    body: {string: !!python/unicode '{"base_url": "http://example.com", "description":
        null, "http_etag": "\"e736411818ff1815ca83575e0958c38c5188f0a4\"", "mail_host":
        "example.com", "self_link": "http://localhost:9001/3.0/domains/example.com",
        "url_host": "example.com"}'}
    headers:
      content-length: ['233']
      content-type: [application/json; charset=utf-8]
    status: {code: 200, message: OK}
- request:
    body: fqdn_listname=foo%40example.com
    headers:
      accept-encoding: ['gzip, deflate']
      !!python/unicode content-type: [!!python/unicode application/x-www-form-urlencoded]
    method: !!python/unicode POST
    uri: http://localhost:9001/3.0/lists
  response:
    body: {string: !!python/unicode ''}
    headers:
      content-length: ['0']
      location: ['http://localhost:9001/3.0/lists/foo.example.com']
    status: {code: 201, message: Created}
- request:
    body: email=test%40example.com
    headers:
      accept-encoding: ['gzip, deflate']
      !!python/unicode content-type: [!!python/unicode application/x-www-form-urlencoded]
    method: !!python/unicode POST
    uri: http://localhost:9001/3.0/users
  response:
    body: {string: !!python/unicode ''}
    headers:
      content-length: ['0']
      location: ['http://localhost:9001/3.0/users/22']
    status: {code: 201, message: Created}
- request:
    body: null
    headers:
      accept-encoding: ['gzip, deflate']
    method: !!python/unicode GET
    uri: http://localhost:9001/3.0/users/test@example.com
  response:
    body: {string: !!python/unicode '{"created_on": "2005-08-01T07:49:23", "http_etag":
        "\"93f34599b99d53e31e62564b644c4c62c4e99e5f\"", "is_server_owner": false,
        "password": "$6$rounds=705439$WrFUdR3yqFlLfrBW$n0FpEecGIJ2TmNfBsSyr1fYDiOO9a8aaKnI49a78Yikae01Ch7dZqDe4JdS0BwsKfSivSUzNO9.VXRK4kX4YA1",
        "self_link": "http://localhost:9001/3.0/users/22", "user_id": 22}'}
    headers:
      content-length: ['326']
      content-type: [application/json; charset=utf-8]
    status: {code: 200, message: OK}
- request:
    body: null
    headers:
      accept-encoding: ['gzip, deflate']
    method: !!python/unicode GET
    uri: http://localhost:9001/3.0/users/22/addresses
  response:
    body: {string: !!python/unicode '{"entries": [{"email": "test@example.com", "http_etag":
        "\"d3d6f6bd219cab118fc7f964e53cc459d80b171f\"", "original_email": "test@example.com",
        "registered_on": "2005-08-01T07:49:23", "self_link": "http://localhost:9001/3.0/addresses/test@example.com",
        "user": "http://localhost:9001/3.0/users/22"}], "http_etag": "\"e05da3245a967d14f893e97380b3e3880319cb45\"",
        "start": 0, "total_size": 1}'}
    headers:
      content-length: ['388']
      content-type: [application/json; charset=utf-8]
    status: {code: 200, message: OK}
- request:
    body: null
    headers:
      accept-encoding: ['gzip, deflate']
    method: !!python/unicode GET
    uri: http://localhost:9001/3.0/lists
  response:
    body: {string: !!python/unicode '{"entries": [{"display_name": "Foo", "fqdn_listname":
        "foo@example.com", "http_etag": "\"698a819bbb6b902096a8c5543cc7fac2328960d5\"",
        "list_id": "foo.example.com", "list_name": "foo", "mail_host": "example.com",
        "member_count": 0, "self_link": "http://localhost:9001/3.0/lists/foo.example.com",
        "volume": 1}], "http_etag": "\"0eb6d0b88c89b5c491b7966eab97a79e221096ad\"",
        "start": 0, "total_size": 1}'}
    headers:
      content-length: ['399']
      content-type: [application/json; charset=utf-8]
    status: {code: 200, message: OK}
- request:
    body: null
    headers:
      accept-encoding: ['gzip, deflate']
    method: !!python/unicode DELETE
    uri: http://localhost:9001/3.0/lists/foo@example.com
  response:
    body: {string: !!python/unicode ''}
    headers:
      content-length: ['0']
    status: {code: 204, message: No Content}
- request:
    body: null
    headers:
      accept-encoding: ['gzip, deflate']
    method: !!python/unicode GET
    uri: http://localhost:9001/3.0/users
  response:
    body: {string: !!python/unicode '{"entries": [{"created_on": "2005-08-01T07:49:23",
        "http_etag": "\"f01a45c6984d9e4639cb6d338286307c11624e4f\"", "is_server_owner":
        false, "self_link": "http://localhost:9001/3.0/users/19", "user_id": 19},
        {"created_on": "2005-08-01T07:49:23", "http_etag": "\"9fa1761ddc1bccdf97e502e936612292fa46492e\"",
        "is_server_owner": false, "self_link": "http://localhost:9001/3.0/users/20",
        "user_id": 20}, {"created_on": "2005-08-01T07:49:23", "http_etag": "\"2b7d189e2d8f3403cf72781d5a1837d3f6722d31\"",
        "is_server_owner": false, "self_link": "http://localhost:9001/3.0/users/21",
        "user_id": 21}, {"created_on": "2005-08-01T07:49:23", "http_etag": "\"93f34599b99d53e31e62564b644c4c62c4e99e5f\"",
        "is_server_owner": false, "password": "$6$rounds=705439$WrFUdR3yqFlLfrBW$n0FpEecGIJ2TmNfBsSyr1fYDiOO9a8aaKnI49a78Yikae01Ch7dZqDe4JdS0BwsKfSivSUzNO9.VXRK4kX4YA1",
        "self_link": "http://localhost:9001/3.0/users/22", "user_id": 22}], "http_etag":
        "\"494e4506457b388202128dde6bb949f5bcf8d48c\"", "start": 0, "total_size":
        4}'}
    headers:
      content-length: ['1007']
      content-type: [application/json; charset=utf-8]
    status: {code: 200, message: OK}
- request:
    body: null
    headers:
      accept-encoding: ['gzip, deflate']
    method: !!python/unicode DELETE
    uri: http://localhost:9001/3.0/users/19
  response:
    body: {string: !!python/unicode ''}
    headers:
      content-length: ['0']
    status: {code: 204, message: No Content}
- request:
    body: null
    headers:
      accept-encoding: ['gzip, deflate']
    method: !!python/unicode DELETE
    uri: http://localhost:9001/3.0/users/20
  response:
    body: {string: !!python/unicode ''}
    headers:
      content-length: ['0']
    status: {code: 204, message: No Content}
- request:
    body: null
    headers:
      accept-encoding: ['gzip, deflate']
    method: !!python/unicode DELETE
    uri: http://localhost:9001/3.0/users/21
  response:
    body: {string: !!python/unicode ''}
    headers:
      content-length: ['0']
    status: {code: 204, message: No Content}
- request:
    body: null
    headers:
      accept-encoding: ['gzip, deflate']
    method: !!python/unicode DELETE
    uri: http://localhost:9001/3.0/users/22
  response:
    body: {string: !!python/unicode ''}
    headers:
      content-length: ['0']
    status: {code: 204, message: No Content}
- request:
    body: null
    headers:
      accept-encoding: ['gzip, deflate']
    method: !!python/unicode DELETE
    uri: http://localhost:9001/3.0/domains/example.com
  response:
    body: {string: !!python/unicode ''}
    headers:
      content-length: ['0']
    status: {code: 204, message: No Content}
- request:
    body: mail_host=example.com
    headers:
      accept-encoding: ['gzip, deflate']
      !!python/unicode content-type: [!!python/unicode application/x-www-form-urlencoded]
    method: !!python/unicode POST
    uri: http://localhost:9001/3.0/domains
  response:
    body: {string: !!python/unicode ''}
    headers:
      content-length: ['0']
      location: ['http://localhost:9001/3.0/domains/example.com']
    status: {code: 201, message: Created}
- request:
    body: null
    headers:
      accept-encoding: ['gzip, deflate']
    method: !!python/unicode GET
    uri: http://localhost:9001/3.0/domains/example.com
  response:
    body: {string: !!python/unicode '{"base_url": "http://example.com", "description":
        null, "http_etag": "\"e736411818ff1815ca83575e0958c38c5188f0a4\"", "mail_host":
        "example.com", "self_link": "http://localhost:9001/3.0/domains/example.com",
        "url_host": "example.com"}'}
    headers:
      content-length: ['233']
      content-type: [application/json; charset=utf-8]
    status: {code: 200, message: OK}
- request:
    body: fqdn_listname=foo%40example.com
    headers:
      accept-encoding: ['gzip, deflate']
      !!python/unicode content-type: [!!python/unicode application/x-www-form-urlencoded]
    method: !!python/unicode POST
    uri: http://localhost:9001/3.0/lists
  response:
    body: {string: !!python/unicode ''}
    headers:
      content-length: ['0']
      location: ['http://localhost:9001/3.0/lists/foo.example.com']
    status: {code: 201, message: Created}
- request:
    body: null
    headers:
      accept-encoding: ['gzip, deflate']
    method: !!python/unicode GET
    uri: http://localhost:9001/3.0/lists
  response:
    body: {string: !!python/unicode '{"entries": [{"display_name": "Foo", "fqdn_listname":
        "foo@example.com", "http_etag": "\"698a819bbb6b902096a8c5543cc7fac2328960d5\"",
        "list_id": "foo.example.com", "list_name": "foo", "mail_host": "example.com",
        "member_count": 0, "self_link": "http://localhost:9001/3.0/lists/foo.example.com",
        "volume": 1}], "http_etag": "\"0eb6d0b88c89b5c491b7966eab97a79e221096ad\"",
        "start": 0, "total_size": 1}'}
    headers:
      content-length: ['399']
      content-type: [application/json; charset=utf-8]
    status: {code: 200, message: OK}
- request:
    body: null
    headers:
      accept-encoding: ['gzip, deflate']
    method: !!python/unicode DELETE
    uri: http://localhost:9001/3.0/lists/foo@example.com
  response:
    body: {string: !!python/unicode ''}
    headers:
      content-length: ['0']
    status: {code: 204, message: No Content}
- request:
    body: null
    headers:
      accept-encoding: ['gzip, deflate']
    method: !!python/unicode GET
    uri: http://localhost:9001/3.0/users
  response:
    body: {string: !!python/unicode '{"http_etag": "\"32223434a0f3af4cdc4673d1fbc5bac1f6d98fd3\"",
        "start": 0, "total_size": 0}'}
    headers:
      content-length: ['90']
      content-type: [application/json; charset=utf-8]
    status: {code: 200, message: OK}
- request:
    body: null
    headers:
      accept-encoding: ['gzip, deflate']
    method: !!python/unicode DELETE
    uri: http://localhost:9001/3.0/domains/example.com
  response:
    body: {string: !!python/unicode ''}
    headers:
      content-length: ['0']
    status: {code: 204, message: No Content}
version: 1
