interactions:
- request:
    body: null
    headers:
      accept-encoding: ['gzip, deflate']
    method: !!python/unicode GET
    uri: http://localhost:9001/3.0/lists/foo@example.com
  response:
    body: {string: !!python/unicode '{"display_name": "Foo", "fqdn_listname": "foo@example.com",
        "http_etag": "\"698a819bbb6b902096a8c5543cc7fac2328960d5\"", "list_id": "foo.example.com",
        "list_name": "foo", "mail_host": "example.com", "member_count": 0, "self_link":
        "http://localhost:9001/3.0/lists/foo.example.com", "volume": 1}'}
    headers:
      content-length: ['294']
      content-type: [application/json; charset=utf-8]
    status: {code: 200, message: OK}
- request:
    body: display_name=None&list_id=foo.example.com&subscriber=test%40example.com
    headers:
      accept-encoding: ['gzip, deflate']
      !!python/unicode content-type: [!!python/unicode application/x-www-form-urlencoded]
    method: !!python/unicode POST
    uri: http://localhost:9001/3.0/members
  response:
    body: {string: !!python/unicode '{"http_etag": "\"f596235f95af3b020d0a73b5d2b8d5182dea19ac\"",
        "token": "1564e97a05bada970f02a469147598c8f840dabc", "token_owner": "subscriber"}'}
    headers:
      content-length: ['143']
      content-type: [application/json; charset=utf-8]
    status: {code: 202, message: Accepted}
- request:
    body: null
    headers:
      accept-encoding: ['gzip, deflate']
    method: !!python/unicode GET
    uri: http://localhost:9001/3.0/users/test@example.com
  response:
    body: {string: !!python/unicode '{"created_on": "2005-08-01T07:49:23", "display_name":
        "None", "http_etag": "\"7d5ccba2da3e56c767082bd5d560dc357515bd2c\"", "is_server_owner":
        false, "self_link": "http://localhost:9001/3.0/users/841", "user_id": 841}'}
    headers:
      content-length: ['216']
      content-type: [application/json; charset=utf-8]
    status: {code: 200, message: OK}
- request:
    body: email=anotheremail%40example.com
    headers:
      accept-encoding: ['gzip, deflate']
      !!python/unicode content-type: [!!python/unicode application/x-www-form-urlencoded]
    method: !!python/unicode POST
    uri: http://localhost:9001/3.0/users/841/addresses
  response:
    body: {string: !!python/unicode ''}
    headers:
      content-length: ['0']
      location: ['http://localhost:9001/3.0/addresses/anotheremail@example.com']
    status: {code: 201, message: Created}
- request:
    body: null
    headers:
      accept-encoding: ['gzip, deflate']
    method: !!python/unicode POST
    uri: http://localhost:9001/3.0/addresses/anotheremail@example.com/verify
  response:
    body: {string: !!python/unicode ''}
    headers:
      content-length: ['0']
    status: {code: 204, message: No Content}
- request:
    body: null
    headers:
      accept-encoding: ['gzip, deflate']
    method: !!python/unicode GET
    uri: http://localhost:9001/3.0/lists/foo@example.com
  response:
    body: {string: !!python/unicode '{"display_name": "Foo", "fqdn_listname": "foo@example.com",
        "http_etag": "\"698a819bbb6b902096a8c5543cc7fac2328960d5\"", "list_id": "foo.example.com",
        "list_name": "foo", "mail_host": "example.com", "member_count": 0, "self_link":
        "http://localhost:9001/3.0/lists/foo.example.com", "volume": 1}'}
    headers:
      content-length: ['294']
      content-type: [application/json; charset=utf-8]
    status: {code: 200, message: OK}
- request:
    body: null
    headers:
      accept-encoding: ['gzip, deflate']
    method: !!python/unicode GET
    uri: http://localhost:9001/3.0/users/test@example.com
  response:
    body: {string: !!python/unicode '{"created_on": "2005-08-01T07:49:23", "display_name":
        "None", "http_etag": "\"7d5ccba2da3e56c767082bd5d560dc357515bd2c\"", "is_server_owner":
        false, "self_link": "http://localhost:9001/3.0/users/841", "user_id": 841}'}
    headers:
      content-length: ['216']
      content-type: [application/json; charset=utf-8]
    status: {code: 200, message: OK}
- request:
    body: null
    headers:
      accept-encoding: ['gzip, deflate']
    method: !!python/unicode GET
    uri: http://localhost:9001/3.0/users/841/addresses
  response:
    body: {string: !!python/unicode '{"entries": [{"email": "anotheremail@example.com",
        "http_etag": "\"f8c9d1a99a990fd3e8553ef935bdedc03a22492e\"", "original_email":
        "anotheremail@example.com", "registered_on": "2005-08-01T07:49:23", "self_link":
        "http://localhost:9001/3.0/addresses/anotheremail@example.com", "user": "http://localhost:9001/3.0/users/841",
        "verified_on": "2005-08-01T07:49:23"}, {"display_name": "None", "email": "test@example.com",
        "http_etag": "\"9501f9ae90b6f454acc28e202463d2baad826e52\"", "original_email":
        "test@example.com", "registered_on": "2005-08-01T07:49:23", "self_link": "http://localhost:9001/3.0/addresses/test@example.com",
        "user": "http://localhost:9001/3.0/users/841"}], "http_etag": "\"c34bf4c9a8e928ba2be6079f7f414fe9a02d4063\"",
        "start": 0, "total_size": 2}'}
    headers:
      content-length: ['761']
      content-type: [application/json; charset=utf-8]
    status: {code: 200, message: OK}
- request:
    body: null
    headers:
      accept-encoding: ['gzip, deflate']
    method: !!python/unicode GET
    uri: http://localhost:9001/3.0/addresses/anotheremail@example.com
  response:
    body: {string: !!python/unicode '{"email": "anotheremail@example.com", "http_etag":
        "\"f8c9d1a99a990fd3e8553ef935bdedc03a22492e\"", "original_email": "anotheremail@example.com",
        "registered_on": "2005-08-01T07:49:23", "self_link": "http://localhost:9001/3.0/addresses/anotheremail@example.com",
        "user": "http://localhost:9001/3.0/users/841", "verified_on": "2005-08-01T07:49:23"}'}
    headers:
      content-length: ['346']
      content-type: [application/json; charset=utf-8]
    status: {code: 200, message: OK}
- request:
    body: null
    headers:
      accept-encoding: ['gzip, deflate']
    method: !!python/unicode GET
    uri: http://localhost:9001/3.0/addresses/test@example.com
  response:
    body: {string: !!python/unicode '{"display_name": "None", "email": "test@example.com",
        "http_etag": "\"9501f9ae90b6f454acc28e202463d2baad826e52\"", "original_email":
        "test@example.com", "registered_on": "2005-08-01T07:49:23", "self_link": "http://localhost:9001/3.0/addresses/test@example.com",
        "user": "http://localhost:9001/3.0/users/841"}'}
    headers:
      content-length: ['308']
      content-type: [application/json; charset=utf-8]
    status: {code: 200, message: OK}
- request:
    body: null
    headers:
      accept-encoding: ['gzip, deflate']
    method: !!python/unicode GET
    uri: http://localhost:9001/3.0/lists/foo.example.com/roster/owner
  response:
    body: {string: !!python/unicode '{"http_etag": "\"32223434a0f3af4cdc4673d1fbc5bac1f6d98fd3\"",
        "start": 0, "total_size": 0}'}
    headers:
      content-length: ['90']
      content-type: [application/json; charset=utf-8]
    status: {code: 200, message: OK}
- request:
    body: null
    headers:
      accept-encoding: ['gzip, deflate']
    method: !!python/unicode GET
    uri: http://localhost:9001/3.0/lists/foo.example.com/roster/moderator
  response:
    body: {string: !!python/unicode '{"http_etag": "\"32223434a0f3af4cdc4673d1fbc5bac1f6d98fd3\"",
        "start": 0, "total_size": 0}'}
    headers:
      content-length: ['90']
      content-type: [application/json; charset=utf-8]
    status: {code: 200, message: OK}
- request:
    body: null
    headers:
      accept-encoding: ['gzip, deflate']
    method: !!python/unicode GET
    uri: http://localhost:9001/3.0/lists/foo.example.com/member/test@example.com
  response:
    body: {string: !!python/unicode '{}'}
    headers:
      content-length: ['2']
      content-type: [application/json]
    status: {code: 404, message: Not Found}
- request:
    body: null
    headers:
      accept-encoding: ['gzip, deflate']
    method: !!python/unicode GET
    uri: http://localhost:9001/3.0/lists/foo.example.com/member/anotheremail@example.com
  response:
    body: {string: !!python/unicode '{}'}
    headers:
      content-length: ['2']
      content-type: [application/json]
    status: {code: 404, message: Not Found}
- request:
    body: null
    headers:
      accept-encoding: ['gzip, deflate']
    method: !!python/unicode GET
    uri: http://localhost:9001/3.0/lists/foo@example.com/config
  response:
    body: {string: !!python/unicode '{"acceptable_aliases": [], "admin_immed_notify":
        true, "admin_notify_mchanges": false, "administrivia": true, "advertised":
        true, "allow_list_posts": true, "anonymous_list": false, "archive_policy":
        "public", "autorespond_owner": "none", "autorespond_postings": "none", "autorespond_requests":
        "none", "autoresponse_grace_period": "90d", "autoresponse_owner_text": "",
        "autoresponse_postings_text": "", "autoresponse_request_text": "", "bounces_address":
        "foo-bounces@example.com", "collapse_alternatives": true, "convert_html_to_plaintext":
        false, "created_at": "2005-08-01T07:49:23", "default_member_action": "defer",
        "default_nonmember_action": "hold", "description": "", "digest_last_sent_at":
        null, "digest_size_threshold": 30.0, "display_name": "Foo", "filter_content":
        false, "first_strip_reply_to": false, "fqdn_listname": "foo@example.com",
        "http_etag": "\"f24060c0fd5762da0d17009ff8b6f303bee3cd2f\"", "include_rfc2369_headers":
        true, "join_address": "foo-join@example.com", "last_post_at": null, "leave_address":
        "foo-leave@example.com", "list_name": "foo", "mail_host": "example.com", "next_digest_number":
        1, "no_reply_address": "noreply@example.com", "owner_address": "foo-owner@example.com",
        "post_id": 1, "posting_address": "foo@example.com", "posting_pipeline": "default-posting-pipeline",
        "reply_goes_to_list": "no_munging", "reply_to_address": "", "request_address":
        "foo-request@example.com", "scheme": "http", "send_welcome_message": true,
        "subject_prefix": "[Foo] ", "subscription_policy": "confirm", "volume": 1,
        "web_host": "example.com", "welcome_message_uri": "mailman:///welcome.txt"}'}
    headers:
      content-length: ['1610']
      content-type: [application/json; charset=utf-8]
    status: {code: 200, message: OK}
version: 1
