interactions:
- request:
    body: null
    headers:
      accept-encoding: ['gzip, deflate']
    method: !!python/unicode GET
    uri: http://localhost:9001/3.0/lists/open_list.example.com
  response:
    body: {string: !!python/unicode '{"display_name": "Open_list", "fqdn_listname":
        "open_list@example.com", "http_etag": "\"6726e101e1dd1de6043eee72f741d4c2479f4735\"",
        "list_id": "open_list.example.com", "list_name": "open_list", "mail_host":
        "example.com", "member_count": 0, "self_link": "http://localhost:9001/3.0/lists/open_list.example.com",
        "volume": 1}'}
    headers:
      content-length: ['324']
      content-type: [application/json; charset=utf-8]
    status: {code: 200, message: OK}
- request:
    body: null
    headers:
      accept-encoding: ['gzip, deflate']
    method: !!python/unicode GET
    uri: http://localhost:9001/3.0/users/test@example.com
  response:
    body: {string: !!python/unicode '{"created_on": "2005-08-01T07:49:23", "http_etag":
        "\"d68b214ef603c1ab85f57598165904e21875194e\"", "is_server_owner": false,
        "password": "$6$rounds=660337$7TnOUPgXzwq/MiaS$ZFMtgs3l83xaykAZ6ju9ldlGT7R6Z5KClhV8ZlFAikZOC92KQaAY6dTSJYfpv.iVucv1qIaf9ZQnlq97NpKde.",
        "self_link": "http://localhost:9001/3.0/users/826", "user_id": 826}'}
    headers:
      content-length: ['328']
      content-type: [application/json; charset=utf-8]
    status: {code: 200, message: OK}
- request:
    body: null
    headers:
      accept-encoding: ['gzip, deflate']
    method: !!python/unicode GET
    uri: http://localhost:9001/3.0/users/826/addresses
  response:
    body: {string: !!python/unicode '{"entries": [{"email": "fritz@example.org", "http_etag":
        "\"d18c608b7c453a87c476905c2729176e741ce1f2\"", "original_email": "fritz@example.org",
        "registered_on": "2005-08-01T07:49:23", "self_link": "http://localhost:9001/3.0/addresses/fritz@example.org",
        "user": "http://localhost:9001/3.0/users/826", "verified_on": "2005-08-01T07:49:23"},
        {"email": "test@example.com", "http_etag": "\"6603b687d15df7aeda09a7e14084b926246f88b4\"",
        "original_email": "test@example.com", "registered_on": "2005-08-01T07:49:23",
        "self_link": "http://localhost:9001/3.0/addresses/test@example.com", "user":
        "http://localhost:9001/3.0/users/826"}], "http_etag": "\"560790155758fbe3d6e3ed5ec0ec5b06df8d60cb\"",
        "start": 0, "total_size": 2}'}
    headers:
      content-length: ['716']
      content-type: [application/json; charset=utf-8]
    status: {code: 200, message: OK}
- request:
    body: null
    headers:
      accept-encoding: ['gzip, deflate']
    method: !!python/unicode GET
    uri: http://localhost:9001/3.0/addresses/fritz@example.org
  response:
    body: {string: !!python/unicode '{"email": "fritz@example.org", "http_etag": "\"d18c608b7c453a87c476905c2729176e741ce1f2\"",
        "original_email": "fritz@example.org", "registered_on": "2005-08-01T07:49:23",
        "self_link": "http://localhost:9001/3.0/addresses/fritz@example.org", "user":
        "http://localhost:9001/3.0/users/826", "verified_on": "2005-08-01T07:49:23"}'}
    headers:
      content-length: ['325']
      content-type: [application/json; charset=utf-8]
    status: {code: 200, message: OK}
- request:
    body: null
    headers:
      accept-encoding: ['gzip, deflate']
    method: !!python/unicode GET
    uri: http://localhost:9001/3.0/addresses/test@example.com
  response:
    body: {string: !!python/unicode '{"email": "test@example.com", "http_etag": "\"6603b687d15df7aeda09a7e14084b926246f88b4\"",
        "original_email": "test@example.com", "registered_on": "2005-08-01T07:49:23",
        "self_link": "http://localhost:9001/3.0/addresses/test@example.com", "user":
        "http://localhost:9001/3.0/users/826"}'}
    headers:
      content-length: ['284']
      content-type: [application/json; charset=utf-8]
    status: {code: 200, message: OK}
- request:
    body: null
    headers:
      accept-encoding: ['gzip, deflate']
    method: !!python/unicode GET
    uri: http://localhost:9001/3.0/lists/open_list.example.com/roster/owner
  response:
    body: {string: !!python/unicode '{"http_etag": "\"32223434a0f3af4cdc4673d1fbc5bac1f6d98fd3\"",
        "start": 0, "total_size": 0}'}
    headers:
      content-length: ['90']
      content-type: [application/json; charset=utf-8]
    status: {code: 200, message: OK}
- request:
    body: null
    headers:
      accept-encoding: ['gzip, deflate']
    method: !!python/unicode GET
    uri: http://localhost:9001/3.0/lists/open_list.example.com/roster/moderator
  response:
    body: {string: !!python/unicode '{"http_etag": "\"32223434a0f3af4cdc4673d1fbc5bac1f6d98fd3\"",
        "start": 0, "total_size": 0}'}
    headers:
      content-length: ['90']
      content-type: [application/json; charset=utf-8]
    status: {code: 200, message: OK}
- request:
    body: display_name=None&pre_confirmed=True&list_id=open_list.example.com&subscriber=test%40example.com&pre_verified=True
    headers:
      accept-encoding: ['gzip, deflate']
      !!python/unicode content-type: [!!python/unicode application/x-www-form-urlencoded]
    method: !!python/unicode POST
    uri: http://localhost:9001/3.0/members
  response:
    body: {string: !!python/unicode ''}
    headers:
      content-length: ['0']
      location: ['http://localhost:9001/3.0/members/1202']
    status: {code: 201, message: Created}
- request:
    body: null
    headers:
      accept-encoding: ['gzip, deflate']
    method: !!python/unicode GET
    uri: http://localhost:9001/3.0/lists/open_list@example.com/roster/member
  response:
    body: {string: !!python/unicode '{"entries": [{"address": "http://localhost:9001/3.0/addresses/test@example.com",
        "delivery_mode": "regular", "email": "test@example.com", "http_etag": "\"d893be4718f8d703cd6da03ddfadcb01ac49ea8e\"",
        "list_id": "open_list.example.com", "member_id": 1202, "role": "member", "self_link":
        "http://localhost:9001/3.0/members/1202", "user": "http://localhost:9001/3.0/users/826"}],
        "http_etag": "\"5a46b956e346c1a4169e351791750dd2b6c4ea42\"", "start": 0, "total_size":
        1}'}
    headers:
      content-length: ['465']
      content-type: [application/json; charset=utf-8]
    status: {code: 200, message: OK}
- request:
    body: null
    headers:
      accept-encoding: ['gzip, deflate']
    method: !!python/unicode GET
    uri: http://localhost:9001/3.0/lists/open_list@example.com/requests
  response:
    body: {string: !!python/unicode '{"http_etag": "\"32223434a0f3af4cdc4673d1fbc5bac1f6d98fd3\"",
        "start": 0, "total_size": 0}'}
    headers:
      content-length: ['90']
      content-type: [application/json; charset=utf-8]
    status: {code: 200, message: OK}
- request:
    body: null
    headers:
      accept-encoding: ['gzip, deflate']
    method: !!python/unicode GET
    uri: http://localhost:9001/3.0/lists/open_list.example.com
  response:
    body: {string: !!python/unicode '{"display_name": "Open_list", "fqdn_listname":
        "open_list@example.com", "http_etag": "\"f19d0b7ddb1b51b8c81a873365571fd6aeb6162d\"",
        "list_id": "open_list.example.com", "list_name": "open_list", "mail_host":
        "example.com", "member_count": 1, "self_link": "http://localhost:9001/3.0/lists/open_list.example.com",
        "volume": 1}'}
    headers:
      content-length: ['324']
      content-type: [application/json; charset=utf-8]
    status: {code: 200, message: OK}
- request:
    body: null
    headers:
      accept-encoding: ['gzip, deflate']
    method: !!python/unicode GET
    uri: http://localhost:9001/3.0/users/test@example.com
  response:
    body: {string: !!python/unicode '{"created_on": "2005-08-01T07:49:23", "http_etag":
        "\"d68b214ef603c1ab85f57598165904e21875194e\"", "is_server_owner": false,
        "password": "$6$rounds=660337$7TnOUPgXzwq/MiaS$ZFMtgs3l83xaykAZ6ju9ldlGT7R6Z5KClhV8ZlFAikZOC92KQaAY6dTSJYfpv.iVucv1qIaf9ZQnlq97NpKde.",
        "self_link": "http://localhost:9001/3.0/users/826", "user_id": 826}'}
    headers:
      content-length: ['328']
      content-type: [application/json; charset=utf-8]
    status: {code: 200, message: OK}
- request:
    body: null
    headers:
      accept-encoding: ['gzip, deflate']
    method: !!python/unicode GET
    uri: http://localhost:9001/3.0/users/826/addresses
  response:
    body: {string: !!python/unicode '{"entries": [{"email": "fritz@example.org", "http_etag":
        "\"d18c608b7c453a87c476905c2729176e741ce1f2\"", "original_email": "fritz@example.org",
        "registered_on": "2005-08-01T07:49:23", "self_link": "http://localhost:9001/3.0/addresses/fritz@example.org",
        "user": "http://localhost:9001/3.0/users/826", "verified_on": "2005-08-01T07:49:23"},
        {"email": "test@example.com", "http_etag": "\"8eb0d3aa0520ebb3f97234bda0df6eada78e30ff\"",
        "original_email": "test@example.com", "registered_on": "2005-08-01T07:49:23",
        "self_link": "http://localhost:9001/3.0/addresses/test@example.com", "user":
        "http://localhost:9001/3.0/users/826", "verified_on": "2005-08-01T07:49:23"}],
        "http_etag": "\"fc19a39d38786dc8ae305c600b7e9f655e546107\"", "start": 0, "total_size":
        2}'}
    headers:
      content-length: ['754']
      content-type: [application/json; charset=utf-8]
    status: {code: 200, message: OK}
- request:
    body: null
    headers:
      accept-encoding: ['gzip, deflate']
    method: !!python/unicode GET
    uri: http://localhost:9001/3.0/addresses/fritz@example.org
  response:
    body: {string: !!python/unicode '{"email": "fritz@example.org", "http_etag": "\"d18c608b7c453a87c476905c2729176e741ce1f2\"",
        "original_email": "fritz@example.org", "registered_on": "2005-08-01T07:49:23",
        "self_link": "http://localhost:9001/3.0/addresses/fritz@example.org", "user":
        "http://localhost:9001/3.0/users/826", "verified_on": "2005-08-01T07:49:23"}'}
    headers:
      content-length: ['325']
      content-type: [application/json; charset=utf-8]
    status: {code: 200, message: OK}
- request:
    body: null
    headers:
      accept-encoding: ['gzip, deflate']
    method: !!python/unicode GET
    uri: http://localhost:9001/3.0/addresses/test@example.com
  response:
    body: {string: !!python/unicode '{"email": "test@example.com", "http_etag": "\"8eb0d3aa0520ebb3f97234bda0df6eada78e30ff\"",
        "original_email": "test@example.com", "registered_on": "2005-08-01T07:49:23",
        "self_link": "http://localhost:9001/3.0/addresses/test@example.com", "user":
        "http://localhost:9001/3.0/users/826", "verified_on": "2005-08-01T07:49:23"}'}
    headers:
      content-length: ['322']
      content-type: [application/json; charset=utf-8]
    status: {code: 200, message: OK}
- request:
    body: null
    headers:
      accept-encoding: ['gzip, deflate']
    method: !!python/unicode GET
    uri: http://localhost:9001/3.0/lists/open_list.example.com/roster/owner
  response:
    body: {string: !!python/unicode '{"http_etag": "\"32223434a0f3af4cdc4673d1fbc5bac1f6d98fd3\"",
        "start": 0, "total_size": 0}'}
    headers:
      content-length: ['90']
      content-type: [application/json; charset=utf-8]
    status: {code: 200, message: OK}
- request:
    body: null
    headers:
      accept-encoding: ['gzip, deflate']
    method: !!python/unicode GET
    uri: http://localhost:9001/3.0/lists/open_list.example.com/roster/moderator
  response:
    body: {string: !!python/unicode '{"http_etag": "\"32223434a0f3af4cdc4673d1fbc5bac1f6d98fd3\"",
        "start": 0, "total_size": 0}'}
    headers:
      content-length: ['90']
      content-type: [application/json; charset=utf-8]
    status: {code: 200, message: OK}
- request:
    body: null
    headers:
      accept-encoding: ['gzip, deflate']
    method: !!python/unicode GET
    uri: http://localhost:9001/3.0/lists/open_list.example.com/member/test@example.com
  response:
    body: {string: !!python/unicode '{"address": "http://localhost:9001/3.0/addresses/test@example.com",
        "delivery_mode": "regular", "email": "test@example.com", "http_etag": "\"d893be4718f8d703cd6da03ddfadcb01ac49ea8e\"",
        "list_id": "open_list.example.com", "member_id": 1202, "role": "member", "self_link":
        "http://localhost:9001/3.0/members/1202", "user": "http://localhost:9001/3.0/users/826"}'}
    headers:
      content-length: ['360']
      content-type: [application/json; charset=utf-8]
    status: {code: 200, message: OK}
- request:
    body: null
    headers:
      accept-encoding: ['gzip, deflate']
    method: !!python/unicode GET
    uri: http://localhost:9001/3.0/lists/open_list@example.com/config
  response:
    body: {string: !!python/unicode '{"acceptable_aliases": [], "admin_immed_notify":
        true, "admin_notify_mchanges": false, "administrivia": true, "advertised":
        true, "allow_list_posts": true, "anonymous_list": false, "archive_policy":
        "public", "autorespond_owner": "none", "autorespond_postings": "none", "autorespond_requests":
        "none", "autoresponse_grace_period": "90d", "autoresponse_owner_text": "",
        "autoresponse_postings_text": "", "autoresponse_request_text": "", "bounces_address":
        "open_list-bounces@example.com", "collapse_alternatives": true, "convert_html_to_plaintext":
        false, "created_at": "2005-08-01T07:49:23", "default_member_action": "defer",
        "default_nonmember_action": "hold", "description": "", "digest_last_sent_at":
        null, "digest_size_threshold": 30.0, "display_name": "Open_list", "filter_content":
        false, "first_strip_reply_to": false, "fqdn_listname": "open_list@example.com",
        "http_etag": "\"a740af21268a8ea9831a971aa83ab61bc3768cc1\"", "include_rfc2369_headers":
        true, "join_address": "open_list-join@example.com", "last_post_at": null,
        "leave_address": "open_list-leave@example.com", "list_name": "open_list",
        "mail_host": "example.com", "next_digest_number": 1, "no_reply_address": "noreply@example.com",
        "owner_address": "open_list-owner@example.com", "post_id": 1, "posting_address":
        "open_list@example.com", "posting_pipeline": "default-posting-pipeline", "reply_goes_to_list":
        "no_munging", "reply_to_address": "", "request_address": "open_list-request@example.com",
        "scheme": "http", "send_welcome_message": true, "subject_prefix": "[Open_list]
        ", "subscription_policy": "open", "volume": 1, "web_host": "example.com",
        "welcome_message_uri": "mailman:///welcome.txt"}'}
    headers:
      content-length: ['1667']
      content-type: [application/json; charset=utf-8]
    status: {code: 200, message: OK}
version: 1
